******************************************************************************
                  TI ARM Linker PC v16.9.4                     
******************************************************************************
>> Linked Fri Dec 04 18:46:05 2020

OUTPUT FILE NAME:   <FREERTOS_LAB1.out>
ENTRY POINT SYMBOL: "_c_int00"  address: 00002a0d


MEMORY CONFIGURATION

         name            origin    length      used     unused   attr    fill
----------------------  --------  ---------  --------  --------  ----  --------
  FLASH                 00000000   00040000  00002ba8  0003d458  R  X
  SRAM                  20000000   00008000  00005160  00002ea0  RW X


SEGMENT ALLOCATION MAP

run origin  load origin   length   init length attrs members
----------  ----------- ---------- ----------- ----- -------
00000000    00000000    00002bb0   00002bb0    r-x
  00000000    00000000    0000026c   0000026c    r-- .intvecs
  0000026c    0000026c    000028ea   000028ea    r-x .text
  00002b58    00002b58    0000000a   0000000a    r-- .const
  00002b68    00002b68    00000048   00000048    r-- .cinit
20000000    20000000    00005160   00000000    rw-
  20000000    20000000    00004f00   00000000    rw- .bss
  20004f00    20004f00    00000200   00000000    rw- .stack
  20005100    20005100    00000060   00000000    rw- .data


SECTION ALLOCATION MAP

 output                                  attributes/
section   page    origin      length       input sections
--------  ----  ----------  ----------   ----------------
.intvecs   0    00000000    0000026c     
                  00000000    0000026c     tm4c1231h6pm_startup_ccs.obj (.intvecs)

.text      0    0000026c    000028ea     
                  0000026c    000019e4     tasks.obj (.text)
                  00001c50    000004f0     DIO.obj (.text)
                  00002140    000001cc     heap_2.obj (.text)
                  0000230c    000001b8     port.obj (.text)
                  000024c4    00000132     list.obj (.text)
                  000025f6    00000002     rtsv7M4_T_le_v4SPD16_eabi.lib : mpu_init.obj (.text)
                  000025f8    000000d4     main.obj (.text)
                  000026cc    000000d2     portasm.obj (.text)
                  0000279e    0000009c     rtsv7M4_T_le_v4SPD16_eabi.lib : memcpy_t2.obj (.text)
                  0000283a    00000002                                   : startup.obj (.text)
                  0000283c    0000007c     PLL.obj (.text)
                  000028b8    0000007a     rtsv7M4_T_le_v4SPD16_eabi.lib : memset_t2.obj (.text)
                  00002932    00000002     --HOLE-- [fill = 0]
                  00002934    00000070                                   : autoinit.obj (.text)
                  000029a4    00000068                                   : copy_decompress_lzss.obj (.text:decompress:lzss)
                  00002a0c    00000054                                   : boot.obj (.text)
                  00002a60    00000054                                   : exit.obj (.text)
                  00002ab4    0000004c                                   : cpy_tbl.obj (.text)
                  00002b00    00000018                                   : args_main.obj (.text)
                  00002b18    00000014                                   : _lock.obj (.text)
                  00002b2c    0000000e                                   : copy_decompress_none.obj (.text:decompress:none)
                  00002b3a    0000000c                                   : copy_zero_init.obj (.text:decompress:ZI)
                  00002b46    0000000c     tm4c1231h6pm_startup_ccs.obj (.text)
                  00002b52    00000004     rtsv7M4_T_le_v4SPD16_eabi.lib : pre_init.obj (.text)

.const     0    00002b58    0000000a     
                  00002b58    00000008     port.obj (.const)
                  00002b60    00000002     heap_2.obj (.const)

.cinit     0    00002b68    00000048     
                  00002b68    00000023     (.cinit..data.load) [load image, compression = lzss]
                  00002b8b    00000001     --HOLE-- [fill = 0]
                  00002b8c    0000000c     (__TI_handler_table)
                  00002b98    00000008     (.cinit..bss.load) [load image, compression = zero_init]
                  00002ba0    00000010     (__TI_cinit_table)

.init_array 
*          0    00000000    00000000     UNINITIALIZED

.bss       0    20000000    00004f00     UNINITIALIZED
                  20000000    00004e20     heap_2.obj (.bss:ucHeap)
                  20004e20    00000064     tasks.obj (.bss:pxReadyTasksLists)
                  20004e84    00000014     tasks.obj (.bss:xDelayedTaskList1)
                  20004e98    00000014     tasks.obj (.bss:xDelayedTaskList2)
                  20004eac    00000014     tasks.obj (.bss:xPendingReadyList)
                  20004ec0    00000014     tasks.obj (.bss:xSuspendedTaskList)
                  20004ed4    00000014     tasks.obj (.bss:xTasksWaitingTermination)
                  20004ee8    00000008     tasks.obj (.bss)
                  20004ef0    00000008     heap_2.obj (.bss:xEnd)
                  20004ef8    00000008     heap_2.obj (.bss:xStart)

.stack     0    20004f00    00000200     UNINITIALIZED
                  20004f00    00000200     --HOLE--

.data      0    20005100    00000060     UNINITIALIZED
                  20005100    00000034     tasks.obj (.data)
                  20005134    0000000c     rtsv7M4_T_le_v4SPD16_eabi.lib : exit.obj (.data:$O1$$)
                  20005140    0000000c     port.obj (.data)
                  2000514c    00000008     rtsv7M4_T_le_v4SPD16_eabi.lib : _lock.obj (.data:$O1$$)
                  20005154    00000008     heap_2.obj (.data)
                  2000515c    00000004     rtsv7M4_T_le_v4SPD16_eabi.lib : stkdepth_vars.obj (.data)

MODULE SUMMARY

       Module                         code    ro data   rw data
       ------                         ----    -------   -------
    .\
       heap_2.obj                     460     2         20024  
       tasks.obj                      6628    0         260    
       DIO.obj                        1264    0         0      
       tm4c1231h6pm_startup_ccs.obj   12      620       0      
       port.obj                       440     8         12     
       list.obj                       306     0         0      
       main.obj                       212     0         0      
       portasm.obj                    210     0         0      
       PLL.obj                        124     0         0      
    +--+------------------------------+-------+---------+---------+
       Total:                         9656    630       20296  
                                                               
    C:\ti\ccsv7\tools\compiler\ti-cgt-arm_16.9.4.LTS\lib\rtsv7M4_T_le_v4SPD16_eabi.lib
       memcpy_t2.obj                  156     0         0      
       memset_t2.obj                  122     0         0      
       autoinit.obj                   112     0         0      
       copy_decompress_lzss.obj       104     0         0      
       exit.obj                       84      0         12     
       boot.obj                       84      0         0      
       cpy_tbl.obj                    76      0         0      
       _lock.obj                      20      0         8      
       args_main.obj                  24      0         0      
       copy_decompress_none.obj       14      0         0      
       copy_zero_init.obj             12      0         0      
       pre_init.obj                   4       0         0      
       stkdepth_vars.obj              0       0         4      
       mpu_init.obj                   2       0         0      
       startup.obj                    2       0         0      
    +--+------------------------------+-------+---------+---------+
       Total:                         816     0         24     
                                                               
       Stack:                         0       0         512    
       Linker Generated:              0       71        0      
    +--+------------------------------+-------+---------+---------+
       Grand Total:                   10472   701       20832  


LINKER GENERATED COPY TABLES

__TI_cinit_table @ 00002ba0 records: 2, size/record: 8, table size: 16
	.data: load addr=00002b68, load size=00000023 bytes, run addr=20005100, run size=00000060 bytes, compression=lzss
	.bss: load addr=00002b98, load size=00000008 bytes, run addr=20000000, run size=00004f00 bytes, compression=zero_init


LINKER GENERATED HANDLER TABLE

__TI_handler_table @ 00002b8c records: 3, size/record: 4, table size: 12
	index: 0, handler: __TI_decompress_lzss
	index: 1, handler: __TI_decompress_none
	index: 2, handler: __TI_zero_init


GLOBAL SYMBOLS: SORTED ALPHABETICALLY BY Name 

address   name                             
-------   ----                             
00002a61  C$$EXIT                          
00002035  DIO_PortDirection                
00001c51  DIO_PortInit                     
00001e6b  DIO_PortRead                     
00001f09  DIO_PortWrite                    
000025f9  LED1                             
0000261f  LED2                             
0000283d  PLL_Set80                        
00002b47  ResetISR                         
UNDEFED   SHT$$INIT_ARRAY$$Base            
UNDEFED   SHT$$INIT_ARRAY$$Limit           
20005100  __STACK_END                      
00000200  __STACK_SIZE                     
20005100  __STACK_TOP                      
00002ba0  __TI_CINIT_Base                  
00002bb0  __TI_CINIT_Limit                 
00002b8c  __TI_Handler_Table_Base          
00002b98  __TI_Handler_Table_Limit         
00002935  __TI_auto_init                   
20005134  __TI_cleanup_ptr                 
000029a5  __TI_decompress_lzss             
00002b2d  __TI_decompress_none             
20005138  __TI_dtors_ptr                   
2000513c  __TI_enable_exit_profile_output  
ffffffff  __TI_pprof_out_hndl              
ffffffff  __TI_prof_data_size              
ffffffff  __TI_prof_data_start             
00000000  __TI_static_base__               
00002b3b  __TI_zero_init                   
000028b9  __aeabi_memclr                   
000028b9  __aeabi_memclr4                  
000028b9  __aeabi_memclr8                  
0000279f  __aeabi_memcpy                   
0000279f  __aeabi_memcpy4                  
0000279f  __aeabi_memcpy8                  
000028bb  __aeabi_memset                   
000028bb  __aeabi_memset4                  
000028bb  __aeabi_memset8                  
ffffffff  __binit__                        
ffffffff  __c_args__                       
000025f7  __mpu_init                       
20004f00  __stack                          
00002b01  _args_main                       
00002a0d  _c_int00                         
2000514c  _lock                            
00002b27  _nop                             
00002b1f  _register_lock                   
00002b19  _register_unlock                 
0000283b  _system_post_cinit               
00002b53  _system_pre_init                 
20005150  _unlock                          
00002a65  abort                            
ffffffff  binit                            
00002ab5  copy_in                          
000005f1  eTaskGetState                    
00002a6d  exit                             
00000000  g_pfnVectors                     
00002655  main                             
2000515c  main_func_sp                     
0000279f  memcpy                           
000028c1  memset                           
00000bc5  pcTaskGetName                    
00002141  pvPortMalloc                     
00001731  pvTaskIncrementMutexHeldCount    
20005100  pxCurrentTCB                     
0000230d  pxPortInitialiseStack            
00002b58  ulMaxSyscallInterruptPriority    
000026dd  ulPortGetIPSR                    
00001749  ulTaskNotifyTake                 
000025af  uxListRemove                     
00000bbf  uxTaskGetNumberOfTasks           
00001519  uxTaskGetStackHighWaterMark      
00000d49  uxTaskGetSystemState             
00001281  uxTaskGetTaskNumber              
00000681  uxTaskPriorityGet                
000006b1  uxTaskPriorityGetFromISR         
0000170b  uxTaskResetEventItemValue        
000024c5  vListInitialise                  
000024f5  vListInitialiseItem              
00002541  vListInsert                      
00002505  vListInsertEnd                   
00002791  vPortEnableVFP                   
0000240b  vPortEndScheduler                
0000240d  vPortEnterCritical               
0000242d  vPortExitCritical                
00002247  vPortFree                        
000022af  vPortInitialiseBlocks            
00002755  vPortSVCHandler                  
00002469  vPortSetupTimerInterrupt         
00002775  vPortStartFirstTask              
00002477  vPortValidateInterruptPriority   
000005b3  vTaskDelay                       
00000505  vTaskDelayUntil                  
00000475  vTaskDelete                      
00000a61  vTaskEndScheduler                
00001395  vTaskGetInfo                     
00001279  vTaskMissedYield                 
00001a95  vTaskNotifyGiveFromISR           
0000104f  vTaskPlaceOnEventList            
0000106f  vTaskPlaceOnUnorderedEventList   
000015ed  vTaskPriorityInherit             
00000705  vTaskPrioritySet                 
000008f1  vTaskResume                      
000012a1  vTaskSetTaskNumber               
000011b9  vTaskSetTimeOutState             
00000a11  vTaskStartScheduler              
0000080d  vTaskSuspend                     
00000a7d  vTaskSuspendAll                  
00000fc9  vTaskSwitchContext               
000022a9  xPortGetFreeHeapSize             
000026f5  xPortPendSVHandler               
00002377  xPortStartScheduler              
00002443  xPortSysTickHandler              
00000e2d  xTaskAbortDelay                  
000011d3  xTaskCheckForTimeOut             
0000026d  xTaskCreate                      
0000188d  xTaskGenericNotify               
0000197d  xTaskGenericNotifyFromISR        
0000158f  xTaskGetCurrentTaskHandle        
00000cc1  xTaskGetHandle                   
00000e21  xTaskGetIdleTaskHandle           
000015bd  xTaskGetSchedulerState           
00000b79  xTaskGetTickCount                
00000b91  xTaskGetTickCountFromISR         
00000eb5  xTaskIncrementTick               
00001b4b  xTaskNotifyStateClear            
000017d1  xTaskNotifyWait                  
0000168b  xTaskPriorityDisinherit          
000010a5  xTaskRemoveFromEventList         
00001135  xTaskRemoveFromUnorderedEventList
00000a91  xTaskResumeAll                   
00000977  xTaskResumeFromISR               


GLOBAL SYMBOLS: SORTED BY Symbol Address 

address   name                             
-------   ----                             
00000000  __TI_static_base__               
00000000  g_pfnVectors                     
00000200  __STACK_SIZE                     
0000026d  xTaskCreate                      
00000475  vTaskDelete                      
00000505  vTaskDelayUntil                  
000005b3  vTaskDelay                       
000005f1  eTaskGetState                    
00000681  uxTaskPriorityGet                
000006b1  uxTaskPriorityGetFromISR         
00000705  vTaskPrioritySet                 
0000080d  vTaskSuspend                     
000008f1  vTaskResume                      
00000977  xTaskResumeFromISR               
00000a11  vTaskStartScheduler              
00000a61  vTaskEndScheduler                
00000a7d  vTaskSuspendAll                  
00000a91  xTaskResumeAll                   
00000b79  xTaskGetTickCount                
00000b91  xTaskGetTickCountFromISR         
00000bbf  uxTaskGetNumberOfTasks           
00000bc5  pcTaskGetName                    
00000cc1  xTaskGetHandle                   
00000d49  uxTaskGetSystemState             
00000e21  xTaskGetIdleTaskHandle           
00000e2d  xTaskAbortDelay                  
00000eb5  xTaskIncrementTick               
00000fc9  vTaskSwitchContext               
0000104f  vTaskPlaceOnEventList            
0000106f  vTaskPlaceOnUnorderedEventList   
000010a5  xTaskRemoveFromEventList         
00001135  xTaskRemoveFromUnorderedEventList
000011b9  vTaskSetTimeOutState             
000011d3  xTaskCheckForTimeOut             
00001279  vTaskMissedYield                 
00001281  uxTaskGetTaskNumber              
000012a1  vTaskSetTaskNumber               
00001395  vTaskGetInfo                     
00001519  uxTaskGetStackHighWaterMark      
0000158f  xTaskGetCurrentTaskHandle        
000015bd  xTaskGetSchedulerState           
000015ed  vTaskPriorityInherit             
0000168b  xTaskPriorityDisinherit          
0000170b  uxTaskResetEventItemValue        
00001731  pvTaskIncrementMutexHeldCount    
00001749  ulTaskNotifyTake                 
000017d1  xTaskNotifyWait                  
0000188d  xTaskGenericNotify               
0000197d  xTaskGenericNotifyFromISR        
00001a95  vTaskNotifyGiveFromISR           
00001b4b  xTaskNotifyStateClear            
00001c51  DIO_PortInit                     
00001e6b  DIO_PortRead                     
00001f09  DIO_PortWrite                    
00002035  DIO_PortDirection                
00002141  pvPortMalloc                     
00002247  vPortFree                        
000022a9  xPortGetFreeHeapSize             
000022af  vPortInitialiseBlocks            
0000230d  pxPortInitialiseStack            
00002377  xPortStartScheduler              
0000240b  vPortEndScheduler                
0000240d  vPortEnterCritical               
0000242d  vPortExitCritical                
00002443  xPortSysTickHandler              
00002469  vPortSetupTimerInterrupt         
00002477  vPortValidateInterruptPriority   
000024c5  vListInitialise                  
000024f5  vListInitialiseItem              
00002505  vListInsertEnd                   
00002541  vListInsert                      
000025af  uxListRemove                     
000025f7  __mpu_init                       
000025f9  LED1                             
0000261f  LED2                             
00002655  main                             
000026dd  ulPortGetIPSR                    
000026f5  xPortPendSVHandler               
00002755  vPortSVCHandler                  
00002775  vPortStartFirstTask              
00002791  vPortEnableVFP                   
0000279f  __aeabi_memcpy                   
0000279f  __aeabi_memcpy4                  
0000279f  __aeabi_memcpy8                  
0000279f  memcpy                           
0000283b  _system_post_cinit               
0000283d  PLL_Set80                        
000028b9  __aeabi_memclr                   
000028b9  __aeabi_memclr4                  
000028b9  __aeabi_memclr8                  
000028bb  __aeabi_memset                   
000028bb  __aeabi_memset4                  
000028bb  __aeabi_memset8                  
000028c1  memset                           
00002935  __TI_auto_init                   
000029a5  __TI_decompress_lzss             
00002a0d  _c_int00                         
00002a61  C$$EXIT                          
00002a65  abort                            
00002a6d  exit                             
00002ab5  copy_in                          
00002b01  _args_main                       
00002b19  _register_unlock                 
00002b1f  _register_lock                   
00002b27  _nop                             
00002b2d  __TI_decompress_none             
00002b3b  __TI_zero_init                   
00002b47  ResetISR                         
00002b53  _system_pre_init                 
00002b58  ulMaxSyscallInterruptPriority    
00002b8c  __TI_Handler_Table_Base          
00002b98  __TI_Handler_Table_Limit         
00002ba0  __TI_CINIT_Base                  
00002bb0  __TI_CINIT_Limit                 
20004f00  __stack                          
20005100  __STACK_END                      
20005100  __STACK_TOP                      
20005100  pxCurrentTCB                     
20005134  __TI_cleanup_ptr                 
20005138  __TI_dtors_ptr                   
2000513c  __TI_enable_exit_profile_output  
2000514c  _lock                            
20005150  _unlock                          
2000515c  main_func_sp                     
ffffffff  __TI_pprof_out_hndl              
ffffffff  __TI_prof_data_size              
ffffffff  __TI_prof_data_start             
ffffffff  __binit__                        
ffffffff  __c_args__                       
ffffffff  binit                            
UNDEFED   SHT$$INIT_ARRAY$$Base            
UNDEFED   SHT$$INIT_ARRAY$$Limit           

[132 symbols]
