<?xml version="1.0"?>
<link_info>
   <banner>TI ARM Linker PC v16.9.4.LTS</banner>
   <copyright>Copyright (c) 1996-2017 Texas Instruments Incorporated</copyright>
   <link_time>0x5fca67cd</link_time>
   <link_errors>0x0</link_errors>
   <output_file>FREERTOS_LAB1.out</output_file>
   <entry_point>
      <name>_c_int00</name>
      <address>0x2a0d</address>
   </entry_point>
   <input_file_list>
      <input_file id="fl-2">
         <path>.\</path>
         <kind>object</kind>
         <file>DIO.obj</file>
         <name>DIO.obj</name>
      </input_file>
      <input_file id="fl-3">
         <path>.\</path>
         <kind>object</kind>
         <file>PLL.obj</file>
         <name>PLL.obj</name>
      </input_file>
      <input_file id="fl-4">
         <path>.\</path>
         <kind>object</kind>
         <file>heap_2.obj</file>
         <name>heap_2.obj</name>
      </input_file>
      <input_file id="fl-5">
         <path>.\</path>
         <kind>object</kind>
         <file>list.obj</file>
         <name>list.obj</name>
      </input_file>
      <input_file id="fl-6">
         <path>.\</path>
         <kind>object</kind>
         <file>main.obj</file>
         <name>main.obj</name>
      </input_file>
      <input_file id="fl-7">
         <path>.\</path>
         <kind>object</kind>
         <file>port.obj</file>
         <name>port.obj</name>
      </input_file>
      <input_file id="fl-8">
         <path>.\</path>
         <kind>object</kind>
         <file>portasm.obj</file>
         <name>portasm.obj</name>
      </input_file>
      <input_file id="fl-9">
         <path>.\</path>
         <kind>object</kind>
         <file>queue.obj</file>
         <name>queue.obj</name>
      </input_file>
      <input_file id="fl-a">
         <path>.\</path>
         <kind>object</kind>
         <file>tasks.obj</file>
         <name>tasks.obj</name>
      </input_file>
      <input_file id="fl-b">
         <path>.\</path>
         <kind>object</kind>
         <file>tm4c1231h6pm_startup_ccs.obj</file>
         <name>tm4c1231h6pm_startup_ccs.obj</name>
      </input_file>
      <input_file id="fl-f">
         <kind>object</kind>
         <file>&lt;internal&gt;</file>
         <name>&lt;internal&gt;</name>
      </input_file>
      <input_file id="fl-c5">
         <path>C:\ti\ccsv7\tools\compiler\ti-cgt-arm_16.9.4.LTS\lib\</path>
         <kind>archive</kind>
         <file>rtsv7M4_T_le_v4SPD16_eabi.lib</file>
         <name>boot.obj</name>
      </input_file>
      <input_file id="fl-c6">
         <path>C:\ti\ccsv7\tools\compiler\ti-cgt-arm_16.9.4.LTS\lib\</path>
         <kind>archive</kind>
         <file>rtsv7M4_T_le_v4SPD16_eabi.lib</file>
         <name>copy_decompress_lzss.obj</name>
      </input_file>
      <input_file id="fl-c7">
         <path>C:\ti\ccsv7\tools\compiler\ti-cgt-arm_16.9.4.LTS\lib\</path>
         <kind>archive</kind>
         <file>rtsv7M4_T_le_v4SPD16_eabi.lib</file>
         <name>copy_decompress_none.obj</name>
      </input_file>
      <input_file id="fl-c8">
         <path>C:\ti\ccsv7\tools\compiler\ti-cgt-arm_16.9.4.LTS\lib\</path>
         <kind>archive</kind>
         <file>rtsv7M4_T_le_v4SPD16_eabi.lib</file>
         <name>copy_zero_init.obj</name>
      </input_file>
      <input_file id="fl-c9">
         <path>C:\ti\ccsv7\tools\compiler\ti-cgt-arm_16.9.4.LTS\lib\</path>
         <kind>archive</kind>
         <file>rtsv7M4_T_le_v4SPD16_eabi.lib</file>
         <name>exit.obj</name>
      </input_file>
      <input_file id="fl-ca">
         <path>C:\ti\ccsv7\tools\compiler\ti-cgt-arm_16.9.4.LTS\lib\</path>
         <kind>archive</kind>
         <file>rtsv7M4_T_le_v4SPD16_eabi.lib</file>
         <name>memcpy_t2.obj</name>
      </input_file>
      <input_file id="fl-cb">
         <path>C:\ti\ccsv7\tools\compiler\ti-cgt-arm_16.9.4.LTS\lib\</path>
         <kind>archive</kind>
         <file>rtsv7M4_T_le_v4SPD16_eabi.lib</file>
         <name>memset_t2.obj</name>
      </input_file>
      <input_file id="fl-cc">
         <path>C:\ti\ccsv7\tools\compiler\ti-cgt-arm_16.9.4.LTS\lib\</path>
         <kind>archive</kind>
         <file>rtsv7M4_T_le_v4SPD16_eabi.lib</file>
         <name>mpu_init.obj</name>
      </input_file>
      <input_file id="fl-cd">
         <path>C:\ti\ccsv7\tools\compiler\ti-cgt-arm_16.9.4.LTS\lib\</path>
         <kind>archive</kind>
         <file>rtsv7M4_T_le_v4SPD16_eabi.lib</file>
         <name>pre_init.obj</name>
      </input_file>
      <input_file id="fl-ce">
         <path>C:\ti\ccsv7\tools\compiler\ti-cgt-arm_16.9.4.LTS\lib\</path>
         <kind>archive</kind>
         <file>rtsv7M4_T_le_v4SPD16_eabi.lib</file>
         <name>stkdepth_vars.obj</name>
      </input_file>
      <input_file id="fl-cf">
         <path>C:\ti\ccsv7\tools\compiler\ti-cgt-arm_16.9.4.LTS\lib\</path>
         <kind>archive</kind>
         <file>rtsv7M4_T_le_v4SPD16_eabi.lib</file>
         <name>_lock.obj</name>
      </input_file>
      <input_file id="fl-d0">
         <path>C:\ti\ccsv7\tools\compiler\ti-cgt-arm_16.9.4.LTS\lib\</path>
         <kind>archive</kind>
         <file>rtsv7M4_T_le_v4SPD16_eabi.lib</file>
         <name>args_main.obj</name>
      </input_file>
      <input_file id="fl-d1">
         <path>C:\ti\ccsv7\tools\compiler\ti-cgt-arm_16.9.4.LTS\lib\</path>
         <kind>archive</kind>
         <file>rtsv7M4_T_le_v4SPD16_eabi.lib</file>
         <name>autoinit.obj</name>
      </input_file>
      <input_file id="fl-d2">
         <path>C:\ti\ccsv7\tools\compiler\ti-cgt-arm_16.9.4.LTS\lib\</path>
         <kind>archive</kind>
         <file>rtsv7M4_T_le_v4SPD16_eabi.lib</file>
         <name>cpy_tbl.obj</name>
      </input_file>
      <input_file id="fl-d3">
         <path>C:\ti\ccsv7\tools\compiler\ti-cgt-arm_16.9.4.LTS\lib\</path>
         <kind>archive</kind>
         <file>rtsv7M4_T_le_v4SPD16_eabi.lib</file>
         <name>startup.obj</name>
      </input_file>
   </input_file_list>
   <object_component_list>
      <object_component id="oc-f">
         <name>.intvecs</name>
         <load_address>0x0</load_address>
         <run_address>0x0</run_address>
         <size>0x26c</size>
         <input_file_ref idref="fl-b"/>
      </object_component>
      <object_component id="oc-8b">
         <name>.text</name>
         <load_address>0x26c</load_address>
         <run_address>0x26c</run_address>
         <size>0x19e4</size>
         <input_file_ref idref="fl-a"/>
      </object_component>
      <object_component id="oc-12d">
         <name>.text</name>
         <load_address>0x1c50</load_address>
         <run_address>0x1c50</run_address>
         <size>0x4f0</size>
         <input_file_ref idref="fl-2"/>
      </object_component>
      <object_component id="oc-eb">
         <name>.text</name>
         <load_address>0x2140</load_address>
         <run_address>0x2140</run_address>
         <size>0x1cc</size>
         <input_file_ref idref="fl-4"/>
      </object_component>
      <object_component id="oc-36">
         <name>.text</name>
         <load_address>0x230c</load_address>
         <run_address>0x230c</run_address>
         <size>0x1b8</size>
         <input_file_ref idref="fl-7"/>
      </object_component>
      <object_component id="oc-f1">
         <name>.text</name>
         <load_address>0x24c4</load_address>
         <run_address>0x24c4</run_address>
         <size>0x132</size>
         <input_file_ref idref="fl-5"/>
      </object_component>
      <object_component id="oc-62">
         <name>.text</name>
         <load_address>0x25f6</load_address>
         <run_address>0x25f6</run_address>
         <size>0x2</size>
         <input_file_ref idref="fl-cc"/>
      </object_component>
      <object_component id="oc-ce">
         <name>.text</name>
         <load_address>0x25f8</load_address>
         <run_address>0x25f8</run_address>
         <size>0xd4</size>
         <input_file_ref idref="fl-6"/>
      </object_component>
      <object_component id="oc-31">
         <name>.text</name>
         <load_address>0x26cc</load_address>
         <run_address>0x26cc</run_address>
         <size>0xd2</size>
         <input_file_ref idref="fl-8"/>
      </object_component>
      <object_component id="oc-4a">
         <name>.text</name>
         <load_address>0x279e</load_address>
         <run_address>0x279e</run_address>
         <size>0x9c</size>
         <input_file_ref idref="fl-ca"/>
      </object_component>
      <object_component id="oc-c6">
         <name>.text</name>
         <load_address>0x283a</load_address>
         <run_address>0x283a</run_address>
         <size>0x2</size>
         <input_file_ref idref="fl-d3"/>
      </object_component>
      <object_component id="oc-133">
         <name>.text</name>
         <load_address>0x283c</load_address>
         <run_address>0x283c</run_address>
         <size>0x7c</size>
         <input_file_ref idref="fl-3"/>
      </object_component>
      <object_component id="oc-56">
         <name>.text</name>
         <load_address>0x28b8</load_address>
         <run_address>0x28b8</run_address>
         <size>0x7a</size>
         <input_file_ref idref="fl-cb"/>
      </object_component>
      <object_component id="oc-6e">
         <name>.text</name>
         <load_address>0x2934</load_address>
         <run_address>0x2934</run_address>
         <size>0x70</size>
         <input_file_ref idref="fl-d1"/>
      </object_component>
      <object_component id="oc-12">
         <name>.text:decompress:lzss</name>
         <load_address>0x29a4</load_address>
         <run_address>0x29a4</run_address>
         <size>0x68</size>
         <input_file_ref idref="fl-c6"/>
      </object_component>
      <object_component id="oc-24">
         <name>.text</name>
         <load_address>0x2a0c</load_address>
         <run_address>0x2a0c</run_address>
         <size>0x54</size>
         <input_file_ref idref="fl-c5"/>
      </object_component>
      <object_component id="oc-7a">
         <name>.text</name>
         <load_address>0x2a60</load_address>
         <run_address>0x2a60</run_address>
         <size>0x54</size>
         <input_file_ref idref="fl-c9"/>
      </object_component>
      <object_component id="oc-c0">
         <name>.text</name>
         <load_address>0x2ab4</load_address>
         <run_address>0x2ab4</run_address>
         <size>0x4c</size>
         <input_file_ref idref="fl-d2"/>
      </object_component>
      <object_component id="oc-74">
         <name>.text</name>
         <load_address>0x2b00</load_address>
         <run_address>0x2b00</run_address>
         <size>0x18</size>
         <input_file_ref idref="fl-d0"/>
      </object_component>
      <object_component id="oc-149">
         <name>.text</name>
         <load_address>0x2b18</load_address>
         <run_address>0x2b18</run_address>
         <size>0x14</size>
         <input_file_ref idref="fl-cf"/>
      </object_component>
      <object_component id="oc-18">
         <name>.text:decompress:none</name>
         <load_address>0x2b2c</load_address>
         <run_address>0x2b2c</run_address>
         <size>0xe</size>
         <input_file_ref idref="fl-c7"/>
      </object_component>
      <object_component id="oc-1e">
         <name>.text:decompress:ZI</name>
         <load_address>0x2b3a</load_address>
         <run_address>0x2b3a</run_address>
         <size>0xc</size>
         <input_file_ref idref="fl-c8"/>
      </object_component>
      <object_component id="oc-2b">
         <name>.text</name>
         <load_address>0x2b46</load_address>
         <run_address>0x2b46</run_address>
         <size>0xc</size>
         <input_file_ref idref="fl-b"/>
      </object_component>
      <object_component id="oc-68">
         <name>.text</name>
         <load_address>0x2b52</load_address>
         <run_address>0x2b52</run_address>
         <size>0x4</size>
         <input_file_ref idref="fl-cd"/>
      </object_component>
      <object_component id="oc-88">
         <name>.const</name>
         <load_address>0x2b58</load_address>
         <run_address>0x2b58</run_address>
         <size>0x8</size>
         <input_file_ref idref="fl-7"/>
      </object_component>
      <object_component id="oc-169">
         <name>.const</name>
         <load_address>0x2b60</load_address>
         <run_address>0x2b60</run_address>
         <size>0x2</size>
         <input_file_ref idref="fl-4"/>
      </object_component>
      <object_component id="oc-1d0">
         <name>.cinit..data.load</name>
         <load_address>0x2b68</load_address>
         <run_address>0x2b68</run_address>
         <size>0x23</size>
      </object_component>
      <object_component id="oc-1ce">
         <name>__TI_handler_table</name>
         <load_address>0x2b8c</load_address>
         <run_address>0x2b8c</run_address>
         <size>0xc</size>
      </object_component>
      <object_component id="oc-1d1">
         <name>.cinit..bss.load</name>
         <load_address>0x2b98</load_address>
         <run_address>0x2b98</run_address>
         <size>0x8</size>
      </object_component>
      <object_component id="oc-1cf">
         <name>__TI_cinit_table</name>
         <load_address>0x2ba0</load_address>
         <run_address>0x2ba0</run_address>
         <size>0x10</size>
      </object_component>
      <object_component id="oc-166">
         <name>.data</name>
         <load_address>0x20005154</load_address>
         <run_address>0x20005154</run_address>
         <size>0x8</size>
         <input_file_ref idref="fl-4"/>
      </object_component>
      <object_component id="oc-92">
         <name>.data</name>
         <load_address>0x20005140</load_address>
         <run_address>0x20005140</run_address>
         <size>0xc</size>
         <input_file_ref idref="fl-7"/>
      </object_component>
      <object_component id="oc-85">
         <name>.data</name>
         <load_address>0x20005100</load_address>
         <run_address>0x20005100</run_address>
         <size>0x34</size>
         <input_file_ref idref="fl-a"/>
      </object_component>
      <object_component id="oc-d6">
         <name>.data:$O1$$</name>
         <load_address>0x20005134</load_address>
         <run_address>0x20005134</run_address>
         <size>0xc</size>
         <input_file_ref idref="fl-c9"/>
      </object_component>
      <object_component id="oc-80">
         <name>.data</name>
         <load_address>0x2000515c</load_address>
         <run_address>0x2000515c</run_address>
         <size>0x4</size>
         <input_file_ref idref="fl-ce"/>
      </object_component>
      <object_component id="oc-d9">
         <name>.data:$O1$$</name>
         <load_address>0x2000514c</load_address>
         <run_address>0x2000514c</run_address>
         <size>0x8</size>
         <input_file_ref idref="fl-cf"/>
      </object_component>
      <object_component id="oc-172">
         <name>.bss:ucHeap</name>
         <uninitialized>true</uninitialized>
         <run_address>0x20000000</run_address>
         <size>0x4e20</size>
         <input_file_ref idref="fl-4"/>
      </object_component>
      <object_component id="oc-16c">
         <name>.bss:xStart</name>
         <uninitialized>true</uninitialized>
         <run_address>0x20004ef8</run_address>
         <size>0x8</size>
         <input_file_ref idref="fl-4"/>
      </object_component>
      <object_component id="oc-16f">
         <name>.bss:xEnd</name>
         <uninitialized>true</uninitialized>
         <run_address>0x20004ef0</run_address>
         <size>0x8</size>
         <input_file_ref idref="fl-4"/>
      </object_component>
      <object_component id="oc-f7">
         <name>.bss:pxReadyTasksLists</name>
         <uninitialized>true</uninitialized>
         <run_address>0x20004e20</run_address>
         <size>0x64</size>
         <input_file_ref idref="fl-a"/>
      </object_component>
      <object_component id="oc-106">
         <name>.bss:xDelayedTaskList1</name>
         <uninitialized>true</uninitialized>
         <run_address>0x20004e84</run_address>
         <size>0x14</size>
         <input_file_ref idref="fl-a"/>
      </object_component>
      <object_component id="oc-109">
         <name>.bss:xDelayedTaskList2</name>
         <uninitialized>true</uninitialized>
         <run_address>0x20004e98</run_address>
         <size>0x14</size>
         <input_file_ref idref="fl-a"/>
      </object_component>
      <object_component id="oc-fd">
         <name>.bss</name>
         <uninitialized>true</uninitialized>
         <run_address>0x20004ee8</run_address>
         <size>0x8</size>
         <input_file_ref idref="fl-a"/>
      </object_component>
      <object_component id="oc-103">
         <name>.bss:xPendingReadyList</name>
         <uninitialized>true</uninitialized>
         <run_address>0x20004eac</run_address>
         <size>0x14</size>
         <input_file_ref idref="fl-a"/>
      </object_component>
      <object_component id="oc-fa">
         <name>.bss:xTasksWaitingTermination</name>
         <uninitialized>true</uninitialized>
         <run_address>0x20004ed4</run_address>
         <size>0x14</size>
         <input_file_ref idref="fl-a"/>
      </object_component>
      <object_component id="oc-100">
         <name>.bss:xSuspendedTaskList</name>
         <uninitialized>true</uninitialized>
         <run_address>0x20004ec0</run_address>
         <size>0x14</size>
         <input_file_ref idref="fl-a"/>
      </object_component>
      <object_component id="oc-2a">
         <name>.stack</name>
         <uninitialized>true</uninitialized>
         <run_address>0x20004f00</run_address>
         <size>0x0</size>
         <input_file_ref idref="fl-c5"/>
      </object_component>
      <object_component id="oc-1d2">
         <name>.stack</name>
         <uninitialized>true</uninitialized>
         <run_address>0x20004f00</run_address>
         <size>0x0</size>
      </object_component>
      <object_component id="oc-19a">
         <name>.debug_info</name>
         <load_address>0x0</load_address>
         <run_address>0x0</run_address>
         <size>0x27a</size>
         <input_file_ref idref="fl-2"/>
      </object_component>
      <object_component id="oc-12e">
         <name>.debug_info</name>
         <load_address>0x27a</load_address>
         <run_address>0x27a</run_address>
         <size>0x3d5</size>
         <input_file_ref idref="fl-2"/>
      </object_component>
      <object_component id="oc-45">
         <name>.debug_info</name>
         <load_address>0x64f</load_address>
         <run_address>0x64f</run_address>
         <size>0x84</size>
         <input_file_ref idref="fl-2"/>
      </object_component>
      <object_component id="oc-13b">
         <name>.debug_info</name>
         <load_address>0x6d3</load_address>
         <run_address>0x6d3</run_address>
         <size>0x53</size>
         <input_file_ref idref="fl-2"/>
      </object_component>
      <object_component id="oc-135">
         <name>.debug_info</name>
         <load_address>0x726</load_address>
         <run_address>0x726</run_address>
         <size>0x120</size>
         <input_file_ref idref="fl-3"/>
      </object_component>
      <object_component id="oc-11b">
         <name>.debug_info</name>
         <load_address>0x846</load_address>
         <run_address>0x846</run_address>
         <size>0x3f3</size>
         <input_file_ref idref="fl-4"/>
      </object_component>
      <object_component id="oc-173">
         <name>.debug_info</name>
         <load_address>0xc39</load_address>
         <run_address>0xc39</run_address>
         <size>0xf4</size>
         <input_file_ref idref="fl-4"/>
      </object_component>
      <object_component id="oc-16a">
         <name>.debug_info</name>
         <load_address>0xd2d</load_address>
         <run_address>0xd2d</run_address>
         <size>0x106</size>
         <input_file_ref idref="fl-4"/>
      </object_component>
      <object_component id="oc-16d">
         <name>.debug_info</name>
         <load_address>0xe33</load_address>
         <run_address>0xe33</run_address>
         <size>0xf4</size>
         <input_file_ref idref="fl-4"/>
      </object_component>
      <object_component id="oc-170">
         <name>.debug_info</name>
         <load_address>0xf27</load_address>
         <run_address>0xf27</run_address>
         <size>0xf0</size>
         <input_file_ref idref="fl-4"/>
      </object_component>
      <object_component id="oc-167">
         <name>.debug_info</name>
         <load_address>0x1017</load_address>
         <run_address>0x1017</run_address>
         <size>0x10e</size>
         <input_file_ref idref="fl-4"/>
      </object_component>
      <object_component id="oc-ec">
         <name>.debug_info</name>
         <load_address>0x1125</load_address>
         <run_address>0x1125</run_address>
         <size>0x51f</size>
         <input_file_ref idref="fl-4"/>
      </object_component>
      <object_component id="oc-e4">
         <name>.debug_info</name>
         <load_address>0x1644</load_address>
         <run_address>0x1644</run_address>
         <size>0x30c</size>
         <input_file_ref idref="fl-4"/>
      </object_component>
      <object_component id="oc-161">
         <name>.debug_info</name>
         <load_address>0x1950</load_address>
         <run_address>0x1950</run_address>
         <size>0x110</size>
         <input_file_ref idref="fl-4"/>
      </object_component>
      <object_component id="oc-116">
         <name>.debug_info</name>
         <load_address>0x1a60</load_address>
         <run_address>0x1a60</run_address>
         <size>0x3cd</size>
         <input_file_ref idref="fl-4"/>
      </object_component>
      <object_component id="oc-188">
         <name>.debug_info</name>
         <load_address>0x1e2d</load_address>
         <run_address>0x1e2d</run_address>
         <size>0x62</size>
         <input_file_ref idref="fl-4"/>
      </object_component>
      <object_component id="oc-97">
         <name>.debug_info</name>
         <load_address>0x1e8f</load_address>
         <run_address>0x1e8f</run_address>
         <size>0x2c</size>
         <input_file_ref idref="fl-4"/>
      </object_component>
      <object_component id="oc-a1">
         <name>.debug_info</name>
         <load_address>0x1ebb</load_address>
         <run_address>0x1ebb</run_address>
         <size>0x18b</size>
         <input_file_ref idref="fl-4"/>
      </object_component>
      <object_component id="oc-9c">
         <name>.debug_info</name>
         <load_address>0x2046</load_address>
         <run_address>0x2046</run_address>
         <size>0x53</size>
         <input_file_ref idref="fl-4"/>
      </object_component>
      <object_component id="oc-111">
         <name>.debug_info</name>
         <load_address>0x2099</load_address>
         <run_address>0x2099</run_address>
         <size>0x14c</size>
         <input_file_ref idref="fl-4"/>
      </object_component>
      <object_component id="oc-177">
         <name>.debug_info</name>
         <load_address>0x21e5</load_address>
         <run_address>0x21e5</run_address>
         <size>0x35b</size>
         <input_file_ref idref="fl-5"/>
      </object_component>
      <object_component id="oc-f2">
         <name>.debug_info</name>
         <load_address>0x2540</load_address>
         <run_address>0x2540</run_address>
         <size>0x46c</size>
         <input_file_ref idref="fl-5"/>
      </object_component>
      <object_component id="oc-13a">
         <name>.debug_info</name>
         <load_address>0x29ac</load_address>
         <run_address>0x29ac</run_address>
         <size>0x504</size>
         <input_file_ref idref="fl-6"/>
      </object_component>
      <object_component id="oc-d0">
         <name>.debug_info</name>
         <load_address>0x2eb0</load_address>
         <run_address>0x2eb0</run_address>
         <size>0x3b5</size>
         <input_file_ref idref="fl-6"/>
      </object_component>
      <object_component id="oc-96">
         <name>.debug_info</name>
         <load_address>0x3265</load_address>
         <run_address>0x3265</run_address>
         <size>0x46c</size>
         <input_file_ref idref="fl-7"/>
      </object_component>
      <object_component id="oc-89">
         <name>.debug_info</name>
         <load_address>0x36d1</load_address>
         <run_address>0x36d1</run_address>
         <size>0x169</size>
         <input_file_ref idref="fl-7"/>
      </object_component>
      <object_component id="oc-93">
         <name>.debug_info</name>
         <load_address>0x383a</load_address>
         <run_address>0x383a</run_address>
         <size>0x174</size>
         <input_file_ref idref="fl-7"/>
      </object_component>
      <object_component id="oc-38">
         <name>.debug_info</name>
         <load_address>0x39ae</load_address>
         <run_address>0x39ae</run_address>
         <size>0x657</size>
         <input_file_ref idref="fl-7"/>
      </object_component>
      <object_component id="oc-33">
         <name>.debug_info</name>
         <load_address>0x4005</load_address>
         <run_address>0x4005</run_address>
         <size>0x259</size>
         <input_file_ref idref="fl-8"/>
      </object_component>
      <object_component id="oc-e3">
         <name>.debug_info</name>
         <load_address>0x425e</load_address>
         <run_address>0x425e</run_address>
         <size>0x7b5</size>
         <input_file_ref idref="fl-a"/>
      </object_component>
      <object_component id="oc-86">
         <name>.debug_info</name>
         <load_address>0x4a13</load_address>
         <run_address>0x4a13</run_address>
         <size>0x363</size>
         <input_file_ref idref="fl-a"/>
      </object_component>
      <object_component id="oc-f8">
         <name>.debug_info</name>
         <load_address>0x4d76</load_address>
         <run_address>0x4d76</run_address>
         <size>0x10a</size>
         <input_file_ref idref="fl-a"/>
      </object_component>
      <object_component id="oc-107">
         <name>.debug_info</name>
         <load_address>0x4e80</load_address>
         <run_address>0x4e80</run_address>
         <size>0x10a</size>
         <input_file_ref idref="fl-a"/>
      </object_component>
      <object_component id="oc-10a">
         <name>.debug_info</name>
         <load_address>0x4f8a</load_address>
         <run_address>0x4f8a</run_address>
         <size>0x10a</size>
         <input_file_ref idref="fl-a"/>
      </object_component>
      <object_component id="oc-fe">
         <name>.debug_info</name>
         <load_address>0x5094</load_address>
         <run_address>0x5094</run_address>
         <size>0x14d</size>
         <input_file_ref idref="fl-a"/>
      </object_component>
      <object_component id="oc-104">
         <name>.debug_info</name>
         <load_address>0x51e1</load_address>
         <run_address>0x51e1</run_address>
         <size>0x10a</size>
         <input_file_ref idref="fl-a"/>
      </object_component>
      <object_component id="oc-fb">
         <name>.debug_info</name>
         <load_address>0x52eb</load_address>
         <run_address>0x52eb</run_address>
         <size>0x118</size>
         <input_file_ref idref="fl-a"/>
      </object_component>
      <object_component id="oc-101">
         <name>.debug_info</name>
         <load_address>0x5403</load_address>
         <run_address>0x5403</run_address>
         <size>0x10c</size>
         <input_file_ref idref="fl-a"/>
      </object_component>
      <object_component id="oc-8c">
         <name>.debug_info</name>
         <load_address>0x550f</load_address>
         <run_address>0x550f</run_address>
         <size>0x47c4</size>
         <input_file_ref idref="fl-a"/>
      </object_component>
      <object_component id="oc-157">
         <name>.debug_info</name>
         <load_address>0x9cd3</load_address>
         <run_address>0x9cd3</run_address>
         <size>0x46</size>
         <input_file_ref idref="fl-a"/>
      </object_component>
      <object_component id="oc-15c">
         <name>.debug_info</name>
         <load_address>0x9d19</load_address>
         <run_address>0x9d19</run_address>
         <size>0x15b</size>
         <input_file_ref idref="fl-a"/>
      </object_component>
      <object_component id="oc-3e">
         <name>.debug_info</name>
         <load_address>0x9e74</load_address>
         <run_address>0x9e74</run_address>
         <size>0x342</size>
         <input_file_ref idref="fl-b"/>
      </object_component>
      <object_component id="oc-10">
         <name>.debug_info</name>
         <load_address>0xa1b6</load_address>
         <run_address>0xa1b6</run_address>
         <size>0x113</size>
         <input_file_ref idref="fl-b"/>
      </object_component>
      <object_component id="oc-2f">
         <name>.debug_info</name>
         <load_address>0xa2c9</load_address>
         <run_address>0xa2c9</run_address>
         <size>0x28f</size>
         <input_file_ref idref="fl-b"/>
      </object_component>
      <object_component id="oc-25">
         <name>.debug_info</name>
         <load_address>0xa558</load_address>
         <run_address>0xa558</run_address>
         <size>0x160</size>
         <input_file_ref idref="fl-c5"/>
      </object_component>
      <object_component id="oc-ad">
         <name>.debug_info</name>
         <load_address>0xa6b8</load_address>
         <run_address>0xa6b8</run_address>
         <size>0x293</size>
         <input_file_ref idref="fl-c6"/>
      </object_component>
      <object_component id="oc-15">
         <name>.debug_info</name>
         <load_address>0xa94b</load_address>
         <run_address>0xa94b</run_address>
         <size>0x245</size>
         <input_file_ref idref="fl-c6"/>
      </object_component>
      <object_component id="oc-40">
         <name>.debug_info</name>
         <load_address>0xab90</load_address>
         <run_address>0xab90</run_address>
         <size>0x60</size>
         <input_file_ref idref="fl-c6"/>
      </object_component>
      <object_component id="oc-a8">
         <name>.debug_info</name>
         <load_address>0xabf0</load_address>
         <run_address>0xabf0</run_address>
         <size>0x46</size>
         <input_file_ref idref="fl-c6"/>
      </object_component>
      <object_component id="oc-55">
         <name>.debug_info</name>
         <load_address>0xac36</load_address>
         <run_address>0xac36</run_address>
         <size>0x2da</size>
         <input_file_ref idref="fl-c7"/>
      </object_component>
      <object_component id="oc-1a">
         <name>.debug_info</name>
         <load_address>0xaf10</load_address>
         <run_address>0xaf10</run_address>
         <size>0x1df</size>
         <input_file_ref idref="fl-c7"/>
      </object_component>
      <object_component id="oc-50">
         <name>.debug_info</name>
         <load_address>0xb0ef</load_address>
         <run_address>0xb0ef</run_address>
         <size>0x46</size>
         <input_file_ref idref="fl-c7"/>
      </object_component>
      <object_component id="oc-af">
         <name>.debug_info</name>
         <load_address>0xb135</load_address>
         <run_address>0xb135</run_address>
         <size>0x2c</size>
         <input_file_ref idref="fl-c7"/>
      </object_component>
      <object_component id="oc-61">
         <name>.debug_info</name>
         <load_address>0xb161</load_address>
         <run_address>0xb161</run_address>
         <size>0x2c9</size>
         <input_file_ref idref="fl-c8"/>
      </object_component>
      <object_component id="oc-21">
         <name>.debug_info</name>
         <load_address>0xb42a</load_address>
         <run_address>0xb42a</run_address>
         <size>0x1aa</size>
         <input_file_ref idref="fl-c8"/>
      </object_component>
      <object_component id="oc-5c">
         <name>.debug_info</name>
         <load_address>0xb5d4</load_address>
         <run_address>0xb5d4</run_address>
         <size>0x46</size>
         <input_file_ref idref="fl-c8"/>
      </object_component>
      <object_component id="oc-b7">
         <name>.debug_info</name>
         <load_address>0xb61a</load_address>
         <run_address>0xb61a</run_address>
         <size>0x2c</size>
         <input_file_ref idref="fl-c8"/>
      </object_component>
      <object_component id="oc-dd">
         <name>.debug_info</name>
         <load_address>0xb646</load_address>
         <run_address>0xb646</run_address>
         <size>0x3ce</size>
         <input_file_ref idref="fl-c9"/>
      </object_component>
      <object_component id="oc-d7">
         <name>.debug_info</name>
         <load_address>0xba14</load_address>
         <run_address>0xba14</run_address>
         <size>0x185</size>
         <input_file_ref idref="fl-c9"/>
      </object_component>
      <object_component id="oc-7d">
         <name>.debug_info</name>
         <load_address>0xbb99</load_address>
         <run_address>0xbb99</run_address>
         <size>0x214</size>
         <input_file_ref idref="fl-c9"/>
      </object_component>
      <object_component id="oc-4b">
         <name>.debug_info</name>
         <load_address>0xbdad</load_address>
         <run_address>0xbdad</run_address>
         <size>0x111</size>
         <input_file_ref idref="fl-ca"/>
      </object_component>
      <object_component id="oc-58">
         <name>.debug_info</name>
         <load_address>0xbebe</load_address>
         <run_address>0xbebe</run_address>
         <size>0x13f</size>
         <input_file_ref idref="fl-cb"/>
      </object_component>
      <object_component id="oc-63">
         <name>.debug_info</name>
         <load_address>0xbffd</load_address>
         <run_address>0xbffd</run_address>
         <size>0x138</size>
         <input_file_ref idref="fl-cc"/>
      </object_component>
      <object_component id="oc-69">
         <name>.debug_info</name>
         <load_address>0xc135</load_address>
         <run_address>0xc135</run_address>
         <size>0x148</size>
         <input_file_ref idref="fl-cd"/>
      </object_component>
      <object_component id="oc-81">
         <name>.debug_info</name>
         <load_address>0xc27d</load_address>
         <run_address>0xc27d</run_address>
         <size>0x109</size>
         <input_file_ref idref="fl-ce"/>
      </object_component>
      <object_component id="oc-151">
         <name>.debug_info</name>
         <load_address>0xc386</load_address>
         <run_address>0xc386</run_address>
         <size>0x2be</size>
         <input_file_ref idref="fl-cf"/>
      </object_component>
      <object_component id="oc-da">
         <name>.debug_info</name>
         <load_address>0xc644</load_address>
         <run_address>0xc644</run_address>
         <size>0x113</size>
         <input_file_ref idref="fl-cf"/>
      </object_component>
      <object_component id="oc-14d">
         <name>.debug_info</name>
         <load_address>0xc757</load_address>
         <run_address>0xc757</run_address>
         <size>0x21f</size>
         <input_file_ref idref="fl-cf"/>
      </object_component>
      <object_component id="oc-d5">
         <name>.debug_info</name>
         <load_address>0xc976</load_address>
         <run_address>0xc976</run_address>
         <size>0x300</size>
         <input_file_ref idref="fl-d0"/>
      </object_component>
      <object_component id="oc-75">
         <name>.debug_info</name>
         <load_address>0xcc76</load_address>
         <run_address>0xcc76</run_address>
         <size>0x167</size>
         <input_file_ref idref="fl-d0"/>
      </object_component>
      <object_component id="oc-142">
         <name>.debug_info</name>
         <load_address>0xcddd</load_address>
         <run_address>0xcddd</run_address>
         <size>0x5e</size>
         <input_file_ref idref="fl-d0"/>
      </object_component>
      <object_component id="oc-cd">
         <name>.debug_info</name>
         <load_address>0xce3b</load_address>
         <run_address>0xce3b</run_address>
         <size>0x483</size>
         <input_file_ref idref="fl-d1"/>
      </object_component>
      <object_component id="oc-6f">
         <name>.debug_info</name>
         <load_address>0xd2be</load_address>
         <run_address>0xd2be</run_address>
         <size>0x190</size>
         <input_file_ref idref="fl-d1"/>
      </object_component>
      <object_component id="oc-123">
         <name>.debug_info</name>
         <load_address>0xd44e</load_address>
         <run_address>0xd44e</run_address>
         <size>0x39</size>
         <input_file_ref idref="fl-d1"/>
      </object_component>
      <object_component id="oc-194">
         <name>.debug_info</name>
         <load_address>0xd487</load_address>
         <run_address>0xd487</run_address>
         <size>0x39</size>
         <input_file_ref idref="fl-d1"/>
      </object_component>
      <object_component id="oc-128">
         <name>.debug_info</name>
         <load_address>0xd4c0</load_address>
         <run_address>0xd4c0</run_address>
         <size>0xcd</size>
         <input_file_ref idref="fl-d1"/>
      </object_component>
      <object_component id="oc-11f">
         <name>.debug_info</name>
         <load_address>0xd58d</load_address>
         <run_address>0xd58d</run_address>
         <size>0x37a</size>
         <input_file_ref idref="fl-d2"/>
      </object_component>
      <object_component id="oc-c4">
         <name>.debug_info</name>
         <load_address>0xd907</load_address>
         <run_address>0xd907</run_address>
         <size>0x183</size>
         <input_file_ref idref="fl-d2"/>
      </object_component>
      <object_component id="oc-18f">
         <name>.debug_info</name>
         <load_address>0xda8a</load_address>
         <run_address>0xda8a</run_address>
         <size>0x2c</size>
         <input_file_ref idref="fl-d2"/>
      </object_component>
      <object_component id="oc-c7">
         <name>.debug_info</name>
         <load_address>0xdab6</load_address>
         <run_address>0xdab6</run_address>
         <size>0x145</size>
         <input_file_ref idref="fl-d3"/>
      </object_component>
      <object_component id="oc-1d3">
         <name>.debug_info</name>
         <load_address>0xdbfb</load_address>
         <run_address>0xdbfb</run_address>
         <size>0xc9</size>
      </object_component>
      <object_component id="oc-1ae">
         <name>.debug_line</name>
         <load_address>0x0</load_address>
         <run_address>0x0</run_address>
         <size>0x20</size>
         <input_file_ref idref="fl-2"/>
      </object_component>
      <object_component id="oc-131">
         <name>.debug_line</name>
         <load_address>0x20</load_address>
         <run_address>0x20</run_address>
         <size>0x185</size>
         <input_file_ref idref="fl-2"/>
      </object_component>
      <object_component id="oc-48">
         <name>.debug_line</name>
         <load_address>0x1a5</load_address>
         <run_address>0x1a5</run_address>
         <size>0x20</size>
         <input_file_ref idref="fl-2"/>
      </object_component>
      <object_component id="oc-13e">
         <name>.debug_line</name>
         <load_address>0x1c5</load_address>
         <run_address>0x1c5</run_address>
         <size>0x2e</size>
         <input_file_ref idref="fl-2"/>
      </object_component>
      <object_component id="oc-137">
         <name>.debug_line</name>
         <load_address>0x1f3</load_address>
         <run_address>0x1f3</run_address>
         <size>0x50</size>
         <input_file_ref idref="fl-3"/>
      </object_component>
      <object_component id="oc-187">
         <name>.debug_line</name>
         <load_address>0x243</load_address>
         <run_address>0x243</run_address>
         <size>0x2d</size>
         <input_file_ref idref="fl-4"/>
      </object_component>
      <object_component id="oc-1aa">
         <name>.debug_line</name>
         <load_address>0x270</load_address>
         <run_address>0x270</run_address>
         <size>0x2f</size>
         <input_file_ref idref="fl-4"/>
      </object_component>
      <object_component id="oc-1a4">
         <name>.debug_line</name>
         <load_address>0x29f</load_address>
         <run_address>0x29f</run_address>
         <size>0x2f</size>
         <input_file_ref idref="fl-4"/>
      </object_component>
      <object_component id="oc-1a6">
         <name>.debug_line</name>
         <load_address>0x2ce</load_address>
         <run_address>0x2ce</run_address>
         <size>0x2f</size>
         <input_file_ref idref="fl-4"/>
      </object_component>
      <object_component id="oc-1a8">
         <name>.debug_line</name>
         <load_address>0x2fd</load_address>
         <run_address>0x2fd</run_address>
         <size>0x2f</size>
         <input_file_ref idref="fl-4"/>
      </object_component>
      <object_component id="oc-1a2">
         <name>.debug_line</name>
         <load_address>0x32c</load_address>
         <run_address>0x32c</run_address>
         <size>0x2f</size>
         <input_file_ref idref="fl-4"/>
      </object_component>
      <object_component id="oc-f0">
         <name>.debug_line</name>
         <load_address>0x35b</load_address>
         <run_address>0x35b</run_address>
         <size>0x102</size>
         <input_file_ref idref="fl-4"/>
      </object_component>
      <object_component id="oc-e7">
         <name>.debug_line</name>
         <load_address>0x45d</load_address>
         <run_address>0x45d</run_address>
         <size>0x2d</size>
         <input_file_ref idref="fl-4"/>
      </object_component>
      <object_component id="oc-164">
         <name>.debug_line</name>
         <load_address>0x48a</load_address>
         <run_address>0x48a</run_address>
         <size>0x65</size>
         <input_file_ref idref="fl-4"/>
      </object_component>
      <object_component id="oc-119">
         <name>.debug_line</name>
         <load_address>0x4ef</load_address>
         <run_address>0x4ef</run_address>
         <size>0x31</size>
         <input_file_ref idref="fl-4"/>
      </object_component>
      <object_component id="oc-18b">
         <name>.debug_line</name>
         <load_address>0x520</load_address>
         <run_address>0x520</run_address>
         <size>0x2f</size>
         <input_file_ref idref="fl-4"/>
      </object_component>
      <object_component id="oc-9a">
         <name>.debug_line</name>
         <load_address>0x54f</load_address>
         <run_address>0x54f</run_address>
         <size>0x31</size>
         <input_file_ref idref="fl-4"/>
      </object_component>
      <object_component id="oc-a4">
         <name>.debug_line</name>
         <load_address>0x580</load_address>
         <run_address>0x580</run_address>
         <size>0x65</size>
         <input_file_ref idref="fl-4"/>
      </object_component>
      <object_component id="oc-9f">
         <name>.debug_line</name>
         <load_address>0x5e5</load_address>
         <run_address>0x5e5</run_address>
         <size>0x32</size>
         <input_file_ref idref="fl-4"/>
      </object_component>
      <object_component id="oc-114">
         <name>.debug_line</name>
         <load_address>0x617</load_address>
         <run_address>0x617</run_address>
         <size>0x2d</size>
         <input_file_ref idref="fl-4"/>
      </object_component>
      <object_component id="oc-1ac">
         <name>.debug_line</name>
         <load_address>0x644</load_address>
         <run_address>0x644</run_address>
         <size>0x20</size>
         <input_file_ref idref="fl-5"/>
      </object_component>
      <object_component id="oc-f6">
         <name>.debug_line</name>
         <load_address>0x664</load_address>
         <run_address>0x664</run_address>
         <size>0xe5</size>
         <input_file_ref idref="fl-5"/>
      </object_component>
      <object_component id="oc-19d">
         <name>.debug_line</name>
         <load_address>0x749</load_address>
         <run_address>0x749</run_address>
         <size>0x45</size>
         <input_file_ref idref="fl-6"/>
      </object_component>
      <object_component id="oc-cf">
         <name>.debug_line</name>
         <load_address>0x78e</load_address>
         <run_address>0x78e</run_address>
         <size>0x90</size>
         <input_file_ref idref="fl-6"/>
      </object_component>
      <object_component id="oc-110">
         <name>.debug_line</name>
         <load_address>0x81e</load_address>
         <run_address>0x81e</run_address>
         <size>0x3a</size>
         <input_file_ref idref="fl-7"/>
      </object_component>
      <object_component id="oc-ea">
         <name>.debug_line</name>
         <load_address>0x858</load_address>
         <run_address>0x858</run_address>
         <size>0x2d</size>
         <input_file_ref idref="fl-7"/>
      </object_component>
      <object_component id="oc-10e">
         <name>.debug_line</name>
         <load_address>0x885</load_address>
         <run_address>0x885</run_address>
         <size>0x2d</size>
         <input_file_ref idref="fl-7"/>
      </object_component>
      <object_component id="oc-37">
         <name>.debug_line</name>
         <load_address>0x8b2</load_address>
         <run_address>0x8b2</run_address>
         <size>0x15e</size>
         <input_file_ref idref="fl-7"/>
      </object_component>
      <object_component id="oc-32">
         <name>.debug_line</name>
         <load_address>0xa10</load_address>
         <run_address>0xa10</run_address>
         <size>0xc9</size>
         <input_file_ref idref="fl-8"/>
      </object_component>
      <object_component id="oc-156">
         <name>.debug_line</name>
         <load_address>0xad9</load_address>
         <run_address>0xad9</run_address>
         <size>0x95</size>
         <input_file_ref idref="fl-a"/>
      </object_component>
      <object_component id="oc-e2">
         <name>.debug_line</name>
         <load_address>0xb6e</load_address>
         <run_address>0xb6e</run_address>
         <size>0x2e</size>
         <input_file_ref idref="fl-a"/>
      </object_component>
      <object_component id="oc-179">
         <name>.debug_line</name>
         <load_address>0xb9c</load_address>
         <run_address>0xb9c</run_address>
         <size>0x2e</size>
         <input_file_ref idref="fl-a"/>
      </object_component>
      <object_component id="oc-183">
         <name>.debug_line</name>
         <load_address>0xbca</load_address>
         <run_address>0xbca</run_address>
         <size>0x2e</size>
         <input_file_ref idref="fl-a"/>
      </object_component>
      <object_component id="oc-185">
         <name>.debug_line</name>
         <load_address>0xbf8</load_address>
         <run_address>0xbf8</run_address>
         <size>0x2e</size>
         <input_file_ref idref="fl-a"/>
      </object_component>
      <object_component id="oc-17d">
         <name>.debug_line</name>
         <load_address>0xc26</load_address>
         <run_address>0xc26</run_address>
         <size>0x2e</size>
         <input_file_ref idref="fl-a"/>
      </object_component>
      <object_component id="oc-181">
         <name>.debug_line</name>
         <load_address>0xc54</load_address>
         <run_address>0xc54</run_address>
         <size>0x2e</size>
         <input_file_ref idref="fl-a"/>
      </object_component>
      <object_component id="oc-17b">
         <name>.debug_line</name>
         <load_address>0xc82</load_address>
         <run_address>0xc82</run_address>
         <size>0x2e</size>
         <input_file_ref idref="fl-a"/>
      </object_component>
      <object_component id="oc-17f">
         <name>.debug_line</name>
         <load_address>0xcb0</load_address>
         <run_address>0xcb0</run_address>
         <size>0x2e</size>
         <input_file_ref idref="fl-a"/>
      </object_component>
      <object_component id="oc-8f">
         <name>.debug_line</name>
         <load_address>0xcde</load_address>
         <run_address>0xcde</run_address>
         <size>0xd7f</size>
         <input_file_ref idref="fl-a"/>
      </object_component>
      <object_component id="oc-15a">
         <name>.debug_line</name>
         <load_address>0x1a5d</load_address>
         <run_address>0x1a5d</run_address>
         <size>0x2f</size>
         <input_file_ref idref="fl-a"/>
      </object_component>
      <object_component id="oc-15f">
         <name>.debug_line</name>
         <load_address>0x1a8c</load_address>
         <run_address>0x1a8c</run_address>
         <size>0x2e</size>
         <input_file_ref idref="fl-a"/>
      </object_component>
      <object_component id="oc-a7">
         <name>.debug_line</name>
         <load_address>0x1aba</load_address>
         <run_address>0x1aba</run_address>
         <size>0x41</size>
         <input_file_ref idref="fl-b"/>
      </object_component>
      <object_component id="oc-3d">
         <name>.debug_line</name>
         <load_address>0x1afb</load_address>
         <run_address>0x1afb</run_address>
         <size>0x41</size>
         <input_file_ref idref="fl-b"/>
      </object_component>
      <object_component id="oc-2d">
         <name>.debug_line</name>
         <load_address>0x1b3c</load_address>
         <run_address>0x1b3c</run_address>
         <size>0xa1</size>
         <input_file_ref idref="fl-b"/>
      </object_component>
      <object_component id="oc-28">
         <name>.debug_line</name>
         <load_address>0x1bdd</load_address>
         <run_address>0x1bdd</run_address>
         <size>0x53</size>
         <input_file_ref idref="fl-c5"/>
      </object_component>
      <object_component id="oc-11d">
         <name>.debug_line</name>
         <load_address>0x1c30</load_address>
         <run_address>0x1c30</run_address>
         <size>0x20</size>
         <input_file_ref idref="fl-c6"/>
      </object_component>
      <object_component id="oc-14">
         <name>.debug_line</name>
         <load_address>0x1c50</load_address>
         <run_address>0x1c50</run_address>
         <size>0xa9</size>
         <input_file_ref idref="fl-c6"/>
      </object_component>
      <object_component id="oc-43">
         <name>.debug_line</name>
         <load_address>0x1cf9</load_address>
         <run_address>0x1cf9</run_address>
         <size>0x3a</size>
         <input_file_ref idref="fl-c6"/>
      </object_component>
      <object_component id="oc-ab">
         <name>.debug_line</name>
         <load_address>0x1d33</load_address>
         <run_address>0x1d33</run_address>
         <size>0x8a</size>
         <input_file_ref idref="fl-c6"/>
      </object_component>
      <object_component id="oc-b5">
         <name>.debug_line</name>
         <load_address>0x1dbd</load_address>
         <run_address>0x1dbd</run_address>
         <size>0x8a</size>
         <input_file_ref idref="fl-c7"/>
      </object_component>
      <object_component id="oc-1c">
         <name>.debug_line</name>
         <load_address>0x1e47</load_address>
         <run_address>0x1e47</run_address>
         <size>0x55</size>
         <input_file_ref idref="fl-c7"/>
      </object_component>
      <object_component id="oc-53">
         <name>.debug_line</name>
         <load_address>0x1e9c</load_address>
         <run_address>0x1e9c</run_address>
         <size>0x3a</size>
         <input_file_ref idref="fl-c7"/>
      </object_component>
      <object_component id="oc-b2">
         <name>.debug_line</name>
         <load_address>0x1ed6</load_address>
         <run_address>0x1ed6</run_address>
         <size>0x8a</size>
         <input_file_ref idref="fl-c7"/>
      </object_component>
      <object_component id="oc-bd">
         <name>.debug_line</name>
         <load_address>0x1f60</load_address>
         <run_address>0x1f60</run_address>
         <size>0x8a</size>
         <input_file_ref idref="fl-c8"/>
      </object_component>
      <object_component id="oc-23">
         <name>.debug_line</name>
         <load_address>0x1fea</load_address>
         <run_address>0x1fea</run_address>
         <size>0x4f</size>
         <input_file_ref idref="fl-c8"/>
      </object_component>
      <object_component id="oc-5f">
         <name>.debug_line</name>
         <load_address>0x2039</load_address>
         <run_address>0x2039</run_address>
         <size>0x34</size>
         <input_file_ref idref="fl-c8"/>
      </object_component>
      <object_component id="oc-ba">
         <name>.debug_line</name>
         <load_address>0x206d</load_address>
         <run_address>0x206d</run_address>
         <size>0x8a</size>
         <input_file_ref idref="fl-c8"/>
      </object_component>
      <object_component id="oc-154">
         <name>.debug_line</name>
         <load_address>0x20f7</load_address>
         <run_address>0x20f7</run_address>
         <size>0xf2</size>
         <input_file_ref idref="fl-c9"/>
      </object_component>
      <object_component id="oc-148">
         <name>.debug_line</name>
         <load_address>0x21e9</load_address>
         <run_address>0x21e9</run_address>
         <size>0x2a</size>
         <input_file_ref idref="fl-c9"/>
      </object_component>
      <object_component id="oc-7f">
         <name>.debug_line</name>
         <load_address>0x2213</load_address>
         <run_address>0x2213</run_address>
         <size>0x86</size>
         <input_file_ref idref="fl-c9"/>
      </object_component>
      <object_component id="oc-4e">
         <name>.debug_line</name>
         <load_address>0x2299</load_address>
         <run_address>0x2299</run_address>
         <size>0x88</size>
         <input_file_ref idref="fl-ca"/>
      </object_component>
      <object_component id="oc-5a">
         <name>.debug_line</name>
         <load_address>0x2321</load_address>
         <run_address>0x2321</run_address>
         <size>0x79</size>
         <input_file_ref idref="fl-cb"/>
      </object_component>
      <object_component id="oc-67">
         <name>.debug_line</name>
         <load_address>0x239a</load_address>
         <run_address>0x239a</run_address>
         <size>0x3d</size>
         <input_file_ref idref="fl-cc"/>
      </object_component>
      <object_component id="oc-6c">
         <name>.debug_line</name>
         <load_address>0x23d7</load_address>
         <run_address>0x23d7</run_address>
         <size>0x40</size>
         <input_file_ref idref="fl-cd"/>
      </object_component>
      <object_component id="oc-e0">
         <name>.debug_line</name>
         <load_address>0x2417</load_address>
         <run_address>0x2417</run_address>
         <size>0x33</size>
         <input_file_ref idref="fl-ce"/>
      </object_component>
      <object_component id="oc-1a0">
         <name>.debug_line</name>
         <load_address>0x244a</load_address>
         <run_address>0x244a</run_address>
         <size>0x20</size>
         <input_file_ref idref="fl-cf"/>
      </object_component>
      <object_component id="oc-150">
         <name>.debug_line</name>
         <load_address>0x246a</load_address>
         <run_address>0x246a</run_address>
         <size>0x2b</size>
         <input_file_ref idref="fl-cf"/>
      </object_component>
      <object_component id="oc-14c">
         <name>.debug_line</name>
         <load_address>0x2495</load_address>
         <run_address>0x2495</run_address>
         <size>0x68</size>
         <input_file_ref idref="fl-cf"/>
      </object_component>
      <object_component id="oc-141">
         <name>.debug_line</name>
         <load_address>0x24fd</load_address>
         <run_address>0x24fd</run_address>
         <size>0x2b</size>
         <input_file_ref idref="fl-d0"/>
      </object_component>
      <object_component id="oc-78">
         <name>.debug_line</name>
         <load_address>0x2528</load_address>
         <run_address>0x2528</run_address>
         <size>0x4a</size>
         <input_file_ref idref="fl-d0"/>
      </object_component>
      <object_component id="oc-145">
         <name>.debug_line</name>
         <load_address>0x2572</load_address>
         <run_address>0x2572</run_address>
         <size>0x2b</size>
         <input_file_ref idref="fl-d0"/>
      </object_component>
      <object_component id="oc-122">
         <name>.debug_line</name>
         <load_address>0x259d</load_address>
         <run_address>0x259d</run_address>
         <size>0xa9</size>
         <input_file_ref idref="fl-d1"/>
      </object_component>
      <object_component id="oc-72">
         <name>.debug_line</name>
         <load_address>0x2646</load_address>
         <run_address>0x2646</run_address>
         <size>0x8b</size>
         <input_file_ref idref="fl-d1"/>
      </object_component>
      <object_component id="oc-126">
         <name>.debug_line</name>
         <load_address>0x26d1</load_address>
         <run_address>0x26d1</run_address>
         <size>0x2e</size>
         <input_file_ref idref="fl-d1"/>
      </object_component>
      <object_component id="oc-197">
         <name>.debug_line</name>
         <load_address>0x26ff</load_address>
         <run_address>0x26ff</run_address>
         <size>0x8a</size>
         <input_file_ref idref="fl-d1"/>
      </object_component>
      <object_component id="oc-12b">
         <name>.debug_line</name>
         <load_address>0x2789</load_address>
         <run_address>0x2789</run_address>
         <size>0x8b</size>
         <input_file_ref idref="fl-d1"/>
      </object_component>
      <object_component id="oc-18e">
         <name>.debug_line</name>
         <load_address>0x2814</load_address>
         <run_address>0x2814</run_address>
         <size>0x98</size>
         <input_file_ref idref="fl-d2"/>
      </object_component>
      <object_component id="oc-c2">
         <name>.debug_line</name>
         <load_address>0x28ac</load_address>
         <run_address>0x28ac</run_address>
         <size>0x68</size>
         <input_file_ref idref="fl-d2"/>
      </object_component>
      <object_component id="oc-192">
         <name>.debug_line</name>
         <load_address>0x2914</load_address>
         <run_address>0x2914</run_address>
         <size>0x2e</size>
         <input_file_ref idref="fl-d2"/>
      </object_component>
      <object_component id="oc-ca">
         <name>.debug_line</name>
         <load_address>0x2942</load_address>
         <run_address>0x2942</run_address>
         <size>0x3c</size>
         <input_file_ref idref="fl-d3"/>
      </object_component>
      <object_component id="oc-132">
         <name>.debug_frame</name>
         <load_address>0x0</load_address>
         <run_address>0x0</run_address>
         <size>0xa0</size>
         <input_file_ref idref="fl-2"/>
      </object_component>
      <object_component id="oc-138">
         <name>.debug_frame</name>
         <load_address>0xa0</load_address>
         <run_address>0xa0</run_address>
         <size>0x51</size>
         <input_file_ref idref="fl-3"/>
      </object_component>
      <object_component id="oc-ef">
         <name>.debug_frame</name>
         <load_address>0xf1</load_address>
         <run_address>0xf1</run_address>
         <size>0xb2</size>
         <input_file_ref idref="fl-4"/>
      </object_component>
      <object_component id="oc-f5">
         <name>.debug_frame</name>
         <load_address>0x1a3</load_address>
         <run_address>0x1a3</run_address>
         <size>0xb3</size>
         <input_file_ref idref="fl-5"/>
      </object_component>
      <object_component id="oc-d3">
         <name>.debug_frame</name>
         <load_address>0x256</load_address>
         <run_address>0x256</run_address>
         <size>0x8d</size>
         <input_file_ref idref="fl-6"/>
      </object_component>
      <object_component id="oc-3b">
         <name>.debug_frame</name>
         <load_address>0x2e3</load_address>
         <run_address>0x2e3</run_address>
         <size>0xfd</size>
         <input_file_ref idref="fl-7"/>
      </object_component>
      <object_component id="oc-90">
         <name>.debug_frame</name>
         <load_address>0x3e0</load_address>
         <run_address>0x3e0</run_address>
         <size>0x663</size>
         <input_file_ref idref="fl-a"/>
      </object_component>
      <object_component id="oc-2e">
         <name>.debug_frame</name>
         <load_address>0xa43</load_address>
         <run_address>0xa43</run_address>
         <size>0x84</size>
         <input_file_ref idref="fl-b"/>
      </object_component>
      <object_component id="oc-17">
         <name>.debug_frame</name>
         <load_address>0xac7</load_address>
         <run_address>0xac7</run_address>
         <size>0x60</size>
         <input_file_ref idref="fl-c6"/>
      </object_component>
      <object_component id="oc-1d">
         <name>.debug_frame</name>
         <load_address>0xb27</load_address>
         <run_address>0xb27</run_address>
         <size>0x51</size>
         <input_file_ref idref="fl-c7"/>
      </object_component>
      <object_component id="oc-1f">
         <name>.debug_frame</name>
         <load_address>0xb78</load_address>
         <run_address>0xb78</run_address>
         <size>0x51</size>
         <input_file_ref idref="fl-c8"/>
      </object_component>
      <object_component id="oc-7c">
         <name>.debug_frame</name>
         <load_address>0xbc9</load_address>
         <run_address>0xbc9</run_address>
         <size>0x85</size>
         <input_file_ref idref="fl-c9"/>
      </object_component>
      <object_component id="oc-66">
         <name>.debug_frame</name>
         <load_address>0xc4e</load_address>
         <run_address>0xc4e</run_address>
         <size>0x51</size>
         <input_file_ref idref="fl-cc"/>
      </object_component>
      <object_component id="oc-6d">
         <name>.debug_frame</name>
         <load_address>0xc9f</load_address>
         <run_address>0xc9f</run_address>
         <size>0x51</size>
         <input_file_ref idref="fl-cd"/>
      </object_component>
      <object_component id="oc-14a">
         <name>.debug_frame</name>
         <load_address>0xcf0</load_address>
         <run_address>0xcf0</run_address>
         <size>0x73</size>
         <input_file_ref idref="fl-cf"/>
      </object_component>
      <object_component id="oc-79">
         <name>.debug_frame</name>
         <load_address>0xd63</load_address>
         <run_address>0xd63</run_address>
         <size>0x51</size>
         <input_file_ref idref="fl-d0"/>
      </object_component>
      <object_component id="oc-73">
         <name>.debug_frame</name>
         <load_address>0xdb4</load_address>
         <run_address>0xdb4</run_address>
         <size>0x5c</size>
         <input_file_ref idref="fl-d1"/>
      </object_component>
      <object_component id="oc-c1">
         <name>.debug_frame</name>
         <load_address>0xe10</load_address>
         <run_address>0xe10</run_address>
         <size>0x60</size>
         <input_file_ref idref="fl-d2"/>
      </object_component>
      <object_component id="oc-cb">
         <name>.debug_frame</name>
         <load_address>0xe70</load_address>
         <run_address>0xe70</run_address>
         <size>0x51</size>
         <input_file_ref idref="fl-d3"/>
      </object_component>
      <object_component id="oc-1ad">
         <name>.debug_abbrev</name>
         <load_address>0x0</load_address>
         <run_address>0x0</run_address>
         <size>0x2e</size>
         <input_file_ref idref="fl-2"/>
      </object_component>
      <object_component id="oc-199">
         <name>.debug_abbrev</name>
         <load_address>0x2e</load_address>
         <run_address>0x2e</run_address>
         <size>0x6c</size>
         <input_file_ref idref="fl-2"/>
      </object_component>
      <object_component id="oc-47">
         <name>.debug_abbrev</name>
         <load_address>0x9a</load_address>
         <run_address>0x9a</run_address>
         <size>0x1f</size>
         <input_file_ref idref="fl-2"/>
      </object_component>
      <object_component id="oc-13d">
         <name>.debug_abbrev</name>
         <load_address>0xb9</load_address>
         <run_address>0xb9</run_address>
         <size>0x24</size>
         <input_file_ref idref="fl-2"/>
      </object_component>
      <object_component id="oc-19b">
         <name>.debug_abbrev</name>
         <load_address>0xdd</load_address>
         <run_address>0xdd</run_address>
         <size>0x50</size>
         <input_file_ref idref="fl-3"/>
      </object_component>
      <object_component id="oc-186">
         <name>.debug_abbrev</name>
         <load_address>0x12d</load_address>
         <run_address>0x12d</run_address>
         <size>0xbf</size>
         <input_file_ref idref="fl-4"/>
      </object_component>
      <object_component id="oc-1a9">
         <name>.debug_abbrev</name>
         <load_address>0x1ec</load_address>
         <run_address>0x1ec</run_address>
         <size>0x27</size>
         <input_file_ref idref="fl-4"/>
      </object_component>
      <object_component id="oc-1a3">
         <name>.debug_abbrev</name>
         <load_address>0x213</load_address>
         <run_address>0x213</run_address>
         <size>0x27</size>
         <input_file_ref idref="fl-4"/>
      </object_component>
      <object_component id="oc-1a5">
         <name>.debug_abbrev</name>
         <load_address>0x23a</load_address>
         <run_address>0x23a</run_address>
         <size>0x27</size>
         <input_file_ref idref="fl-4"/>
      </object_component>
      <object_component id="oc-1a7">
         <name>.debug_abbrev</name>
         <load_address>0x261</load_address>
         <run_address>0x261</run_address>
         <size>0x27</size>
         <input_file_ref idref="fl-4"/>
      </object_component>
      <object_component id="oc-1a1">
         <name>.debug_abbrev</name>
         <load_address>0x288</load_address>
         <run_address>0x288</run_address>
         <size>0x27</size>
         <input_file_ref idref="fl-4"/>
      </object_component>
      <object_component id="oc-175">
         <name>.debug_abbrev</name>
         <load_address>0x2af</load_address>
         <run_address>0x2af</run_address>
         <size>0x13b</size>
         <input_file_ref idref="fl-4"/>
      </object_component>
      <object_component id="oc-e6">
         <name>.debug_abbrev</name>
         <load_address>0x3ea</load_address>
         <run_address>0x3ea</run_address>
         <size>0x90</size>
         <input_file_ref idref="fl-4"/>
      </object_component>
      <object_component id="oc-163">
         <name>.debug_abbrev</name>
         <load_address>0x47a</load_address>
         <run_address>0x47a</run_address>
         <size>0x5a</size>
         <input_file_ref idref="fl-4"/>
      </object_component>
      <object_component id="oc-118">
         <name>.debug_abbrev</name>
         <load_address>0x4d4</load_address>
         <run_address>0x4d4</run_address>
         <size>0x70</size>
         <input_file_ref idref="fl-4"/>
      </object_component>
      <object_component id="oc-18a">
         <name>.debug_abbrev</name>
         <load_address>0x544</load_address>
         <run_address>0x544</run_address>
         <size>0x4b</size>
         <input_file_ref idref="fl-4"/>
      </object_component>
      <object_component id="oc-99">
         <name>.debug_abbrev</name>
         <load_address>0x58f</load_address>
         <run_address>0x58f</run_address>
         <size>0x24</size>
         <input_file_ref idref="fl-4"/>
      </object_component>
      <object_component id="oc-a3">
         <name>.debug_abbrev</name>
         <load_address>0x5b3</load_address>
         <run_address>0x5b3</run_address>
         <size>0x35</size>
         <input_file_ref idref="fl-4"/>
      </object_component>
      <object_component id="oc-9e">
         <name>.debug_abbrev</name>
         <load_address>0x5e8</load_address>
         <run_address>0x5e8</run_address>
         <size>0x24</size>
         <input_file_ref idref="fl-4"/>
      </object_component>
      <object_component id="oc-113">
         <name>.debug_abbrev</name>
         <load_address>0x60c</load_address>
         <run_address>0x60c</run_address>
         <size>0x61</size>
         <input_file_ref idref="fl-4"/>
      </object_component>
      <object_component id="oc-1ab">
         <name>.debug_abbrev</name>
         <load_address>0x66d</load_address>
         <run_address>0x66d</run_address>
         <size>0x81</size>
         <input_file_ref idref="fl-5"/>
      </object_component>
      <object_component id="oc-176">
         <name>.debug_abbrev</name>
         <load_address>0x6ee</load_address>
         <run_address>0x6ee</run_address>
         <size>0x9b</size>
         <input_file_ref idref="fl-5"/>
      </object_component>
      <object_component id="oc-19c">
         <name>.debug_abbrev</name>
         <load_address>0x789</load_address>
         <run_address>0x789</run_address>
         <size>0xed</size>
         <input_file_ref idref="fl-6"/>
      </object_component>
      <object_component id="oc-139">
         <name>.debug_abbrev</name>
         <load_address>0x876</load_address>
         <run_address>0x876</run_address>
         <size>0x9d</size>
         <input_file_ref idref="fl-6"/>
      </object_component>
      <object_component id="oc-10f">
         <name>.debug_abbrev</name>
         <load_address>0x913</load_address>
         <run_address>0x913</run_address>
         <size>0xcb</size>
         <input_file_ref idref="fl-7"/>
      </object_component>
      <object_component id="oc-e9">
         <name>.debug_abbrev</name>
         <load_address>0x9de</load_address>
         <run_address>0x9de</run_address>
         <size>0x3d</size>
         <input_file_ref idref="fl-7"/>
      </object_component>
      <object_component id="oc-10d">
         <name>.debug_abbrev</name>
         <load_address>0xa1b</load_address>
         <run_address>0xa1b</run_address>
         <size>0x27</size>
         <input_file_ref idref="fl-7"/>
      </object_component>
      <object_component id="oc-95">
         <name>.debug_abbrev</name>
         <load_address>0xa42</load_address>
         <run_address>0xa42</run_address>
         <size>0x10c</size>
         <input_file_ref idref="fl-7"/>
      </object_component>
      <object_component id="oc-91">
         <name>.debug_abbrev</name>
         <load_address>0xb4e</load_address>
         <run_address>0xb4e</run_address>
         <size>0x75</size>
         <input_file_ref idref="fl-8"/>
      </object_component>
      <object_component id="oc-155">
         <name>.debug_abbrev</name>
         <load_address>0xbc3</load_address>
         <run_address>0xbc3</run_address>
         <size>0x12e</size>
         <input_file_ref idref="fl-a"/>
      </object_component>
      <object_component id="oc-e1">
         <name>.debug_abbrev</name>
         <load_address>0xcf1</load_address>
         <run_address>0xcf1</run_address>
         <size>0x3d</size>
         <input_file_ref idref="fl-a"/>
      </object_component>
      <object_component id="oc-178">
         <name>.debug_abbrev</name>
         <load_address>0xd2e</load_address>
         <run_address>0xd2e</run_address>
         <size>0x27</size>
         <input_file_ref idref="fl-a"/>
      </object_component>
      <object_component id="oc-182">
         <name>.debug_abbrev</name>
         <load_address>0xd55</load_address>
         <run_address>0xd55</run_address>
         <size>0x27</size>
         <input_file_ref idref="fl-a"/>
      </object_component>
      <object_component id="oc-184">
         <name>.debug_abbrev</name>
         <load_address>0xd7c</load_address>
         <run_address>0xd7c</run_address>
         <size>0x27</size>
         <input_file_ref idref="fl-a"/>
      </object_component>
      <object_component id="oc-17c">
         <name>.debug_abbrev</name>
         <load_address>0xda3</load_address>
         <run_address>0xda3</run_address>
         <size>0x27</size>
         <input_file_ref idref="fl-a"/>
      </object_component>
      <object_component id="oc-180">
         <name>.debug_abbrev</name>
         <load_address>0xdca</load_address>
         <run_address>0xdca</run_address>
         <size>0x27</size>
         <input_file_ref idref="fl-a"/>
      </object_component>
      <object_component id="oc-17a">
         <name>.debug_abbrev</name>
         <load_address>0xdf1</load_address>
         <run_address>0xdf1</run_address>
         <size>0x27</size>
         <input_file_ref idref="fl-a"/>
      </object_component>
      <object_component id="oc-17e">
         <name>.debug_abbrev</name>
         <load_address>0xe18</load_address>
         <run_address>0xe18</run_address>
         <size>0x27</size>
         <input_file_ref idref="fl-a"/>
      </object_component>
      <object_component id="oc-10c">
         <name>.debug_abbrev</name>
         <load_address>0xe3f</load_address>
         <run_address>0xe3f</run_address>
         <size>0x10c</size>
         <input_file_ref idref="fl-a"/>
      </object_component>
      <object_component id="oc-159">
         <name>.debug_abbrev</name>
         <load_address>0xf4b</load_address>
         <run_address>0xf4b</run_address>
         <size>0x24</size>
         <input_file_ref idref="fl-a"/>
      </object_component>
      <object_component id="oc-15e">
         <name>.debug_abbrev</name>
         <load_address>0xf6f</load_address>
         <run_address>0xf6f</run_address>
         <size>0x4b</size>
         <input_file_ref idref="fl-a"/>
      </object_component>
      <object_component id="oc-a6">
         <name>.debug_abbrev</name>
         <load_address>0xfba</load_address>
         <run_address>0xfba</run_address>
         <size>0x73</size>
         <input_file_ref idref="fl-b"/>
      </object_component>
      <object_component id="oc-3c">
         <name>.debug_abbrev</name>
         <load_address>0x102d</load_address>
         <run_address>0x102d</run_address>
         <size>0x29</size>
         <input_file_ref idref="fl-b"/>
      </object_component>
      <object_component id="oc-84">
         <name>.debug_abbrev</name>
         <load_address>0x1056</load_address>
         <run_address>0x1056</run_address>
         <size>0x79</size>
         <input_file_ref idref="fl-b"/>
      </object_component>
      <object_component id="oc-83">
         <name>.debug_abbrev</name>
         <load_address>0x10cf</load_address>
         <run_address>0x10cf</run_address>
         <size>0x3e</size>
         <input_file_ref idref="fl-c5"/>
      </object_component>
      <object_component id="oc-11c">
         <name>.debug_abbrev</name>
         <load_address>0x110d</load_address>
         <run_address>0x110d</run_address>
         <size>0x37</size>
         <input_file_ref idref="fl-c6"/>
      </object_component>
      <object_component id="oc-3f">
         <name>.debug_abbrev</name>
         <load_address>0x1144</load_address>
         <run_address>0x1144</run_address>
         <size>0x6f</size>
         <input_file_ref idref="fl-c6"/>
      </object_component>
      <object_component id="oc-42">
         <name>.debug_abbrev</name>
         <load_address>0x11b3</load_address>
         <run_address>0x11b3</run_address>
         <size>0x24</size>
         <input_file_ref idref="fl-c6"/>
      </object_component>
      <object_component id="oc-aa">
         <name>.debug_abbrev</name>
         <load_address>0x11d7</load_address>
         <run_address>0x11d7</run_address>
         <size>0x35</size>
         <input_file_ref idref="fl-c6"/>
      </object_component>
      <object_component id="oc-b4">
         <name>.debug_abbrev</name>
         <load_address>0x120c</load_address>
         <run_address>0x120c</run_address>
         <size>0x5d</size>
         <input_file_ref idref="fl-c7"/>
      </object_component>
      <object_component id="oc-4f">
         <name>.debug_abbrev</name>
         <load_address>0x1269</load_address>
         <run_address>0x1269</run_address>
         <size>0x74</size>
         <input_file_ref idref="fl-c7"/>
      </object_component>
      <object_component id="oc-52">
         <name>.debug_abbrev</name>
         <load_address>0x12dd</load_address>
         <run_address>0x12dd</run_address>
         <size>0x24</size>
         <input_file_ref idref="fl-c7"/>
      </object_component>
      <object_component id="oc-b1">
         <name>.debug_abbrev</name>
         <load_address>0x1301</load_address>
         <run_address>0x1301</run_address>
         <size>0x24</size>
         <input_file_ref idref="fl-c7"/>
      </object_component>
      <object_component id="oc-bc">
         <name>.debug_abbrev</name>
         <load_address>0x1325</load_address>
         <run_address>0x1325</run_address>
         <size>0x5d</size>
         <input_file_ref idref="fl-c8"/>
      </object_component>
      <object_component id="oc-5b">
         <name>.debug_abbrev</name>
         <load_address>0x1382</load_address>
         <run_address>0x1382</run_address>
         <size>0x74</size>
         <input_file_ref idref="fl-c8"/>
      </object_component>
      <object_component id="oc-5e">
         <name>.debug_abbrev</name>
         <load_address>0x13f6</load_address>
         <run_address>0x13f6</run_address>
         <size>0x24</size>
         <input_file_ref idref="fl-c8"/>
      </object_component>
      <object_component id="oc-b9">
         <name>.debug_abbrev</name>
         <load_address>0x141a</load_address>
         <run_address>0x141a</run_address>
         <size>0x24</size>
         <input_file_ref idref="fl-c8"/>
      </object_component>
      <object_component id="oc-153">
         <name>.debug_abbrev</name>
         <load_address>0x143e</load_address>
         <run_address>0x143e</run_address>
         <size>0xb3</size>
         <input_file_ref idref="fl-c9"/>
      </object_component>
      <object_component id="oc-147">
         <name>.debug_abbrev</name>
[...]
         <value>0xffffffff</value>
      </symbol>
      <symbol id="sm-b">
         <name>__TI_pprof_out_hndl</name>
         <value>0xffffffff</value>
      </symbol>
      <symbol id="sm-c">
         <name>__TI_prof_data_start</name>
         <value>0xffffffff</value>
      </symbol>
      <symbol id="sm-d">
         <name>__TI_prof_data_size</name>
         <value>0xffffffff</value>
      </symbol>
      <symbol id="sm-91">
         <name>DIO_PortWrite</name>
         <value>0x1f09</value>
         <object_component_ref idref="oc-12d"/>
      </symbol>
      <symbol id="sm-92">
         <name>DIO_PortDirection</name>
         <value>0x2035</value>
         <object_component_ref idref="oc-12d"/>
      </symbol>
      <symbol id="sm-93">
         <name>DIO_PortInit</name>
         <value>0x1c51</value>
         <object_component_ref idref="oc-12d"/>
      </symbol>
      <symbol id="sm-94">
         <name>DIO_PortRead</name>
         <value>0x1e6b</value>
         <object_component_ref idref="oc-12d"/>
      </symbol>
      <symbol id="sm-a3">
         <name>PLL_Set80</name>
         <value>0x283d</value>
         <object_component_ref idref="oc-133"/>
      </symbol>
      <symbol id="sm-114">
         <name>vPortInitialiseBlocks</name>
         <value>0x22af</value>
         <object_component_ref idref="oc-eb"/>
      </symbol>
      <symbol id="sm-115">
         <name>xPortGetFreeHeapSize</name>
         <value>0x22a9</value>
         <object_component_ref idref="oc-eb"/>
      </symbol>
      <symbol id="sm-116">
         <name>pvPortMalloc</name>
         <value>0x2141</value>
         <object_component_ref idref="oc-eb"/>
      </symbol>
      <symbol id="sm-117">
         <name>vPortFree</name>
         <value>0x2247</value>
         <object_component_ref idref="oc-eb"/>
      </symbol>
      <symbol id="sm-12d">
         <name>uxListRemove</name>
         <value>0x25af</value>
         <object_component_ref idref="oc-f1"/>
      </symbol>
      <symbol id="sm-12e">
         <name>vListInsert</name>
         <value>0x2541</value>
         <object_component_ref idref="oc-f1"/>
      </symbol>
      <symbol id="sm-12f">
         <name>vListInitialiseItem</name>
         <value>0x24f5</value>
         <object_component_ref idref="oc-f1"/>
      </symbol>
      <symbol id="sm-130">
         <name>vListInsertEnd</name>
         <value>0x2505</value>
         <object_component_ref idref="oc-f1"/>
      </symbol>
      <symbol id="sm-131">
         <name>vListInitialise</name>
         <value>0x24c5</value>
         <object_component_ref idref="oc-f1"/>
      </symbol>
      <symbol id="sm-149">
         <name>LED2</name>
         <value>0x261f</value>
         <object_component_ref idref="oc-ce"/>
      </symbol>
      <symbol id="sm-14a">
         <name>LED1</name>
         <value>0x25f9</value>
         <object_component_ref idref="oc-ce"/>
      </symbol>
      <symbol id="sm-14b">
         <name>main</name>
         <value>0x2655</value>
         <object_component_ref idref="oc-ce"/>
      </symbol>
      <symbol id="sm-188">
         <name>ulMaxSyscallInterruptPriority</name>
         <value>0x2b58</value>
         <object_component_ref idref="oc-88"/>
      </symbol>
      <symbol id="sm-189">
         <name>vPortSetupTimerInterrupt</name>
         <value>0x2469</value>
         <object_component_ref idref="oc-36"/>
      </symbol>
      <symbol id="sm-18a">
         <name>vPortEndScheduler</name>
         <value>0x240b</value>
         <object_component_ref idref="oc-36"/>
      </symbol>
      <symbol id="sm-18b">
         <name>xPortSysTickHandler</name>
         <value>0x2443</value>
         <object_component_ref idref="oc-36"/>
      </symbol>
      <symbol id="sm-18c">
         <name>vPortValidateInterruptPriority</name>
         <value>0x2477</value>
         <object_component_ref idref="oc-36"/>
      </symbol>
      <symbol id="sm-18d">
         <name>pxPortInitialiseStack</name>
         <value>0x230d</value>
         <object_component_ref idref="oc-36"/>
      </symbol>
      <symbol id="sm-18e">
         <name>vPortExitCritical</name>
         <value>0x242d</value>
         <object_component_ref idref="oc-36"/>
      </symbol>
      <symbol id="sm-18f">
         <name>xPortStartScheduler</name>
         <value>0x2377</value>
         <object_component_ref idref="oc-36"/>
      </symbol>
      <symbol id="sm-190">
         <name>vPortEnterCritical</name>
         <value>0x240d</value>
         <object_component_ref idref="oc-36"/>
      </symbol>
      <symbol id="sm-19f">
         <name>vPortStartFirstTask</name>
         <value>0x2775</value>
         <object_component_ref idref="oc-31"/>
      </symbol>
      <symbol id="sm-1a0">
         <name>ulPortGetIPSR</name>
         <value>0x26dd</value>
         <object_component_ref idref="oc-31"/>
      </symbol>
      <symbol id="sm-1a1">
         <name>vPortEnableVFP</name>
         <value>0x2791</value>
         <object_component_ref idref="oc-31"/>
      </symbol>
      <symbol id="sm-1a2">
         <name>xPortPendSVHandler</name>
         <value>0x26f5</value>
         <object_component_ref idref="oc-31"/>
      </symbol>
      <symbol id="sm-1a3">
         <name>vPortSVCHandler</name>
         <value>0x2755</value>
         <object_component_ref idref="oc-31"/>
      </symbol>
      <symbol id="sm-3a8">
         <name>vTaskDelay</name>
         <value>0x5b3</value>
         <object_component_ref idref="oc-8b"/>
      </symbol>
      <symbol id="sm-3a9">
         <name>vTaskSuspendAll</name>
         <value>0xa7d</value>
         <object_component_ref idref="oc-8b"/>
      </symbol>
      <symbol id="sm-3aa">
         <name>vTaskPriorityInherit</name>
         <value>0x15ed</value>
         <object_component_ref idref="oc-8b"/>
      </symbol>
      <symbol id="sm-3ab">
         <name>vTaskPlaceOnEventList</name>
         <value>0x104f</value>
         <object_component_ref idref="oc-8b"/>
      </symbol>
      <symbol id="sm-3ac">
         <name>vTaskSetTaskNumber</name>
         <value>0x12a1</value>
         <object_component_ref idref="oc-8b"/>
      </symbol>
      <symbol id="sm-3ad">
         <name>uxTaskPriorityGetFromISR</name>
         <value>0x6b1</value>
         <object_component_ref idref="oc-8b"/>
      </symbol>
      <symbol id="sm-3ae">
         <name>ulTaskNotifyTake</name>
         <value>0x1749</value>
         <object_component_ref idref="oc-8b"/>
      </symbol>
      <symbol id="sm-3af">
         <name>pcTaskGetName</name>
         <value>0xbc5</value>
         <object_component_ref idref="oc-8b"/>
      </symbol>
      <symbol id="sm-3b0">
         <name>xTaskCheckForTimeOut</name>
         <value>0x11d3</value>
         <object_component_ref idref="oc-8b"/>
      </symbol>
      <symbol id="sm-3b1">
         <name>xTaskRemoveFromUnorderedEventList</name>
         <value>0x1135</value>
         <object_component_ref idref="oc-8b"/>
      </symbol>
      <symbol id="sm-3b2">
         <name>vTaskPrioritySet</name>
         <value>0x705</value>
         <object_component_ref idref="oc-8b"/>
      </symbol>
      <symbol id="sm-3b3">
         <name>xTaskPriorityDisinherit</name>
         <value>0x168b</value>
         <object_component_ref idref="oc-8b"/>
      </symbol>
      <symbol id="sm-3b4">
         <name>xTaskAbortDelay</name>
         <value>0xe2d</value>
         <object_component_ref idref="oc-8b"/>
      </symbol>
      <symbol id="sm-3b5">
         <name>vTaskStartScheduler</name>
         <value>0xa11</value>
         <object_component_ref idref="oc-8b"/>
      </symbol>
      <symbol id="sm-3b6">
         <name>xTaskNotifyStateClear</name>
         <value>0x1b4b</value>
         <object_component_ref idref="oc-8b"/>
      </symbol>
      <symbol id="sm-3b7">
         <name>pvTaskIncrementMutexHeldCount</name>
         <value>0x1731</value>
         <object_component_ref idref="oc-8b"/>
      </symbol>
      <symbol id="sm-3b8">
         <name>uxTaskGetStackHighWaterMark</name>
         <value>0x1519</value>
         <object_component_ref idref="oc-8b"/>
      </symbol>
      <symbol id="sm-3b9">
         <name>xTaskGenericNotify</name>
         <value>0x188d</value>
         <object_component_ref idref="oc-8b"/>
      </symbol>
      <symbol id="sm-3ba">
         <name>xTaskCreate</name>
         <value>0x26d</value>
         <object_component_ref idref="oc-8b"/>
      </symbol>
      <symbol id="sm-3bb">
         <name>vTaskDelayUntil</name>
         <value>0x505</value>
         <object_component_ref idref="oc-8b"/>
      </symbol>
      <symbol id="sm-3bc">
         <name>uxTaskGetTaskNumber</name>
         <value>0x1281</value>
         <object_component_ref idref="oc-8b"/>
      </symbol>
      <symbol id="sm-3bd">
         <name>vTaskEndScheduler</name>
         <value>0xa61</value>
         <object_component_ref idref="oc-8b"/>
      </symbol>
      <symbol id="sm-3be">
         <name>xTaskNotifyWait</name>
         <value>0x17d1</value>
         <object_component_ref idref="oc-8b"/>
      </symbol>
      <symbol id="sm-3bf">
         <name>vTaskMissedYield</name>
         <value>0x1279</value>
         <object_component_ref idref="oc-8b"/>
      </symbol>
      <symbol id="sm-3c0">
         <name>uxTaskGetNumberOfTasks</name>
         <value>0xbbf</value>
         <object_component_ref idref="oc-8b"/>
      </symbol>
      <symbol id="sm-3c1">
         <name>xTaskGenericNotifyFromISR</name>
         <value>0x197d</value>
         <object_component_ref idref="oc-8b"/>
      </symbol>
      <symbol id="sm-3c2">
         <name>vTaskGetInfo</name>
         <value>0x1395</value>
         <object_component_ref idref="oc-8b"/>
      </symbol>
      <symbol id="sm-3c3">
         <name>uxTaskPriorityGet</name>
         <value>0x681</value>
         <object_component_ref idref="oc-8b"/>
      </symbol>
      <symbol id="sm-3c4">
         <name>xTaskResumeAll</name>
         <value>0xa91</value>
         <object_component_ref idref="oc-8b"/>
      </symbol>
      <symbol id="sm-3c5">
         <name>xTaskGetHandle</name>
         <value>0xcc1</value>
         <object_component_ref idref="oc-8b"/>
      </symbol>
      <symbol id="sm-3c6">
         <name>xTaskGetTickCount</name>
         <value>0xb79</value>
         <object_component_ref idref="oc-8b"/>
      </symbol>
      <symbol id="sm-3c7">
         <name>uxTaskGetSystemState</name>
         <value>0xd49</value>
         <object_component_ref idref="oc-8b"/>
      </symbol>
      <symbol id="sm-3c8">
         <name>vTaskDelete</name>
         <value>0x475</value>
         <object_component_ref idref="oc-8b"/>
      </symbol>
      <symbol id="sm-3c9">
         <name>pxCurrentTCB</name>
         <value>0x20005100</value>
         <object_component_ref idref="oc-85"/>
      </symbol>
      <symbol id="sm-3ca">
         <name>vTaskNotifyGiveFromISR</name>
         <value>0x1a95</value>
         <object_component_ref idref="oc-8b"/>
      </symbol>
      <symbol id="sm-3cb">
         <name>eTaskGetState</name>
         <value>0x5f1</value>
         <object_component_ref idref="oc-8b"/>
      </symbol>
      <symbol id="sm-3cc">
         <name>vTaskSuspend</name>
         <value>0x80d</value>
         <object_component_ref idref="oc-8b"/>
      </symbol>
      <symbol id="sm-3cd">
         <name>xTaskGetIdleTaskHandle</name>
         <value>0xe21</value>
         <object_component_ref idref="oc-8b"/>
      </symbol>
      <symbol id="sm-3ce">
         <name>xTaskGetTickCountFromISR</name>
         <value>0xb91</value>
         <object_component_ref idref="oc-8b"/>
      </symbol>
      <symbol id="sm-3cf">
         <name>vTaskResume</name>
         <value>0x8f1</value>
         <object_component_ref idref="oc-8b"/>
      </symbol>
      <symbol id="sm-3d0">
         <name>vTaskSetTimeOutState</name>
         <value>0x11b9</value>
         <object_component_ref idref="oc-8b"/>
      </symbol>
      <symbol id="sm-3d1">
         <name>xTaskIncrementTick</name>
         <value>0xeb5</value>
         <object_component_ref idref="oc-8b"/>
      </symbol>
      <symbol id="sm-3d2">
         <name>vTaskSwitchContext</name>
         <value>0xfc9</value>
         <object_component_ref idref="oc-8b"/>
      </symbol>
      <symbol id="sm-3d3">
         <name>uxTaskResetEventItemValue</name>
         <value>0x170b</value>
         <object_component_ref idref="oc-8b"/>
      </symbol>
      <symbol id="sm-3d4">
         <name>xTaskGetSchedulerState</name>
         <value>0x15bd</value>
         <object_component_ref idref="oc-8b"/>
      </symbol>
      <symbol id="sm-3d5">
         <name>xTaskResumeFromISR</name>
         <value>0x977</value>
         <object_component_ref idref="oc-8b"/>
      </symbol>
      <symbol id="sm-3d6">
         <name>xTaskGetCurrentTaskHandle</name>
         <value>0x158f</value>
         <object_component_ref idref="oc-8b"/>
      </symbol>
      <symbol id="sm-3d7">
         <name>vTaskPlaceOnUnorderedEventList</name>
         <value>0x106f</value>
         <object_component_ref idref="oc-8b"/>
      </symbol>
      <symbol id="sm-3d8">
         <name>xTaskRemoveFromEventList</name>
         <value>0x10a5</value>
         <object_component_ref idref="oc-8b"/>
      </symbol>
      <symbol id="sm-3f4">
         <name>ResetISR</name>
         <value>0x2b47</value>
         <object_component_ref idref="oc-2b"/>
      </symbol>
      <symbol id="sm-3f5">
         <name>g_pfnVectors</name>
         <value>0x0</value>
         <object_component_ref idref="oc-f"/>
      </symbol>
      <symbol id="sm-406">
         <name>_c_int00</name>
         <value>0x2a0d</value>
         <object_component_ref idref="oc-24"/>
      </symbol>
      <symbol id="sm-407">
         <name>__stack</name>
         <value>0x20004f00</value>
         <object_component_ref idref="oc-2a"/>
      </symbol>
      <symbol id="sm-425">
         <name>__TI_decompress_lzss</name>
         <value>0x29a5</value>
         <object_component_ref idref="oc-12"/>
      </symbol>
      <symbol id="sm-43c">
         <name>__TI_decompress_none</name>
         <value>0x2b2d</value>
         <object_component_ref idref="oc-18"/>
      </symbol>
      <symbol id="sm-453">
         <name>__TI_zero_init</name>
         <value>0x2b3b</value>
         <object_component_ref idref="oc-1e"/>
      </symbol>
      <symbol id="sm-474">
         <name>C$$EXIT</name>
         <value>0x2a61</value>
         <object_component_ref idref="oc-7a"/>
      </symbol>
      <symbol id="sm-475">
         <name>abort</name>
         <value>0x2a65</value>
         <object_component_ref idref="oc-7a"/>
      </symbol>
      <symbol id="sm-476">
         <name>exit</name>
         <value>0x2a6d</value>
         <object_component_ref idref="oc-7a"/>
      </symbol>
      <symbol id="sm-477">
         <name>__TI_dtors_ptr</name>
         <value>0x20005138</value>
         <object_component_ref idref="oc-d6"/>
      </symbol>
      <symbol id="sm-478">
         <name>__TI_cleanup_ptr</name>
         <value>0x20005134</value>
         <object_component_ref idref="oc-d6"/>
      </symbol>
      <symbol id="sm-479">
         <name>__TI_enable_exit_profile_output</name>
         <value>0x2000513c</value>
         <object_component_ref idref="oc-d6"/>
      </symbol>
      <symbol id="sm-494">
         <name>memcpy</name>
         <value>0x279f</value>
         <object_component_ref idref="oc-4a"/>
      </symbol>
      <symbol id="sm-495">
         <name>__aeabi_memcpy</name>
         <value>0x279f</value>
         <object_component_ref idref="oc-4a"/>
      </symbol>
      <symbol id="sm-496">
         <name>__aeabi_memcpy8</name>
         <value>0x279f</value>
         <object_component_ref idref="oc-4a"/>
      </symbol>
      <symbol id="sm-497">
         <name>__aeabi_memcpy4</name>
         <value>0x279f</value>
         <object_component_ref idref="oc-4a"/>
      </symbol>
      <symbol id="sm-4a6">
         <name>__aeabi_memset</name>
         <value>0x28bb</value>
         <object_component_ref idref="oc-56"/>
      </symbol>
      <symbol id="sm-4a7">
         <name>memset</name>
         <value>0x28c1</value>
         <object_component_ref idref="oc-56"/>
      </symbol>
      <symbol id="sm-4a8">
         <name>__aeabi_memset8</name>
         <value>0x28bb</value>
         <object_component_ref idref="oc-56"/>
      </symbol>
      <symbol id="sm-4a9">
         <name>__aeabi_memset4</name>
         <value>0x28bb</value>
         <object_component_ref idref="oc-56"/>
      </symbol>
      <symbol id="sm-4aa">
         <name>__aeabi_memclr8</name>
         <value>0x28b9</value>
         <object_component_ref idref="oc-56"/>
      </symbol>
      <symbol id="sm-4ab">
         <name>__aeabi_memclr4</name>
         <value>0x28b9</value>
         <object_component_ref idref="oc-56"/>
      </symbol>
      <symbol id="sm-4ac">
         <name>__aeabi_memclr</name>
         <value>0x28b9</value>
         <object_component_ref idref="oc-56"/>
      </symbol>
      <symbol id="sm-4b6">
         <name>__mpu_init</name>
         <value>0x25f7</value>
         <object_component_ref idref="oc-62"/>
      </symbol>
      <symbol id="sm-4c0">
         <name>_system_pre_init</name>
         <value>0x2b53</value>
         <object_component_ref idref="oc-68"/>
      </symbol>
      <symbol id="sm-4c8">
         <name>main_func_sp</name>
         <value>0x2000515c</value>
         <object_component_ref idref="oc-80"/>
      </symbol>
      <symbol id="sm-4e1">
         <name>_nop</name>
         <value>0x2b27</value>
         <object_component_ref idref="oc-149"/>
      </symbol>
      <symbol id="sm-4e2">
         <name>_lock</name>
         <value>0x2000514c</value>
         <object_component_ref idref="oc-d9"/>
      </symbol>
      <symbol id="sm-4e3">
         <name>_unlock</name>
         <value>0x20005150</value>
         <object_component_ref idref="oc-d9"/>
      </symbol>
      <symbol id="sm-4e4">
         <name>_register_lock</name>
         <value>0x2b1f</value>
         <object_component_ref idref="oc-149"/>
      </symbol>
      <symbol id="sm-4e5">
         <name>_register_unlock</name>
         <value>0x2b19</value>
         <object_component_ref idref="oc-149"/>
      </symbol>
      <symbol id="sm-4f9">
         <name>_args_main</name>
         <value>0x2b01</value>
         <object_component_ref idref="oc-74"/>
      </symbol>
      <symbol id="sm-523">
         <name>__TI_auto_init</name>
         <value>0x2935</value>
         <object_component_ref idref="oc-6e"/>
      </symbol>
      <symbol id="sm-53d">
         <name>copy_in</name>
         <value>0x2ab5</value>
         <object_component_ref idref="oc-c0"/>
      </symbol>
      <symbol id="sm-547">
         <name>_system_post_cinit</name>
         <value>0x283b</value>
         <object_component_ref idref="oc-c6"/>
      </symbol>
      <symbol id="sm-548">
         <name>__TI_static_base__</name>
         <value>0x0</value>
      </symbol>
      <symbol id="sm-54b">
         <name>SHT$$INIT_ARRAY$$Limit</name>
         <value>0x0</value>
      </symbol>
      <symbol id="sm-54c">
         <name>SHT$$INIT_ARRAY$$Base</name>
         <value>0x0</value>
      </symbol>
   </symbol_table>
   <title>Link successful</title>
</link_info>
