******************************************************************************
                  TI ARM Linker PC v16.9.4                     
******************************************************************************
>> Linked Fri Dec 04 18:51:39 2020

OUTPUT FILE NAME:   <FREERTOS_LAB4.out>
ENTRY POINT SYMBOL: "_c_int00"  address: 00003945


MEMORY CONFIGURATION

         name            origin    length      used     unused   attr    fill
----------------------  --------  ---------  --------  --------  ----  --------
  FLASH                 00000000   00040000  00003bba  0003c446  R  X
  SRAM                  20000000   00008000  000051e0  00002e20  RW X


SEGMENT ALLOCATION MAP

run origin  load origin   length   init length attrs members
----------  ----------- ---------- ----------- ----- -------
00000000    00000000    00003bc0   00003bc0    r-x
  00000000    00000000    0000026c   0000026c    r-- .intvecs
  0000026c    0000026c    000038a2   000038a2    r-x .text
  00003b10    00003b10    0000003c   0000003c    r-- .const
  00003b50    00003b50    00000070   00000070    r-- .cinit
20000000    20000000    000051e0   00000000    rw-
  20000000    20000000    00004f58   00000000    rw- .bss
  20004f58    20004f58    00000200   00000000    rw- .stack
  20005158    20005158    00000088   00000000    rw- .data


SECTION ALLOCATION MAP

 output                                  attributes/
section   page    origin      length       input sections
--------  ----  ----------  ----------   ----------------
.intvecs   0    00000000    0000026c     
                  00000000    0000026c     tm4c1231h6pm_startup_ccs.obj (.intvecs)

.text      0    0000026c    000038a2     
                  0000026c    000019e4     tasks.obj (.text)
                  00001c50    00000a94     queue.obj (.text)
                  000026e4    000004f0     DIO.obj (.text)
                  00002bd4    00000214     UART.obj (.text)
                  00002de8    000001cc     heap_2.obj (.text)
                  00002fb4    000001b8     port.obj (.text)
                  0000316c    000001b6     rtsv7M4_T_le_v4SPD16_eabi.lib : fd_add_t2.obj (.text)
                  00003322    00000002                                   : mpu_init.obj (.text)
                  00003324    000001ac     main.obj (.text)
                  000034d0    00000132     list.obj (.text)
                  00003602    00000002     rtsv7M4_T_le_v4SPD16_eabi.lib : startup.obj (.text)
                  00003604    000000d2     portasm.obj (.text)
                  000036d6    0000009c     rtsv7M4_T_le_v4SPD16_eabi.lib : memcpy_t2.obj (.text)
                  00003772    00000002     --HOLE-- [fill = 0]
                  00003774    0000007c     PLL.obj (.text)
                  000037f0    0000007a     rtsv7M4_T_le_v4SPD16_eabi.lib : memset_t2.obj (.text)
                  0000386a    00000002     --HOLE-- [fill = 0]
                  0000386c    00000070                                   : autoinit.obj (.text)
                  000038dc    00000068                                   : copy_decompress_lzss.obj (.text:decompress:lzss)
                  00003944    00000054                                   : boot.obj (.text)
                  00003998    00000054                                   : exit.obj (.text)
                  000039ec    0000004c                                   : cpy_tbl.obj (.text)
                  00003a38    00000048                                   : fd_toi_t2.obj (.text)
                  00003a80    00000038                                   : fs_tod_t2.obj (.text)
                  00003ab8    00000018                                   : args_main.obj (.text)
                  00003ad0    00000014                                   : _lock.obj (.text)
                  00003ae4    0000000e                                   : copy_decompress_none.obj (.text:decompress:none)
                  00003af2    0000000c                                   : copy_zero_init.obj (.text:decompress:ZI)
                  00003afe    0000000c     tm4c1231h6pm_startup_ccs.obj (.text)
                  00003b0a    00000004     rtsv7M4_T_le_v4SPD16_eabi.lib : pre_init.obj (.text)

.const     0    00003b10    0000003c     
                  00003b10    00000032     main.obj (.const:.string)
                  00003b42    00000002     heap_2.obj (.const)
                  00003b44    00000008     port.obj (.const)

.cinit     0    00003b50    00000070     
                  00003b50    00000047     (.cinit..data.load) [load image, compression = lzss]
                  00003b97    00000001     --HOLE-- [fill = 0]
                  00003b98    0000000c     (__TI_handler_table)
                  00003ba4    00000004     --HOLE-- [fill = 0]
                  00003ba8    00000008     (.cinit..bss.load) [load image, compression = zero_init]
                  00003bb0    00000010     (__TI_cinit_table)

.init_array 
*          0    00000000    00000000     UNINITIALIZED

.bss       0    20000000    00004f58     UNINITIALIZED
                  20000000    00004e20     heap_2.obj (.bss:ucHeap)
                  20004e20    00000064     tasks.obj (.bss:pxReadyTasksLists)
                  20004e84    00000050     (.common:xQueueRegistry)
                  20004ed4    00000014     tasks.obj (.bss:xDelayedTaskList1)
                  20004ee8    00000014     tasks.obj (.bss:xDelayedTaskList2)
                  20004efc    00000014     tasks.obj (.bss:xPendingReadyList)
                  20004f10    00000014     tasks.obj (.bss:xSuspendedTaskList)
                  20004f24    00000014     tasks.obj (.bss:xTasksWaitingTermination)
                  20004f38    00000008     tasks.obj (.bss)
                  20004f40    00000008     heap_2.obj (.bss:xEnd)
                  20004f48    00000008     heap_2.obj (.bss:xStart)
                  20004f50    00000004     (.common:First_Q)
                  20004f54    00000004     (.common:String_Q)

.stack     0    20004f58    00000200     UNINITIALIZED
                  20004f58    00000200     --HOLE--

.data      0    20005158    00000088     UNINITIALIZED
                  20005158    00000034     tasks.obj (.data)
                  2000518c    0000001c     main.obj (.data:colors2)
                  200051a8    0000000c     rtsv7M4_T_le_v4SPD16_eabi.lib : exit.obj (.data:$O1$$)
                  200051b4    0000000c     port.obj (.data)
                  200051c0    00000008     rtsv7M4_T_le_v4SPD16_eabi.lib : _lock.obj (.data:$O1$$)
                  200051c8    00000008     heap_2.obj (.data)
                  200051d0    00000007     main.obj (.data:colors)
                  200051d7    00000001     --HOLE--
                  200051d8    00000004     main.obj (.data)
                  200051dc    00000004     rtsv7M4_T_le_v4SPD16_eabi.lib : stkdepth_vars.obj (.data)

MODULE SUMMARY

       Module                         code    ro data   rw data
       ------                         ----    -------   -------
    .\
       heap_2.obj                     460     2         20024  
       tasks.obj                      6628    0         260    
       queue.obj                      2708    0         80     
       DIO.obj                        1264    0         0      
       tm4c1231h6pm_startup_ccs.obj   12      620       0      
       UART.obj                       532     0         0      
       main.obj                       428     50        47     
       port.obj                       440     8         12     
       list.obj                       306     0         0      
       portasm.obj                    210     0         0      
       PLL.obj                        124     0         0      
    +--+------------------------------+-------+---------+---------+
       Total:                         13112   680       20423  
                                                               
    C:\ti\ccsv7\tools\compiler\ti-cgt-arm_16.9.4.LTS\lib\rtsv7M4_T_le_v4SPD16_eabi.lib
       fd_add_t2.obj                  438     0         0      
       memcpy_t2.obj                  156     0         0      
       memset_t2.obj                  122     0         0      
       autoinit.obj                   112     0         0      
       copy_decompress_lzss.obj       104     0         0      
       exit.obj                       84      0         12     
       boot.obj                       84      0         0      
       cpy_tbl.obj                    76      0         0      
       fd_toi_t2.obj                  72      0         0      
       fs_tod_t2.obj                  56      0         0      
       _lock.obj                      20      0         8      
       args_main.obj                  24      0         0      
       copy_decompress_none.obj       14      0         0      
       copy_zero_init.obj             12      0         0      
       pre_init.obj                   4       0         0      
       stkdepth_vars.obj              0       0         4      
       mpu_init.obj                   2       0         0      
       startup.obj                    2       0         0      
    +--+------------------------------+-------+---------+---------+
       Total:                         1382    0         24     
                                                               
       Stack:                         0       0         512    
       Linker Generated:              0       107       0      
    +--+------------------------------+-------+---------+---------+
       Grand Total:                   14494   787       20959  


LINKER GENERATED COPY TABLES

__TI_cinit_table @ 00003bb0 records: 2, size/record: 8, table size: 16
	.data: load addr=00003b50, load size=00000047 bytes, run addr=20005158, run size=00000088 bytes, compression=lzss
	.bss: load addr=00003ba8, load size=00000008 bytes, run addr=20000000, run size=00004f58 bytes, compression=zero_init


LINKER GENERATED HANDLER TABLE

__TI_handler_table @ 00003b98 records: 3, size/record: 4, table size: 12
	index: 0, handler: __TI_decompress_lzss
	index: 1, handler: __TI_decompress_none
	index: 2, handler: __TI_zero_init


GLOBAL SYMBOLS: SORTED ALPHABETICALLY BY Name 

address   name                             
-------   ----                             
00003999  C$$EXIT                          
00002ac9  DIO_PortDirection                
000026e5  DIO_PortInit                     
000028ff  DIO_PortRead                     
0000299d  DIO_PortWrite                    
20004f50  First_Q                          
00003775  PLL_Set80                        
00003aff  ResetISR                         
UNDEFED   SHT$$INIT_ARRAY$$Base            
UNDEFED   SHT$$INIT_ARRAY$$Limit           
20004f54  String_Q                         
000033d5  Task1                            
00003325  Task2                            
00002bd5  UART0_Init                       
00002d59  UART0_ReadChr                    
00002d6d  UART0_ReadString                 
00002d3d  UART0_SendChr                    
00002cc3  UART0_SendInt                    
00002c9f  UART0_SendString                 
20005158  __STACK_END                      
00000200  __STACK_SIZE                     
20005158  __STACK_TOP                      
00003bb0  __TI_CINIT_Base                  
00003bc0  __TI_CINIT_Limit                 
00003b98  __TI_Handler_Table_Base          
00003ba4  __TI_Handler_Table_Limit         
0000386d  __TI_auto_init                   
200051a8  __TI_cleanup_ptr                 
000038dd  __TI_decompress_lzss             
00003ae5  __TI_decompress_none             
200051ac  __TI_dtors_ptr                   
200051b0  __TI_enable_exit_profile_output  
ffffffff  __TI_pprof_out_hndl              
ffffffff  __TI_prof_data_size              
ffffffff  __TI_prof_data_start             
00000000  __TI_static_base__               
00003af3  __TI_zero_init                   
00003a39  __aeabi_d2iz                     
00003177  __aeabi_dadd                     
0000316d  __aeabi_dsub                     
00003a81  __aeabi_f2d                      
000037f1  __aeabi_memclr                   
000037f1  __aeabi_memclr4                  
000037f1  __aeabi_memclr8                  
000036d7  __aeabi_memcpy                   
000036d7  __aeabi_memcpy4                  
000036d7  __aeabi_memcpy8                  
000037f3  __aeabi_memset                   
000037f3  __aeabi_memset4                  
000037f3  __aeabi_memset8                  
ffffffff  __binit__                        
ffffffff  __c_args__                       
00003323  __mpu_init                       
20004f58  __stack                          
00003ab9  _args_main                       
00003945  _c_int00                         
200051c0  _lock                            
00003adf  _nop                             
00003ad7  _register_lock                   
00003ad1  _register_unlock                 
00003603  _system_post_cinit               
00003b0b  _system_pre_init                 
200051c4  _unlock                          
0000399d  abort                            
ffffffff  binit                            
200051d0  colors                           
2000518c  colors2                          
000039ed  copy_in                          
200051d8  data                             
000005f1  eTaskGetState                    
000039a5  exit                             
00000000  g_pfnVectors                     
00003433  main                             
200051dc  main_func_sp                     
000036d7  memcpy                           
000037f9  memset                           
00002659  pcQueueGetName                   
00000bc5  pcTaskGetName                    
00002de9  pvPortMalloc                     
00001731  pvTaskIncrementMutexHeldCount    
20005158  pxCurrentTCB                     
00002fb5  pxPortInitialiseStack            
000023db  ucQueueGetQueueType              
00003b44  ulMaxSyscallInterruptPriority    
00003615  ulPortGetIPSR                    
00001749  ulTaskNotifyTake                 
000035bb  uxListRemove                     
000023bb  uxQueueGetQueueNumber            
0000235d  uxQueueMessagesWaiting           
00002393  uxQueueMessagesWaitingFromISR    
00002373  uxQueueSpacesAvailable           
00000bbf  uxTaskGetNumberOfTasks           
00001519  uxTaskGetStackHighWaterMark      
00000d49  uxTaskGetSystemState             
00001281  uxTaskGetTaskNumber              
00000681  uxTaskPriorityGet                
000006b1  uxTaskPriorityGetFromISR         
0000170b  uxTaskResetEventItemValue        
000034d1  vListInitialise                  
00003501  vListInitialiseItem              
0000354d  vListInsert                      
00003511  vListInsertEnd                   
000036c9  vPortEnableVFP                   
000030b3  vPortEndScheduler                
000030b5  vPortEnterCritical               
000030d5  vPortExitCritical                
00002eef  vPortFree                        
00002f57  vPortInitialiseBlocks            
0000368d  vPortSVCHandler                  
00003111  vPortSetupTimerInterrupt         
000036ad  vPortStartFirstTask              
0000311f  vPortValidateInterruptPriority   
00002617  vQueueAddToRegistry              
000023a5  vQueueDelete                     
000023c9  vQueueSetQueueNumber             
00002699  vQueueUnregisterQueue            
000005b3  vTaskDelay                       
00000505  vTaskDelayUntil                  
00000475  vTaskDelete                      
00000a61  vTaskEndScheduler                
00001395  vTaskGetInfo                     
00001279  vTaskMissedYield                 
00001a95  vTaskNotifyGiveFromISR           
0000104f  vTaskPlaceOnEventList            
0000106f  vTaskPlaceOnUnorderedEventList   
000015ed  vTaskPriorityInherit             
00000705  vTaskPrioritySet                 
000008f1  vTaskResume                      
000012a1  vTaskSetTaskNumber               
000011b9  vTaskSetTimeOutState             
00000a11  vTaskStartScheduler              
0000080d  vTaskSuspend                     
00000a7d  vTaskSuspendAll                  
00000fc9  vTaskSwitchContext               
00002f51  xPortGetFreeHeapSize             
0000362d  xPortPendSVHandler               
0000301f  xPortStartScheduler              
000030eb  xPortSysTickHandler              
00001e5d  xQueueCreateCountingSemaphore    
00001da9  xQueueCreateMutex                
00001cef  xQueueGenericCreate              
000020e3  xQueueGenericReceive             
00001c51  xQueueGenericReset               
00001e7d  xQueueGenericSend                
00001faf  xQueueGenericSendFromISR         
0000204d  xQueueGiveFromISR                
00001dd5  xQueueGiveMutexRecursive         
000025b3  xQueueIsQueueEmptyFromISR        
000025f5  xQueueIsQueueFullFromISR         
00002307  xQueuePeekFromISR                
0000226b  xQueueReceiveFromISR             
20004e84  xQueueRegistry                   
00001e11  xQueueTakeMutexRecursive         
00000e2d  xTaskAbortDelay                  
000011d3  xTaskCheckForTimeOut             
0000026d  xTaskCreate                      
0000188d  xTaskGenericNotify               
0000197d  xTaskGenericNotifyFromISR        
0000158f  xTaskGetCurrentTaskHandle        
00000cc1  xTaskGetHandle                   
00000e21  xTaskGetIdleTaskHandle           
000015bd  xTaskGetSchedulerState           
00000b79  xTaskGetTickCount                
00000b91  xTaskGetTickCountFromISR         
00000eb5  xTaskIncrementTick               
00001b4b  xTaskNotifyStateClear            
000017d1  xTaskNotifyWait                  
0000168b  xTaskPriorityDisinherit          
000010a5  xTaskRemoveFromEventList         
00001135  xTaskRemoveFromUnorderedEventList
00000a91  xTaskResumeAll                   
00000977  xTaskResumeFromISR               


GLOBAL SYMBOLS: SORTED BY Symbol Address 

address   name                             
-------   ----                             
00000000  __TI_static_base__               
00000000  g_pfnVectors                     
00000200  __STACK_SIZE                     
0000026d  xTaskCreate                      
00000475  vTaskDelete                      
00000505  vTaskDelayUntil                  
000005b3  vTaskDelay                       
000005f1  eTaskGetState                    
00000681  uxTaskPriorityGet                
000006b1  uxTaskPriorityGetFromISR         
00000705  vTaskPrioritySet                 
0000080d  vTaskSuspend                     
000008f1  vTaskResume                      
00000977  xTaskResumeFromISR               
00000a11  vTaskStartScheduler              
00000a61  vTaskEndScheduler                
00000a7d  vTaskSuspendAll                  
00000a91  xTaskResumeAll                   
00000b79  xTaskGetTickCount                
00000b91  xTaskGetTickCountFromISR         
00000bbf  uxTaskGetNumberOfTasks           
00000bc5  pcTaskGetName                    
00000cc1  xTaskGetHandle                   
00000d49  uxTaskGetSystemState             
00000e21  xTaskGetIdleTaskHandle           
00000e2d  xTaskAbortDelay                  
00000eb5  xTaskIncrementTick               
00000fc9  vTaskSwitchContext               
0000104f  vTaskPlaceOnEventList            
0000106f  vTaskPlaceOnUnorderedEventList   
000010a5  xTaskRemoveFromEventList         
00001135  xTaskRemoveFromUnorderedEventList
000011b9  vTaskSetTimeOutState             
000011d3  xTaskCheckForTimeOut             
00001279  vTaskMissedYield                 
00001281  uxTaskGetTaskNumber              
000012a1  vTaskSetTaskNumber               
00001395  vTaskGetInfo                     
00001519  uxTaskGetStackHighWaterMark      
0000158f  xTaskGetCurrentTaskHandle        
000015bd  xTaskGetSchedulerState           
000015ed  vTaskPriorityInherit             
0000168b  xTaskPriorityDisinherit          
0000170b  uxTaskResetEventItemValue        
00001731  pvTaskIncrementMutexHeldCount    
00001749  ulTaskNotifyTake                 
000017d1  xTaskNotifyWait                  
0000188d  xTaskGenericNotify               
0000197d  xTaskGenericNotifyFromISR        
00001a95  vTaskNotifyGiveFromISR           
00001b4b  xTaskNotifyStateClear            
00001c51  xQueueGenericReset               
00001cef  xQueueGenericCreate              
00001da9  xQueueCreateMutex                
00001dd5  xQueueGiveMutexRecursive         
00001e11  xQueueTakeMutexRecursive         
00001e5d  xQueueCreateCountingSemaphore    
00001e7d  xQueueGenericSend                
00001faf  xQueueGenericSendFromISR         
0000204d  xQueueGiveFromISR                
000020e3  xQueueGenericReceive             
0000226b  xQueueReceiveFromISR             
00002307  xQueuePeekFromISR                
0000235d  uxQueueMessagesWaiting           
00002373  uxQueueSpacesAvailable           
00002393  uxQueueMessagesWaitingFromISR    
000023a5  vQueueDelete                     
000023bb  uxQueueGetQueueNumber            
000023c9  vQueueSetQueueNumber             
000023db  ucQueueGetQueueType              
000025b3  xQueueIsQueueEmptyFromISR        
000025f5  xQueueIsQueueFullFromISR         
00002617  vQueueAddToRegistry              
00002659  pcQueueGetName                   
00002699  vQueueUnregisterQueue            
000026e5  DIO_PortInit                     
000028ff  DIO_PortRead                     
0000299d  DIO_PortWrite                    
00002ac9  DIO_PortDirection                
00002bd5  UART0_Init                       
00002c9f  UART0_SendString                 
00002cc3  UART0_SendInt                    
00002d3d  UART0_SendChr                    
00002d59  UART0_ReadChr                    
00002d6d  UART0_ReadString                 
00002de9  pvPortMalloc                     
00002eef  vPortFree                        
00002f51  xPortGetFreeHeapSize             
00002f57  vPortInitialiseBlocks            
00002fb5  pxPortInitialiseStack            
0000301f  xPortStartScheduler              
000030b3  vPortEndScheduler                
000030b5  vPortEnterCritical               
000030d5  vPortExitCritical                
000030eb  xPortSysTickHandler              
00003111  vPortSetupTimerInterrupt         
0000311f  vPortValidateInterruptPriority   
0000316d  __aeabi_dsub                     
00003177  __aeabi_dadd                     
00003323  __mpu_init                       
00003325  Task2                            
000033d5  Task1                            
00003433  main                             
000034d1  vListInitialise                  
00003501  vListInitialiseItem              
00003511  vListInsertEnd                   
0000354d  vListInsert                      
000035bb  uxListRemove                     
00003603  _system_post_cinit               
00003615  ulPortGetIPSR                    
0000362d  xPortPendSVHandler               
0000368d  vPortSVCHandler                  
000036ad  vPortStartFirstTask              
000036c9  vPortEnableVFP                   
000036d7  __aeabi_memcpy                   
000036d7  __aeabi_memcpy4                  
000036d7  __aeabi_memcpy8                  
000036d7  memcpy                           
00003775  PLL_Set80                        
000037f1  __aeabi_memclr                   
000037f1  __aeabi_memclr4                  
000037f1  __aeabi_memclr8                  
000037f3  __aeabi_memset                   
000037f3  __aeabi_memset4                  
000037f3  __aeabi_memset8                  
000037f9  memset                           
0000386d  __TI_auto_init                   
000038dd  __TI_decompress_lzss             
00003945  _c_int00                         
00003999  C$$EXIT                          
0000399d  abort                            
000039a5  exit                             
000039ed  copy_in                          
00003a39  __aeabi_d2iz                     
00003a81  __aeabi_f2d                      
00003ab9  _args_main                       
00003ad1  _register_unlock                 
00003ad7  _register_lock                   
00003adf  _nop                             
00003ae5  __TI_decompress_none             
00003af3  __TI_zero_init                   
00003aff  ResetISR                         
00003b0b  _system_pre_init                 
00003b44  ulMaxSyscallInterruptPriority    
00003b98  __TI_Handler_Table_Base          
00003ba4  __TI_Handler_Table_Limit         
00003bb0  __TI_CINIT_Base                  
00003bc0  __TI_CINIT_Limit                 
20004e84  xQueueRegistry                   
20004f50  First_Q                          
20004f54  String_Q                         
20004f58  __stack                          
20005158  __STACK_END                      
20005158  __STACK_TOP                      
20005158  pxCurrentTCB                     
2000518c  colors2                          
200051a8  __TI_cleanup_ptr                 
200051ac  __TI_dtors_ptr                   
200051b0  __TI_enable_exit_profile_output  
200051c0  _lock                            
200051c4  _unlock                          
200051d0  colors                           
200051d8  data                             
200051dc  main_func_sp                     
ffffffff  __TI_pprof_out_hndl              
ffffffff  __TI_prof_data_size              
ffffffff  __TI_prof_data_start             
ffffffff  __binit__                        
ffffffff  __c_args__                       
ffffffff  binit                            
UNDEFED   SHT$$INIT_ARRAY$$Base            
UNDEFED   SHT$$INIT_ARRAY$$Limit           

[172 symbols]
