<?xml version="1.0"?>
<link_info>
   <banner>TI ARM Linker PC v16.9.4.LTS</banner>
   <copyright>Copyright (c) 1996-2017 Texas Instruments Incorporated</copyright>
   <link_time>0x5fca688d</link_time>
   <link_errors>0x0</link_errors>
   <output_file>FREERTOS_LAB3.out</output_file>
   <entry_point>
      <name>_c_int00</name>
      <address>0x2de9</address>
   </entry_point>
   <input_file_list>
      <input_file id="fl-2">
         <path>.\</path>
         <kind>object</kind>
         <file>DIO.obj</file>
         <name>DIO.obj</name>
      </input_file>
      <input_file id="fl-3">
         <path>.\</path>
         <kind>object</kind>
         <file>PLL.obj</file>
         <name>PLL.obj</name>
      </input_file>
      <input_file id="fl-4">
         <path>.\</path>
         <kind>object</kind>
         <file>UART.obj</file>
         <name>UART.obj</name>
      </input_file>
      <input_file id="fl-5">
         <path>.\</path>
         <kind>object</kind>
         <file>heap_2.obj</file>
         <name>heap_2.obj</name>
      </input_file>
      <input_file id="fl-6">
         <path>.\</path>
         <kind>object</kind>
         <file>list.obj</file>
         <name>list.obj</name>
      </input_file>
      <input_file id="fl-7">
         <path>.\</path>
         <kind>object</kind>
         <file>main.obj</file>
         <name>main.obj</name>
      </input_file>
      <input_file id="fl-8">
         <path>.\</path>
         <kind>object</kind>
         <file>port.obj</file>
         <name>port.obj</name>
      </input_file>
      <input_file id="fl-9">
         <path>.\</path>
         <kind>object</kind>
         <file>portasm.obj</file>
         <name>portasm.obj</name>
      </input_file>
      <input_file id="fl-a">
         <path>.\</path>
         <kind>object</kind>
         <file>queue.obj</file>
         <name>queue.obj</name>
      </input_file>
      <input_file id="fl-b">
         <path>.\</path>
         <kind>object</kind>
         <file>tasks.obj</file>
         <name>tasks.obj</name>
      </input_file>
      <input_file id="fl-c">
         <path>.\</path>
         <kind>object</kind>
         <file>tm4c1231h6pm_startup_ccs.obj</file>
         <name>tm4c1231h6pm_startup_ccs.obj</name>
      </input_file>
      <input_file id="fl-10">
         <kind>object</kind>
         <file>&lt;internal&gt;</file>
         <name>&lt;internal&gt;</name>
      </input_file>
      <input_file id="fl-c6">
         <path>C:\ti\ccsv7\tools\compiler\ti-cgt-arm_16.9.4.LTS\lib\</path>
         <kind>archive</kind>
         <file>rtsv7M4_T_le_v4SPD16_eabi.lib</file>
         <name>boot.obj</name>
      </input_file>
      <input_file id="fl-c7">
         <path>C:\ti\ccsv7\tools\compiler\ti-cgt-arm_16.9.4.LTS\lib\</path>
         <kind>archive</kind>
         <file>rtsv7M4_T_le_v4SPD16_eabi.lib</file>
         <name>copy_decompress_lzss.obj</name>
      </input_file>
      <input_file id="fl-c8">
         <path>C:\ti\ccsv7\tools\compiler\ti-cgt-arm_16.9.4.LTS\lib\</path>
         <kind>archive</kind>
         <file>rtsv7M4_T_le_v4SPD16_eabi.lib</file>
         <name>copy_decompress_none.obj</name>
      </input_file>
      <input_file id="fl-c9">
         <path>C:\ti\ccsv7\tools\compiler\ti-cgt-arm_16.9.4.LTS\lib\</path>
         <kind>archive</kind>
         <file>rtsv7M4_T_le_v4SPD16_eabi.lib</file>
         <name>copy_zero_init.obj</name>
      </input_file>
      <input_file id="fl-ca">
         <path>C:\ti\ccsv7\tools\compiler\ti-cgt-arm_16.9.4.LTS\lib\</path>
         <kind>archive</kind>
         <file>rtsv7M4_T_le_v4SPD16_eabi.lib</file>
         <name>exit.obj</name>
      </input_file>
      <input_file id="fl-cb">
         <path>C:\ti\ccsv7\tools\compiler\ti-cgt-arm_16.9.4.LTS\lib\</path>
         <kind>archive</kind>
         <file>rtsv7M4_T_le_v4SPD16_eabi.lib</file>
         <name>fd_add_t2.obj</name>
      </input_file>
      <input_file id="fl-cc">
         <path>C:\ti\ccsv7\tools\compiler\ti-cgt-arm_16.9.4.LTS\lib\</path>
         <kind>archive</kind>
         <file>rtsv7M4_T_le_v4SPD16_eabi.lib</file>
         <name>fd_toi_t2.obj</name>
      </input_file>
      <input_file id="fl-cd">
         <path>C:\ti\ccsv7\tools\compiler\ti-cgt-arm_16.9.4.LTS\lib\</path>
         <kind>archive</kind>
         <file>rtsv7M4_T_le_v4SPD16_eabi.lib</file>
         <name>fs_tod_t2.obj</name>
      </input_file>
      <input_file id="fl-ce">
         <path>C:\ti\ccsv7\tools\compiler\ti-cgt-arm_16.9.4.LTS\lib\</path>
         <kind>archive</kind>
         <file>rtsv7M4_T_le_v4SPD16_eabi.lib</file>
         <name>memcpy_t2.obj</name>
      </input_file>
      <input_file id="fl-cf">
         <path>C:\ti\ccsv7\tools\compiler\ti-cgt-arm_16.9.4.LTS\lib\</path>
         <kind>archive</kind>
         <file>rtsv7M4_T_le_v4SPD16_eabi.lib</file>
         <name>memset_t2.obj</name>
      </input_file>
      <input_file id="fl-d0">
         <path>C:\ti\ccsv7\tools\compiler\ti-cgt-arm_16.9.4.LTS\lib\</path>
         <kind>archive</kind>
         <file>rtsv7M4_T_le_v4SPD16_eabi.lib</file>
         <name>mpu_init.obj</name>
      </input_file>
      <input_file id="fl-d1">
         <path>C:\ti\ccsv7\tools\compiler\ti-cgt-arm_16.9.4.LTS\lib\</path>
         <kind>archive</kind>
         <file>rtsv7M4_T_le_v4SPD16_eabi.lib</file>
         <name>pre_init.obj</name>
      </input_file>
      <input_file id="fl-d2">
         <path>C:\ti\ccsv7\tools\compiler\ti-cgt-arm_16.9.4.LTS\lib\</path>
         <kind>archive</kind>
         <file>rtsv7M4_T_le_v4SPD16_eabi.lib</file>
         <name>stkdepth_vars.obj</name>
      </input_file>
      <input_file id="fl-d3">
         <path>C:\ti\ccsv7\tools\compiler\ti-cgt-arm_16.9.4.LTS\lib\</path>
         <kind>archive</kind>
         <file>rtsv7M4_T_le_v4SPD16_eabi.lib</file>
         <name>_lock.obj</name>
      </input_file>
      <input_file id="fl-d4">
         <path>C:\ti\ccsv7\tools\compiler\ti-cgt-arm_16.9.4.LTS\lib\</path>
         <kind>archive</kind>
         <file>rtsv7M4_T_le_v4SPD16_eabi.lib</file>
         <name>args_main.obj</name>
      </input_file>
      <input_file id="fl-d5">
         <path>C:\ti\ccsv7\tools\compiler\ti-cgt-arm_16.9.4.LTS\lib\</path>
         <kind>archive</kind>
         <file>rtsv7M4_T_le_v4SPD16_eabi.lib</file>
         <name>autoinit.obj</name>
      </input_file>
      <input_file id="fl-d6">
         <path>C:\ti\ccsv7\tools\compiler\ti-cgt-arm_16.9.4.LTS\lib\</path>
         <kind>archive</kind>
         <file>rtsv7M4_T_le_v4SPD16_eabi.lib</file>
         <name>cpy_tbl.obj</name>
      </input_file>
      <input_file id="fl-d7">
         <path>C:\ti\ccsv7\tools\compiler\ti-cgt-arm_16.9.4.LTS\lib\</path>
         <kind>archive</kind>
         <file>rtsv7M4_T_le_v4SPD16_eabi.lib</file>
         <name>startup.obj</name>
      </input_file>
   </input_file_list>
   <object_component_list>
      <object_component id="oc-f">
         <name>.intvecs</name>
         <load_address>0x0</load_address>
         <run_address>0x0</run_address>
         <size>0x26c</size>
         <input_file_ref idref="fl-c"/>
      </object_component>
      <object_component id="oc-8b">
         <name>.text</name>
         <load_address>0x26c</load_address>
         <run_address>0x26c</run_address>
         <size>0x19e4</size>
         <input_file_ref idref="fl-b"/>
      </object_component>
      <object_component id="oc-139">
         <name>.text</name>
         <load_address>0x1c50</load_address>
         <run_address>0x1c50</run_address>
         <size>0x4f0</size>
         <input_file_ref idref="fl-2"/>
      </object_component>
      <object_component id="oc-12d">
         <name>.text</name>
         <load_address>0x2140</load_address>
         <run_address>0x2140</run_address>
         <size>0x214</size>
         <input_file_ref idref="fl-4"/>
      </object_component>
      <object_component id="oc-eb">
         <name>.text</name>
         <load_address>0x2354</load_address>
         <run_address>0x2354</run_address>
         <size>0x1cc</size>
         <input_file_ref idref="fl-5"/>
      </object_component>
      <object_component id="oc-36">
         <name>.text</name>
         <load_address>0x2520</load_address>
         <run_address>0x2520</run_address>
         <size>0x1b8</size>
         <input_file_ref idref="fl-8"/>
      </object_component>
      <object_component id="oc-1a2">
         <name>.text</name>
         <load_address>0x26d8</load_address>
         <run_address>0x26d8</run_address>
         <size>0x1b6</size>
         <input_file_ref idref="fl-cb"/>
      </object_component>
      <object_component id="oc-f1">
         <name>.text</name>
         <load_address>0x288e</load_address>
         <run_address>0x288e</run_address>
         <size>0x132</size>
         <input_file_ref idref="fl-6"/>
      </object_component>
      <object_component id="oc-ce">
         <name>.text</name>
         <load_address>0x29c0</load_address>
         <run_address>0x29c0</run_address>
         <size>0xe8</size>
         <input_file_ref idref="fl-7"/>
      </object_component>
      <object_component id="oc-31">
         <name>.text</name>
         <load_address>0x2aa8</load_address>
         <run_address>0x2aa8</run_address>
         <size>0xd2</size>
         <input_file_ref idref="fl-9"/>
      </object_component>
      <object_component id="oc-4a">
         <name>.text</name>
         <load_address>0x2b7a</load_address>
         <run_address>0x2b7a</run_address>
         <size>0x9c</size>
         <input_file_ref idref="fl-ce"/>
      </object_component>
      <object_component id="oc-62">
         <name>.text</name>
         <load_address>0x2c16</load_address>
         <run_address>0x2c16</run_address>
         <size>0x2</size>
         <input_file_ref idref="fl-d0"/>
      </object_component>
      <object_component id="oc-133">
         <name>.text</name>
         <load_address>0x2c18</load_address>
         <run_address>0x2c18</run_address>
         <size>0x7c</size>
         <input_file_ref idref="fl-3"/>
      </object_component>
      <object_component id="oc-56">
         <name>.text</name>
         <load_address>0x2c94</load_address>
         <run_address>0x2c94</run_address>
         <size>0x7a</size>
         <input_file_ref idref="fl-cf"/>
      </object_component>
      <object_component id="oc-c6">
         <name>.text</name>
         <load_address>0x2d0e</load_address>
         <run_address>0x2d0e</run_address>
         <size>0x2</size>
         <input_file_ref idref="fl-d7"/>
      </object_component>
      <object_component id="oc-6e">
         <name>.text</name>
         <load_address>0x2d10</load_address>
         <run_address>0x2d10</run_address>
         <size>0x70</size>
         <input_file_ref idref="fl-d5"/>
      </object_component>
      <object_component id="oc-12">
         <name>.text:decompress:lzss</name>
         <load_address>0x2d80</load_address>
         <run_address>0x2d80</run_address>
         <size>0x68</size>
         <input_file_ref idref="fl-c7"/>
      </object_component>
      <object_component id="oc-24">
         <name>.text</name>
         <load_address>0x2de8</load_address>
         <run_address>0x2de8</run_address>
         <size>0x54</size>
         <input_file_ref idref="fl-c6"/>
      </object_component>
      <object_component id="oc-7a">
         <name>.text</name>
         <load_address>0x2e3c</load_address>
         <run_address>0x2e3c</run_address>
         <size>0x54</size>
         <input_file_ref idref="fl-ca"/>
      </object_component>
      <object_component id="oc-c0">
         <name>.text</name>
         <load_address>0x2e90</load_address>
         <run_address>0x2e90</run_address>
         <size>0x4c</size>
         <input_file_ref idref="fl-d6"/>
      </object_component>
      <object_component id="oc-1a7">
         <name>.text</name>
         <load_address>0x2edc</load_address>
         <run_address>0x2edc</run_address>
         <size>0x48</size>
         <input_file_ref idref="fl-cc"/>
      </object_component>
      <object_component id="oc-19d">
         <name>.text</name>
         <load_address>0x2f24</load_address>
         <run_address>0x2f24</run_address>
         <size>0x38</size>
         <input_file_ref idref="fl-cd"/>
      </object_component>
      <object_component id="oc-74">
         <name>.text</name>
         <load_address>0x2f5c</load_address>
         <run_address>0x2f5c</run_address>
         <size>0x18</size>
         <input_file_ref idref="fl-d4"/>
      </object_component>
      <object_component id="oc-14d">
         <name>.text</name>
         <load_address>0x2f74</load_address>
         <run_address>0x2f74</run_address>
         <size>0x14</size>
         <input_file_ref idref="fl-d3"/>
      </object_component>
      <object_component id="oc-18">
         <name>.text:decompress:none</name>
         <load_address>0x2f88</load_address>
         <run_address>0x2f88</run_address>
         <size>0xe</size>
         <input_file_ref idref="fl-c8"/>
      </object_component>
      <object_component id="oc-1e">
         <name>.text:decompress:ZI</name>
         <load_address>0x2f96</load_address>
         <run_address>0x2f96</run_address>
         <size>0xc</size>
         <input_file_ref idref="fl-c9"/>
      </object_component>
      <object_component id="oc-2b">
         <name>.text</name>
         <load_address>0x2fa2</load_address>
         <run_address>0x2fa2</run_address>
         <size>0xc</size>
         <input_file_ref idref="fl-c"/>
      </object_component>
      <object_component id="oc-68">
         <name>.text</name>
         <load_address>0x2fae</load_address>
         <run_address>0x2fae</run_address>
         <size>0x4</size>
         <input_file_ref idref="fl-d1"/>
      </object_component>
      <object_component id="oc-88">
         <name>.const</name>
         <load_address>0x2fb4</load_address>
         <run_address>0x2fb4</run_address>
         <size>0x8</size>
         <input_file_ref idref="fl-8"/>
      </object_component>
      <object_component id="oc-16d">
         <name>.const</name>
         <load_address>0x2fbc</load_address>
         <run_address>0x2fbc</run_address>
         <size>0x2</size>
         <input_file_ref idref="fl-5"/>
      </object_component>
      <object_component id="oc-1f1">
         <name>.cinit..data.load</name>
         <load_address>0x2fc0</load_address>
         <run_address>0x2fc0</run_address>
         <size>0x23</size>
      </object_component>
      <object_component id="oc-1ef">
         <name>__TI_handler_table</name>
         <load_address>0x2fe4</load_address>
         <run_address>0x2fe4</run_address>
         <size>0xc</size>
      </object_component>
      <object_component id="oc-1f2">
         <name>.cinit..bss.load</name>
         <load_address>0x2ff0</load_address>
         <run_address>0x2ff0</run_address>
         <size>0x8</size>
      </object_component>
      <object_component id="oc-1f0">
         <name>__TI_cinit_table</name>
         <load_address>0x2ff8</load_address>
         <run_address>0x2ff8</run_address>
         <size>0x10</size>
      </object_component>
      <object_component id="oc-16a">
         <name>.data</name>
         <load_address>0x20005160</load_address>
         <run_address>0x20005160</run_address>
         <size>0x8</size>
         <input_file_ref idref="fl-5"/>
      </object_component>
      <object_component id="oc-13f">
         <name>.data</name>
         <load_address>0x20005140</load_address>
         <run_address>0x20005140</run_address>
         <size>0xc</size>
         <input_file_ref idref="fl-7"/>
      </object_component>
      <object_component id="oc-92">
         <name>.data</name>
         <load_address>0x2000514c</load_address>
         <run_address>0x2000514c</run_address>
         <size>0xc</size>
         <input_file_ref idref="fl-8"/>
      </object_component>
      <object_component id="oc-85">
         <name>.data</name>
         <load_address>0x20005100</load_address>
         <run_address>0x20005100</run_address>
         <size>0x34</size>
         <input_file_ref idref="fl-b"/>
      </object_component>
      <object_component id="oc-d6">
         <name>.data:$O1$$</name>
         <load_address>0x20005134</load_address>
         <run_address>0x20005134</run_address>
         <size>0xc</size>
         <input_file_ref idref="fl-ca"/>
      </object_component>
      <object_component id="oc-80">
         <name>.data</name>
         <load_address>0x20005168</load_address>
         <run_address>0x20005168</run_address>
         <size>0x4</size>
         <input_file_ref idref="fl-d2"/>
      </object_component>
      <object_component id="oc-d9">
         <name>.data:$O1$$</name>
         <load_address>0x20005158</load_address>
         <run_address>0x20005158</run_address>
         <size>0x8</size>
         <input_file_ref idref="fl-d3"/>
      </object_component>
      <object_component id="oc-176">
         <name>.bss:ucHeap</name>
         <uninitialized>true</uninitialized>
         <run_address>0x20000000</run_address>
         <size>0x4e20</size>
         <input_file_ref idref="fl-5"/>
      </object_component>
      <object_component id="oc-170">
         <name>.bss:xStart</name>
         <uninitialized>true</uninitialized>
         <run_address>0x20004ef8</run_address>
         <size>0x8</size>
         <input_file_ref idref="fl-5"/>
      </object_component>
      <object_component id="oc-173">
         <name>.bss:xEnd</name>
         <uninitialized>true</uninitialized>
         <run_address>0x20004ef0</run_address>
         <size>0x8</size>
         <input_file_ref idref="fl-5"/>
      </object_component>
      <object_component id="oc-f7">
         <name>.bss:pxReadyTasksLists</name>
         <uninitialized>true</uninitialized>
         <run_address>0x20004e20</run_address>
         <size>0x64</size>
         <input_file_ref idref="fl-b"/>
      </object_component>
      <object_component id="oc-106">
         <name>.bss:xDelayedTaskList1</name>
         <uninitialized>true</uninitialized>
         <run_address>0x20004e84</run_address>
         <size>0x14</size>
         <input_file_ref idref="fl-b"/>
      </object_component>
      <object_component id="oc-109">
         <name>.bss:xDelayedTaskList2</name>
         <uninitialized>true</uninitialized>
         <run_address>0x20004e98</run_address>
         <size>0x14</size>
         <input_file_ref idref="fl-b"/>
      </object_component>
      <object_component id="oc-fd">
         <name>.bss</name>
         <uninitialized>true</uninitialized>
         <run_address>0x20004ee8</run_address>
         <size>0x8</size>
         <input_file_ref idref="fl-b"/>
      </object_component>
      <object_component id="oc-103">
         <name>.bss:xPendingReadyList</name>
         <uninitialized>true</uninitialized>
         <run_address>0x20004eac</run_address>
         <size>0x14</size>
         <input_file_ref idref="fl-b"/>
      </object_component>
      <object_component id="oc-fa">
         <name>.bss:xTasksWaitingTermination</name>
         <uninitialized>true</uninitialized>
         <run_address>0x20004ed4</run_address>
         <size>0x14</size>
         <input_file_ref idref="fl-b"/>
      </object_component>
      <object_component id="oc-100">
         <name>.bss:xSuspendedTaskList</name>
         <uninitialized>true</uninitialized>
         <run_address>0x20004ec0</run_address>
         <size>0x14</size>
         <input_file_ref idref="fl-b"/>
      </object_component>
      <object_component id="oc-2a">
         <name>.stack</name>
         <uninitialized>true</uninitialized>
         <run_address>0x20004f00</run_address>
         <size>0x0</size>
         <input_file_ref idref="fl-c6"/>
      </object_component>
      <object_component id="oc-1f3">
         <name>.stack</name>
         <uninitialized>true</uninitialized>
         <run_address>0x20004f00</run_address>
         <size>0x0</size>
      </object_component>
      <object_component id="oc-1b5">
         <name>.debug_info</name>
         <load_address>0x0</load_address>
         <run_address>0x0</run_address>
         <size>0x27a</size>
         <input_file_ref idref="fl-2"/>
      </object_component>
      <object_component id="oc-13a">
         <name>.debug_info</name>
         <load_address>0x27a</load_address>
         <run_address>0x27a</run_address>
         <size>0x3d5</size>
         <input_file_ref idref="fl-2"/>
      </object_component>
      <object_component id="oc-45">
         <name>.debug_info</name>
         <load_address>0x64f</load_address>
         <run_address>0x64f</run_address>
         <size>0x84</size>
         <input_file_ref idref="fl-2"/>
      </object_component>
      <object_component id="oc-1ae">
         <name>.debug_info</name>
         <load_address>0x6d3</load_address>
         <run_address>0x6d3</run_address>
         <size>0x53</size>
         <input_file_ref idref="fl-2"/>
      </object_component>
      <object_component id="oc-137">
         <name>.debug_info</name>
         <load_address>0x726</load_address>
         <run_address>0x726</run_address>
         <size>0x120</size>
         <input_file_ref idref="fl-3"/>
      </object_component>
      <object_component id="oc-1ad">
         <name>.debug_info</name>
         <load_address>0x846</load_address>
         <run_address>0x846</run_address>
         <size>0x2a5</size>
         <input_file_ref idref="fl-4"/>
      </object_component>
      <object_component id="oc-12e">
         <name>.debug_info</name>
         <load_address>0xaeb</load_address>
         <run_address>0xaeb</run_address>
         <size>0x46b</size>
         <input_file_ref idref="fl-4"/>
      </object_component>
      <object_component id="oc-11b">
         <name>.debug_info</name>
         <load_address>0xf56</load_address>
         <run_address>0xf56</run_address>
         <size>0x3f3</size>
         <input_file_ref idref="fl-5"/>
      </object_component>
      <object_component id="oc-177">
         <name>.debug_info</name>
         <load_address>0x1349</load_address>
         <run_address>0x1349</run_address>
         <size>0xf4</size>
         <input_file_ref idref="fl-5"/>
      </object_component>
      <object_component id="oc-16e">
         <name>.debug_info</name>
         <load_address>0x143d</load_address>
         <run_address>0x143d</run_address>
         <size>0x106</size>
         <input_file_ref idref="fl-5"/>
      </object_component>
      <object_component id="oc-171">
         <name>.debug_info</name>
         <load_address>0x1543</load_address>
         <run_address>0x1543</run_address>
         <size>0xf4</size>
         <input_file_ref idref="fl-5"/>
      </object_component>
      <object_component id="oc-174">
         <name>.debug_info</name>
         <load_address>0x1637</load_address>
         <run_address>0x1637</run_address>
         <size>0xf0</size>
         <input_file_ref idref="fl-5"/>
      </object_component>
      <object_component id="oc-16b">
         <name>.debug_info</name>
         <load_address>0x1727</load_address>
         <run_address>0x1727</run_address>
         <size>0x10e</size>
         <input_file_ref idref="fl-5"/>
      </object_component>
      <object_component id="oc-ec">
         <name>.debug_info</name>
         <load_address>0x1835</load_address>
         <run_address>0x1835</run_address>
         <size>0x51f</size>
         <input_file_ref idref="fl-5"/>
      </object_component>
      <object_component id="oc-e4">
         <name>.debug_info</name>
         <load_address>0x1d54</load_address>
         <run_address>0x1d54</run_address>
         <size>0x30c</size>
         <input_file_ref idref="fl-5"/>
      </object_component>
      <object_component id="oc-165">
         <name>.debug_info</name>
         <load_address>0x2060</load_address>
         <run_address>0x2060</run_address>
         <size>0x110</size>
         <input_file_ref idref="fl-5"/>
      </object_component>
      <object_component id="oc-116">
         <name>.debug_info</name>
         <load_address>0x2170</load_address>
         <run_address>0x2170</run_address>
         <size>0x3cd</size>
         <input_file_ref idref="fl-5"/>
      </object_component>
      <object_component id="oc-18c">
         <name>.debug_info</name>
         <load_address>0x253d</load_address>
         <run_address>0x253d</run_address>
         <size>0x62</size>
         <input_file_ref idref="fl-5"/>
      </object_component>
      <object_component id="oc-97">
         <name>.debug_info</name>
         <load_address>0x259f</load_address>
         <run_address>0x259f</run_address>
         <size>0x2c</size>
         <input_file_ref idref="fl-5"/>
      </object_component>
      <object_component id="oc-a1">
         <name>.debug_info</name>
         <load_address>0x25cb</load_address>
         <run_address>0x25cb</run_address>
         <size>0x18b</size>
         <input_file_ref idref="fl-5"/>
      </object_component>
      <object_component id="oc-9c">
         <name>.debug_info</name>
         <load_address>0x2756</load_address>
         <run_address>0x2756</run_address>
         <size>0x53</size>
         <input_file_ref idref="fl-5"/>
      </object_component>
      <object_component id="oc-111">
         <name>.debug_info</name>
         <load_address>0x27a9</load_address>
         <run_address>0x27a9</run_address>
         <size>0x14c</size>
         <input_file_ref idref="fl-5"/>
      </object_component>
      <object_component id="oc-17b">
         <name>.debug_info</name>
         <load_address>0x28f5</load_address>
         <run_address>0x28f5</run_address>
         <size>0x35b</size>
         <input_file_ref idref="fl-6"/>
      </object_component>
      <object_component id="oc-f2">
         <name>.debug_info</name>
         <load_address>0x2c50</load_address>
         <run_address>0x2c50</run_address>
         <size>0x46c</size>
         <input_file_ref idref="fl-6"/>
      </object_component>
      <object_component id="oc-143">
         <name>.debug_info</name>
         <load_address>0x30bc</load_address>
         <run_address>0x30bc</run_address>
         <size>0x530</size>
         <input_file_ref idref="fl-7"/>
      </object_component>
      <object_component id="oc-140">
         <name>.debug_info</name>
         <load_address>0x35ec</load_address>
         <run_address>0x35ec</run_address>
         <size>0x115</size>
         <input_file_ref idref="fl-7"/>
      </object_component>
      <object_component id="oc-d1">
         <name>.debug_info</name>
         <load_address>0x3701</load_address>
         <run_address>0x3701</run_address>
         <size>0x329</size>
         <input_file_ref idref="fl-7"/>
      </object_component>
      <object_component id="oc-96">
         <name>.debug_info</name>
         <load_address>0x3a2a</load_address>
         <run_address>0x3a2a</run_address>
         <size>0x46c</size>
         <input_file_ref idref="fl-8"/>
      </object_component>
      <object_component id="oc-89">
         <name>.debug_info</name>
         <load_address>0x3e96</load_address>
         <run_address>0x3e96</run_address>
         <size>0x169</size>
         <input_file_ref idref="fl-8"/>
      </object_component>
      <object_component id="oc-93">
         <name>.debug_info</name>
         <load_address>0x3fff</load_address>
         <run_address>0x3fff</run_address>
         <size>0x174</size>
         <input_file_ref idref="fl-8"/>
      </object_component>
      <object_component id="oc-37">
         <name>.debug_info</name>
         <load_address>0x4173</load_address>
         <run_address>0x4173</run_address>
         <size>0x657</size>
         <input_file_ref idref="fl-8"/>
      </object_component>
      <object_component id="oc-33">
         <name>.debug_info</name>
         <load_address>0x47ca</load_address>
         <run_address>0x47ca</run_address>
         <size>0x259</size>
         <input_file_ref idref="fl-9"/>
      </object_component>
      <object_component id="oc-e3">
         <name>.debug_info</name>
         <load_address>0x4a23</load_address>
         <run_address>0x4a23</run_address>
         <size>0x7b5</size>
         <input_file_ref idref="fl-b"/>
      </object_component>
      <object_component id="oc-86">
         <name>.debug_info</name>
         <load_address>0x51d8</load_address>
         <run_address>0x51d8</run_address>
         <size>0x363</size>
         <input_file_ref idref="fl-b"/>
      </object_component>
      <object_component id="oc-f8">
         <name>.debug_info</name>
         <load_address>0x553b</load_address>
         <run_address>0x553b</run_address>
         <size>0x10a</size>
         <input_file_ref idref="fl-b"/>
      </object_component>
      <object_component id="oc-107">
         <name>.debug_info</name>
         <load_address>0x5645</load_address>
         <run_address>0x5645</run_address>
         <size>0x10a</size>
         <input_file_ref idref="fl-b"/>
      </object_component>
      <object_component id="oc-10a">
         <name>.debug_info</name>
         <load_address>0x574f</load_address>
         <run_address>0x574f</run_address>
         <size>0x10a</size>
         <input_file_ref idref="fl-b"/>
      </object_component>
      <object_component id="oc-fe">
         <name>.debug_info</name>
         <load_address>0x5859</load_address>
         <run_address>0x5859</run_address>
         <size>0x14d</size>
         <input_file_ref idref="fl-b"/>
      </object_component>
      <object_component id="oc-104">
         <name>.debug_info</name>
         <load_address>0x59a6</load_address>
         <run_address>0x59a6</run_address>
         <size>0x10a</size>
         <input_file_ref idref="fl-b"/>
      </object_component>
      <object_component id="oc-fb">
         <name>.debug_info</name>
         <load_address>0x5ab0</load_address>
         <run_address>0x5ab0</run_address>
         <size>0x118</size>
         <input_file_ref idref="fl-b"/>
      </object_component>
      <object_component id="oc-101">
         <name>.debug_info</name>
         <load_address>0x5bc8</load_address>
         <run_address>0x5bc8</run_address>
         <size>0x10c</size>
         <input_file_ref idref="fl-b"/>
      </object_component>
      <object_component id="oc-8c">
         <name>.debug_info</name>
         <load_address>0x5cd4</load_address>
         <run_address>0x5cd4</run_address>
         <size>0x47c4</size>
         <input_file_ref idref="fl-b"/>
      </object_component>
      <object_component id="oc-15b">
         <name>.debug_info</name>
         <load_address>0xa498</load_address>
         <run_address>0xa498</run_address>
         <size>0x46</size>
         <input_file_ref idref="fl-b"/>
      </object_component>
      <object_component id="oc-160">
         <name>.debug_info</name>
         <load_address>0xa4de</load_address>
         <run_address>0xa4de</run_address>
         <size>0x15b</size>
         <input_file_ref idref="fl-b"/>
      </object_component>
      <object_component id="oc-3e">
         <name>.debug_info</name>
         <load_address>0xa639</load_address>
         <run_address>0xa639</run_address>
         <size>0x342</size>
         <input_file_ref idref="fl-c"/>
      </object_component>
      <object_component id="oc-10">
         <name>.debug_info</name>
         <load_address>0xa97b</load_address>
         <run_address>0xa97b</run_address>
         <size>0x113</size>
         <input_file_ref idref="fl-c"/>
      </object_component>
      <object_component id="oc-2e">
         <name>.debug_info</name>
         <load_address>0xaa8e</load_address>
         <run_address>0xaa8e</run_address>
         <size>0x28f</size>
         <input_file_ref idref="fl-c"/>
      </object_component>
      <object_component id="oc-25">
         <name>.debug_info</name>
         <load_address>0xad1d</load_address>
         <run_address>0xad1d</run_address>
         <size>0x160</size>
         <input_file_ref idref="fl-c6"/>
      </object_component>
      <object_component id="oc-ad">
         <name>.debug_info</name>
         <load_address>0xae7d</load_address>
         <run_address>0xae7d</run_address>
         <size>0x293</size>
         <input_file_ref idref="fl-c7"/>
      </object_component>
      <object_component id="oc-16">
         <name>.debug_info</name>
         <load_address>0xb110</load_address>
         <run_address>0xb110</run_address>
         <size>0x245</size>
         <input_file_ref idref="fl-c7"/>
      </object_component>
      <object_component id="oc-40">
         <name>.debug_info</name>
         <load_address>0xb355</load_address>
         <run_address>0xb355</run_address>
         <size>0x60</size>
         <input_file_ref idref="fl-c7"/>
      </object_component>
      <object_component id="oc-a8">
         <name>.debug_info</name>
         <load_address>0xb3b5</load_address>
         <run_address>0xb3b5</run_address>
         <size>0x46</size>
         <input_file_ref idref="fl-c7"/>
      </object_component>
      <object_component id="oc-55">
         <name>.debug_info</name>
         <load_address>0xb3fb</load_address>
         <run_address>0xb3fb</run_address>
         <size>0x2da</size>
         <input_file_ref idref="fl-c8"/>
      </object_component>
      <object_component id="oc-1a">
         <name>.debug_info</name>
         <load_address>0xb6d5</load_address>
         <run_address>0xb6d5</run_address>
         <size>0x1df</size>
         <input_file_ref idref="fl-c8"/>
      </object_component>
      <object_component id="oc-50">
         <name>.debug_info</name>
         <load_address>0xb8b4</load_address>
         <run_address>0xb8b4</run_address>
         <size>0x46</size>
         <input_file_ref idref="fl-c8"/>
      </object_component>
      <object_component id="oc-af">
         <name>.debug_info</name>
         <load_address>0xb8fa</load_address>
         <run_address>0xb8fa</run_address>
         <size>0x2c</size>
         <input_file_ref idref="fl-c8"/>
      </object_component>
      <object_component id="oc-61">
         <name>.debug_info</name>
         <load_address>0xb926</load_address>
         <run_address>0xb926</run_address>
         <size>0x2c9</size>
         <input_file_ref idref="fl-c9"/>
      </object_component>
      <object_component id="oc-21">
         <name>.debug_info</name>
         <load_address>0xbbef</load_address>
         <run_address>0xbbef</run_address>
         <size>0x1aa</size>
         <input_file_ref idref="fl-c9"/>
      </object_component>
      <object_component id="oc-5c">
         <name>.debug_info</name>
         <load_address>0xbd99</load_address>
         <run_address>0xbd99</run_address>
         <size>0x46</size>
         <input_file_ref idref="fl-c9"/>
      </object_component>
      <object_component id="oc-b7">
         <name>.debug_info</name>
         <load_address>0xbddf</load_address>
         <run_address>0xbddf</run_address>
         <size>0x2c</size>
         <input_file_ref idref="fl-c9"/>
      </object_component>
      <object_component id="oc-dd">
         <name>.debug_info</name>
         <load_address>0xbe0b</load_address>
         <run_address>0xbe0b</run_address>
         <size>0x3ce</size>
         <input_file_ref idref="fl-ca"/>
      </object_component>
      <object_component id="oc-d7">
         <name>.debug_info</name>
         <load_address>0xc1d9</load_address>
         <run_address>0xc1d9</run_address>
         <size>0x185</size>
         <input_file_ref idref="fl-ca"/>
      </object_component>
      <object_component id="oc-7b">
         <name>.debug_info</name>
         <load_address>0xc35e</load_address>
         <run_address>0xc35e</run_address>
         <size>0x214</size>
         <input_file_ref idref="fl-ca"/>
      </object_component>
      <object_component id="oc-1a3">
         <name>.debug_info</name>
         <load_address>0xc572</load_address>
         <run_address>0xc572</run_address>
         <size>0x144</size>
         <input_file_ref idref="fl-cb"/>
      </object_component>
      <object_component id="oc-1a8">
         <name>.debug_info</name>
         <load_address>0xc6b6</load_address>
         <run_address>0xc6b6</run_address>
         <size>0x126</size>
         <input_file_ref idref="fl-cc"/>
      </object_component>
      <object_component id="oc-19e">
         <name>.debug_info</name>
         <load_address>0xc7dc</load_address>
         <run_address>0xc7dc</run_address>
         <size>0x124</size>
         <input_file_ref idref="fl-cd"/>
      </object_component>
      <object_component id="oc-4b">
         <name>.debug_info</name>
         <load_address>0xc900</load_address>
         <run_address>0xc900</run_address>
         <size>0x111</size>
         <input_file_ref idref="fl-ce"/>
      </object_component>
      <object_component id="oc-58">
         <name>.debug_info</name>
         <load_address>0xca11</load_address>
         <run_address>0xca11</run_address>
         <size>0x13f</size>
         <input_file_ref idref="fl-cf"/>
      </object_component>
      <object_component id="oc-64">
         <name>.debug_info</name>
         <load_address>0xcb50</load_address>
         <run_address>0xcb50</run_address>
         <size>0x138</size>
         <input_file_ref idref="fl-d0"/>
      </object_component>
      <object_component id="oc-6b">
         <name>.debug_info</name>
         <load_address>0xcc88</load_address>
         <run_address>0xcc88</run_address>
         <size>0x148</size>
         <input_file_ref idref="fl-d1"/>
      </object_component>
      <object_component id="oc-81">
         <name>.debug_info</name>
         <load_address>0xcdd0</load_address>
         <run_address>0xcdd0</run_address>
         <size>0x109</size>
         <input_file_ref idref="fl-d2"/>
      </object_component>
      <object_component id="oc-155">
         <name>.debug_info</name>
         <load_address>0xced9</load_address>
         <run_address>0xced9</run_address>
         <size>0x2be</size>
         <input_file_ref idref="fl-d3"/>
      </object_component>
      <object_component id="oc-da">
         <name>.debug_info</name>
         <load_address>0xd197</load_address>
         <run_address>0xd197</run_address>
         <size>0x113</size>
         <input_file_ref idref="fl-d3"/>
      </object_component>
      <object_component id="oc-14e">
         <name>.debug_info</name>
         <load_address>0xd2aa</load_address>
         <run_address>0xd2aa</run_address>
         <size>0x21f</size>
         <input_file_ref idref="fl-d3"/>
      </object_component>
      <object_component id="oc-d5">
         <name>.debug_info</name>
         <load_address>0xd4c9</load_address>
         <run_address>0xd4c9</run_address>
         <size>0x300</size>
         <input_file_ref idref="fl-d4"/>
      </object_component>
      <object_component id="oc-75">
         <name>.debug_info</name>
         <load_address>0xd7c9</load_address>
         <run_address>0xd7c9</run_address>
         <size>0x167</size>
         <input_file_ref idref="fl-d4"/>
      </object_component>
      <object_component id="oc-146">
         <name>.debug_info</name>
         <load_address>0xd930</load_address>
         <run_address>0xd930</run_address>
         <size>0x5e</size>
         <input_file_ref idref="fl-d4"/>
      </object_component>
      <object_component id="oc-cd">
         <name>.debug_info</name>
         <load_address>0xd98e</load_address>
         <run_address>0xd98e</run_address>
         <size>0x483</size>
         <input_file_ref idref="fl-d5"/>
      </object_component>
      <object_component id="oc-6f">
         <name>.debug_info</name>
         <load_address>0xde11</load_address>
         <run_address>0xde11</run_address>
         <size>0x190</size>
         <input_file_ref idref="fl-d5"/>
      </object_component>
      <object_component id="oc-123">
         <name>.debug_info</name>
         <load_address>0xdfa1</load_address>
         <run_address>0xdfa1</run_address>
         <size>0x39</size>
         <input_file_ref idref="fl-d5"/>
      </object_component>
      <object_component id="oc-198">
         <name>.debug_info</name>
         <load_address>0xdfda</load_address>
         <run_address>0xdfda</run_address>
         <size>0x39</size>
         <input_file_ref idref="fl-d5"/>
      </object_component>
      <object_component id="oc-128">
         <name>.debug_info</name>
         <load_address>0xe013</load_address>
         <run_address>0xe013</run_address>
         <size>0xcd</size>
         <input_file_ref idref="fl-d5"/>
      </object_component>
      <object_component id="oc-11f">
         <name>.debug_info</name>
         <load_address>0xe0e0</load_address>
         <run_address>0xe0e0</run_address>
         <size>0x37a</size>
         <input_file_ref idref="fl-d6"/>
      </object_component>
      <object_component id="oc-c3">
         <name>.debug_info</name>
         <load_address>0xe45a</load_address>
         <run_address>0xe45a</run_address>
         <size>0x183</size>
         <input_file_ref idref="fl-d6"/>
      </object_component>
      <object_component id="oc-193">
         <name>.debug_info</name>
         <load_address>0xe5dd</load_address>
         <run_address>0xe5dd</run_address>
         <size>0x2c</size>
         <input_file_ref idref="fl-d6"/>
      </object_component>
      <object_component id="oc-c9">
         <name>.debug_info</name>
         <load_address>0xe609</load_address>
         <run_address>0xe609</run_address>
         <size>0x145</size>
         <input_file_ref idref="fl-d7"/>
      </object_component>
      <object_component id="oc-1f4">
         <name>.debug_info</name>
         <load_address>0xe74e</load_address>
         <run_address>0xe74e</run_address>
         <size>0xc9</size>
      </object_component>
      <object_component id="oc-1cf">
         <name>.debug_line</name>
         <load_address>0x0</load_address>
         <run_address>0x0</run_address>
         <size>0x20</size>
         <input_file_ref idref="fl-2"/>
      </object_component>
      <object_component id="oc-13d">
         <name>.debug_line</name>
         <load_address>0x20</load_address>
         <run_address>0x20</run_address>
         <size>0x185</size>
         <input_file_ref idref="fl-2"/>
      </object_component>
      <object_component id="oc-48">
         <name>.debug_line</name>
         <load_address>0x1a5</load_address>
         <run_address>0x1a5</run_address>
         <size>0x20</size>
         <input_file_ref idref="fl-2"/>
      </object_component>
      <object_component id="oc-1b1">
         <name>.debug_line</name>
         <load_address>0x1c5</load_address>
         <run_address>0x1c5</run_address>
         <size>0x2e</size>
         <input_file_ref idref="fl-2"/>
      </object_component>
      <object_component id="oc-136">
         <name>.debug_line</name>
         <load_address>0x1f3</load_address>
         <run_address>0x1f3</run_address>
         <size>0x50</size>
         <input_file_ref idref="fl-3"/>
      </object_component>
      <object_component id="oc-1cd">
         <name>.debug_line</name>
         <load_address>0x243</load_address>
         <run_address>0x243</run_address>
         <size>0x20</size>
         <input_file_ref idref="fl-4"/>
      </object_component>
      <object_component id="oc-131">
         <name>.debug_line</name>
         <load_address>0x263</load_address>
         <run_address>0x263</run_address>
         <size>0x11c</size>
         <input_file_ref idref="fl-4"/>
      </object_component>
      <object_component id="oc-18b">
         <name>.debug_line</name>
         <load_address>0x37f</load_address>
         <run_address>0x37f</run_address>
         <size>0x2d</size>
         <input_file_ref idref="fl-5"/>
      </object_component>
      <object_component id="oc-1c6">
         <name>.debug_line</name>
         <load_address>0x3ac</load_address>
         <run_address>0x3ac</run_address>
         <size>0x2f</size>
         <input_file_ref idref="fl-5"/>
      </object_component>
      <object_component id="oc-1c0">
         <name>.debug_line</name>
         <load_address>0x3db</load_address>
         <run_address>0x3db</run_address>
         <size>0x2f</size>
         <input_file_ref idref="fl-5"/>
      </object_component>
      <object_component id="oc-1c2">
         <name>.debug_line</name>
         <load_address>0x40a</load_address>
         <run_address>0x40a</run_address>
         <size>0x2f</size>
         <input_file_ref idref="fl-5"/>
      </object_component>
      <object_component id="oc-1c4">
         <name>.debug_line</name>
         <load_address>0x439</load_address>
         <run_address>0x439</run_address>
         <size>0x2f</size>
         <input_file_ref idref="fl-5"/>
      </object_component>
      <object_component id="oc-1be">
         <name>.debug_line</name>
         <load_address>0x468</load_address>
         <run_address>0x468</run_address>
         <size>0x2f</size>
         <input_file_ref idref="fl-5"/>
      </object_component>
      <object_component id="oc-ef">
         <name>.debug_line</name>
         <load_address>0x497</load_address>
         <run_address>0x497</run_address>
         <size>0x102</size>
         <input_file_ref idref="fl-5"/>
      </object_component>
      <object_component id="oc-e7">
         <name>.debug_line</name>
         <load_address>0x599</load_address>
         <run_address>0x599</run_address>
         <size>0x2d</size>
         <input_file_ref idref="fl-5"/>
      </object_component>
      <object_component id="oc-168">
         <name>.debug_line</name>
         <load_address>0x5c6</load_address>
         <run_address>0x5c6</run_address>
         <size>0x65</size>
         <input_file_ref idref="fl-5"/>
      </object_component>
      <object_component id="oc-119">
         <name>.debug_line</name>
         <load_address>0x62b</load_address>
         <run_address>0x62b</run_address>
         <size>0x31</size>
         <input_file_ref idref="fl-5"/>
      </object_component>
      <object_component id="oc-18f">
         <name>.debug_line</name>
         <load_address>0x65c</load_address>
         <run_address>0x65c</run_address>
         <size>0x2f</size>
         <input_file_ref idref="fl-5"/>
      </object_component>
      <object_component id="oc-9a">
         <name>.debug_line</name>
         <load_address>0x68b</load_address>
         <run_address>0x68b</run_address>
         <size>0x31</size>
         <input_file_ref idref="fl-5"/>
      </object_component>
      <object_component id="oc-a4">
         <name>.debug_line</name>
         <load_address>0x6bc</load_address>
         <run_address>0x6bc</run_address>
         <size>0x65</size>
         <input_file_ref idref="fl-5"/>
      </object_component>
      <object_component id="oc-9f">
         <name>.debug_line</name>
         <load_address>0x721</load_address>
         <run_address>0x721</run_address>
         <size>0x32</size>
         <input_file_ref idref="fl-5"/>
      </object_component>
      <object_component id="oc-114">
         <name>.debug_line</name>
         <load_address>0x753</load_address>
         <run_address>0x753</run_address>
         <size>0x2d</size>
         <input_file_ref idref="fl-5"/>
      </object_component>
      <object_component id="oc-1c8">
         <name>.debug_line</name>
         <load_address>0x780</load_address>
         <run_address>0x780</run_address>
         <size>0x20</size>
         <input_file_ref idref="fl-6"/>
      </object_component>
      <object_component id="oc-f5">
         <name>.debug_line</name>
         <load_address>0x7a0</load_address>
         <run_address>0x7a0</run_address>
         <size>0xe5</size>
         <input_file_ref idref="fl-6"/>
      </object_component>
      <object_component id="oc-1b9">
         <name>.debug_line</name>
         <load_address>0x885</load_address>
         <run_address>0x885</run_address>
         <size>0x64</size>
         <input_file_ref idref="fl-7"/>
      </object_component>
      <object_component id="oc-1b7">
         <name>.debug_line</name>
         <load_address>0x8e9</load_address>
         <run_address>0x8e9</run_address>
         <size>0x2d</size>
         <input_file_ref idref="fl-7"/>
      </object_component>
      <object_component id="oc-d0">
         <name>.debug_line</name>
         <load_address>0x916</load_address>
         <run_address>0x916</run_address>
         <size>0x94</size>
         <input_file_ref idref="fl-7"/>
      </object_component>
      <object_component id="oc-110">
         <name>.debug_line</name>
         <load_address>0x9aa</load_address>
         <run_address>0x9aa</run_address>
         <size>0x3a</size>
         <input_file_ref idref="fl-8"/>
      </object_component>
      <object_component id="oc-ea">
         <name>.debug_line</name>
         <load_address>0x9e4</load_address>
         <run_address>0x9e4</run_address>
         <size>0x2d</size>
         <input_file_ref idref="fl-8"/>
      </object_component>
      <object_component id="oc-10e">
         <name>.debug_line</name>
         <load_address>0xa11</load_address>
         <run_address>0xa11</run_address>
         <size>0x2d</size>
         <input_file_ref idref="fl-8"/>
      </object_component>
      <object_component id="oc-3b">
         <name>.debug_line</name>
         <load_address>0xa3e</load_address>
         <run_address>0xa3e</run_address>
         <size>0x15e</size>
         <input_file_ref idref="fl-8"/>
      </object_component>
      <object_component id="oc-35">
         <name>.debug_line</name>
         <load_address>0xb9c</load_address>
         <run_address>0xb9c</run_address>
         <size>0xc9</size>
         <input_file_ref idref="fl-9"/>
      </object_component>
      <object_component id="oc-15a">
         <name>.debug_line</name>
         <load_address>0xc65</load_address>
         <run_address>0xc65</run_address>
         <size>0x95</size>
         <input_file_ref idref="fl-b"/>
      </object_component>
      <object_component id="oc-e2">
         <name>.debug_line</name>
         <load_address>0xcfa</load_address>
         <run_address>0xcfa</run_address>
         <size>0x2e</size>
         <input_file_ref idref="fl-b"/>
      </object_component>
      <object_component id="oc-17d">
         <name>.debug_line</name>
         <load_address>0xd28</load_address>
         <run_address>0xd28</run_address>
         <size>0x2e</size>
         <input_file_ref idref="fl-b"/>
      </object_component>
      <object_component id="oc-187">
         <name>.debug_line</name>
         <load_address>0xd56</load_address>
         <run_address>0xd56</run_address>
         <size>0x2e</size>
         <input_file_ref idref="fl-b"/>
      </object_component>
      <object_component id="oc-189">
         <name>.debug_line</name>
         <load_address>0xd84</load_address>
         <run_address>0xd84</run_address>
         <size>0x2e</size>
         <input_file_ref idref="fl-b"/>
      </object_component>
      <object_component id="oc-181">
         <name>.debug_line</name>
         <load_address>0xdb2</load_address>
         <run_address>0xdb2</run_address>
         <size>0x2e</size>
         <input_file_ref idref="fl-b"/>
      </object_component>
      <object_component id="oc-185">
         <name>.debug_line</name>
         <load_address>0xde0</load_address>
         <run_address>0xde0</run_address>
         <size>0x2e</size>
         <input_file_ref idref="fl-b"/>
      </object_component>
      <object_component id="oc-17f">
         <name>.debug_line</name>
         <load_address>0xe0e</load_address>
         <run_address>0xe0e</run_address>
         <size>0x2e</size>
         <input_file_ref idref="fl-b"/>
      </object_component>
      <object_component id="oc-183">
         <name>.debug_line</name>
         <load_address>0xe3c</load_address>
         <run_address>0xe3c</run_address>
         <size>0x2e</size>
         <input_file_ref idref="fl-b"/>
      </object_component>
      <object_component id="oc-8f">
         <name>.debug_line</name>
         <load_address>0xe6a</load_address>
         <run_address>0xe6a</run_address>
         <size>0xd7f</size>
         <input_file_ref idref="fl-b"/>
      </object_component>
      <object_component id="oc-15e">
         <name>.debug_line</name>
         <load_address>0x1be9</load_address>
         <run_address>0x1be9</run_address>
         <size>0x2f</size>
         <input_file_ref idref="fl-b"/>
      </object_component>
      <object_component id="oc-163">
         <name>.debug_line</name>
         <load_address>0x1c18</load_address>
         <run_address>0x1c18</run_address>
         <size>0x2e</size>
         <input_file_ref idref="fl-b"/>
      </object_component>
      <object_component id="oc-a7">
         <name>.debug_line</name>
         <load_address>0x1c46</load_address>
         <run_address>0x1c46</run_address>
         <size>0x41</size>
         <input_file_ref idref="fl-c"/>
      </object_component>
      <object_component id="oc-3d">
         <name>.debug_line</name>
         <load_address>0x1c87</load_address>
         <run_address>0x1c87</run_address>
         <size>0x41</size>
         <input_file_ref idref="fl-c"/>
      </object_component>
      <object_component id="oc-30">
         <name>.debug_line</name>
         <load_address>0x1cc8</load_address>
         <run_address>0x1cc8</run_address>
         <size>0xa1</size>
         <input_file_ref idref="fl-c"/>
      </object_component>
      <object_component id="oc-28">
         <name>.debug_line</name>
         <load_address>0x1d69</load_address>
         <run_address>0x1d69</run_address>
         <size>0x53</size>
         <input_file_ref idref="fl-c6"/>
      </object_component>
      <object_component id="oc-11d">
         <name>.debug_line</name>
         <load_address>0x1dbc</load_address>
         <run_address>0x1dbc</run_address>
         <size>0x20</size>
         <input_file_ref idref="fl-c7"/>
      </object_component>
      <object_component id="oc-14">
         <name>.debug_line</name>
         <load_address>0x1ddc</load_address>
         <run_address>0x1ddc</run_address>
         <size>0xa9</size>
         <input_file_ref idref="fl-c7"/>
      </object_component>
      <object_component id="oc-43">
         <name>.debug_line</name>
         <load_address>0x1e85</load_address>
         <run_address>0x1e85</run_address>
         <size>0x3a</size>
         <input_file_ref idref="fl-c7"/>
      </object_component>
      <object_component id="oc-ab">
         <name>.debug_line</name>
         <load_address>0x1ebf</load_address>
         <run_address>0x1ebf</run_address>
         <size>0x8a</size>
         <input_file_ref idref="fl-c7"/>
      </object_component>
      <object_component id="oc-b5">
         <name>.debug_line</name>
         <load_address>0x1f49</load_address>
         <run_address>0x1f49</run_address>
         <size>0x8a</size>
         <input_file_ref idref="fl-c8"/>
      </object_component>
      <object_component id="oc-1d">
         <name>.debug_line</name>
         <load_address>0x1fd3</load_address>
         <run_address>0x1fd3</run_address>
         <size>0x55</size>
         <input_file_ref idref="fl-c8"/>
      </object_component>
      <object_component id="oc-53">
         <name>.debug_line</name>
         <load_address>0x2028</load_address>
         <run_address>0x2028</run_address>
         <size>0x3a</size>
         <input_file_ref idref="fl-c8"/>
      </object_component>
      <object_component id="oc-b2">
         <name>.debug_line</name>
         <load_address>0x2062</load_address>
         <run_address>0x2062</run_address>
         <size>0x8a</size>
         <input_file_ref idref="fl-c8"/>
      </object_component>
      <object_component id="oc-bd">
         <name>.debug_line</name>
         <load_address>0x20ec</load_address>
         <run_address>0x20ec</run_address>
         <size>0x8a</size>
         <input_file_ref idref="fl-c9"/>
      </object_component>
      <object_component id="oc-1f">
         <name>.debug_line</name>
         <load_address>0x2176</load_address>
         <run_address>0x2176</run_address>
         <size>0x4f</size>
         <input_file_ref idref="fl-c9"/>
      </object_component>
      <object_component id="oc-5f">
         <name>.debug_line</name>
         <load_address>0x21c5</load_address>
         <run_address>0x21c5</run_address>
         <size>0x34</size>
         <input_file_ref idref="fl-c9"/>
      </object_component>
      <object_component id="oc-ba">
         <name>.debug_line</name>
         <load_address>0x21f9</load_address>
         <run_address>0x21f9</run_address>
         <size>0x8a</size>
         <input_file_ref idref="fl-c9"/>
      </object_component>
      <object_component id="oc-158">
         <name>.debug_line</name>
         <load_address>0x2283</load_address>
         <run_address>0x2283</run_address>
         <size>0xf2</size>
         <input_file_ref idref="fl-ca"/>
      </object_component>
      <object_component id="oc-14c">
         <name>.debug_line</name>
         <load_address>0x2375</load_address>
         <run_address>0x2375</run_address>
         <size>0x2a</size>
         <input_file_ref idref="fl-ca"/>
      </object_component>
      <object_component id="oc-7e">
         <name>.debug_line</name>
         <load_address>0x239f</load_address>
         <run_address>0x239f</run_address>
         <size>0x86</size>
         <input_file_ref idref="fl-ca"/>
      </object_component>
      <object_component id="oc-1a6">
         <name>.debug_line</name>
         <load_address>0x2425</load_address>
         <run_address>0x2425</run_address>
         <size>0xd2</size>
         <input_file_ref idref="fl-cb"/>
      </object_component>
      <object_component id="oc-1ab">
         <name>.debug_line</name>
         <load_address>0x24f7</load_address>
         <run_address>0x24f7</run_address>
         <size>0x5a</size>
         <input_file_ref idref="fl-cc"/>
      </object_component>
      <object_component id="oc-1a1">
         <name>.debug_line</name>
         <load_address>0x2551</load_address>
         <run_address>0x2551</run_address>
         <size>0x57</size>
         <input_file_ref idref="fl-cd"/>
      </object_component>
      <object_component id="oc-4e">
         <name>.debug_line</name>
         <load_address>0x25a8</load_address>
         <run_address>0x25a8</run_address>
         <size>0x88</size>
         <input_file_ref idref="fl-ce"/>
      </object_component>
      <object_component id="oc-5a">
         <name>.debug_line</name>
         <load_address>0x2630</load_address>
         <run_address>0x2630</run_address>
         <size>0x79</size>
         <input_file_ref idref="fl-cf"/>
      </object_component>
      <object_component id="oc-67">
         <name>.debug_line</name>
         <load_address>0x26a9</load_address>
         <run_address>0x26a9</run_address>
         <size>0x3d</size>
         <input_file_ref idref="fl-d0"/>
      </object_component>
      <object_component id="oc-6d">
         <name>.debug_line</name>
         <load_address>0x26e6</load_address>
         <run_address>0x26e6</run_address>
         <size>0x40</size>
         <input_file_ref idref="fl-d1"/>
      </object_component>
      <object_component id="oc-e0">
         <name>.debug_line</name>
         <load_address>0x2726</load_address>
         <run_address>0x2726</run_address>
         <size>0x33</size>
         <input_file_ref idref="fl-d2"/>
      </object_component>
      <object_component id="oc-1bc">
         <name>.debug_line</name>
         <load_address>0x2759</load_address>
         <run_address>0x2759</run_address>
         <size>0x20</size>
         <input_file_ref idref="fl-d3"/>
      </object_component>
      <object_component id="oc-154">
         <name>.debug_line</name>
         <load_address>0x2779</load_address>
         <run_address>0x2779</run_address>
         <size>0x2b</size>
         <input_file_ref idref="fl-d3"/>
      </object_component>
      <object_component id="oc-151">
         <name>.debug_line</name>
         <load_address>0x27a4</load_address>
         <run_address>0x27a4</run_address>
         <size>0x68</size>
         <input_file_ref idref="fl-d3"/>
      </object_component>
      <object_component id="oc-145">
         <name>.debug_line</name>
         <load_address>0x280c</load_address>
         <run_address>0x280c</run_address>
         <size>0x2b</size>
         <input_file_ref idref="fl-d4"/>
      </object_component>
      <object_component id="oc-79">
         <name>.debug_line</name>
         <load_address>0x2837</load_address>
         <run_address>0x2837</run_address>
         <size>0x4a</size>
         <input_file_ref idref="fl-d4"/>
      </object_component>
      <object_component id="oc-149">
         <name>.debug_line</name>
         <load_address>0x2881</load_address>
         <run_address>0x2881</run_address>
         <size>0x2b</size>
         <input_file_ref idref="fl-d4"/>
      </object_component>
      <object_component id="oc-122">
         <name>.debug_line</name>
         <load_address>0x28ac</load_address>
         <run_address>0x28ac</run_address>
         <size>0xa9</size>
         <input_file_ref idref="fl-d5"/>
      </object_component>
      <object_component id="oc-72">
         <name>.debug_line</name>
         <load_address>0x2955</load_address>
         <run_address>0x2955</run_address>
         <size>0x8b</size>
         <input_file_ref idref="fl-d5"/>
      </object_component>
      <object_component id="oc-126">
         <name>.debug_line</name>
         <load_address>0x29e0</load_address>
         <run_address>0x29e0</run_address>
         <size>0x2e</size>
         <input_file_ref idref="fl-d5"/>
      </object_component>
      <object_component id="oc-19b">
         <name>.debug_line</name>
         <load_address>0x2a0e</load_address>
         <run_address>0x2a0e</run_address>
         <size>0x8a</size>
         <input_file_ref idref="fl-d5"/>
      </object_component>
      <object_component id="oc-12b">
         <name>.debug_line</name>
         <load_address>0x2a98</load_address>
         <run_address>0x2a98</run_address>
         <size>0x8b</size>
         <input_file_ref idref="fl-d5"/>
      </object_component>
      <object_component id="oc-192">
         <name>.debug_line</name>
         <load_address>0x2b23</load_address>
         <run_address>0x2b23</run_address>
         <size>0x98</size>
         <input_file_ref idref="fl-d6"/>
      </object_component>
      <object_component id="oc-c1">
         <name>.debug_line</name>
         <load_address>0x2bbb</load_address>
         <run_address>0x2bbb</run_address>
         <size>0x68</size>
         <input_file_ref idref="fl-d6"/>
      </object_component>
      <object_component id="oc-196">
         <name>.debug_line</name>
         <load_address>0x2c23</load_address>
         <run_address>0x2c23</run_address>
         <size>0x2e</size>
         <input_file_ref idref="fl-d6"/>
      </object_component>
      <object_component id="oc-c7">
         <name>.debug_line</name>
         <load_address>0x2c51</load_address>
         <run_address>0x2c51</run_address>
         <size>0x3c</size>
         <input_file_ref idref="fl-d7"/>
      </object_component>
      <object_component id="oc-13e">
         <name>.debug_frame</name>
         <load_address>0x0</load_address>
         <run_address>0x0</run_address>
         <size>0xa0</size>
         <input_file_ref idref="fl-2"/>
      </object_component>
      <object_component id="oc-135">
         <name>.debug_frame</name>
         <load_address>0xa0</load_address>
         <run_address>0xa0</run_address>
         <size>0x51</size>
         <input_file_ref idref="fl-3"/>
      </object_component>
      <object_component id="oc-132">
         <name>.debug_frame</name>
         <load_address>0xf1</load_address>
         <run_address>0xf1</run_address>
         <size>0xd9</size>
         <input_file_ref idref="fl-4"/>
      </object_component>
      <object_component id="oc-f0">
         <name>.debug_frame</name>
         <load_address>0x1ca</load_address>
         <run_address>0x1ca</run_address>
         <size>0xb2</size>
         <input_file_ref idref="fl-5"/>
      </object_component>
      <object_component id="oc-f6">
         <name>.debug_frame</name>
         <load_address>0x27c</load_address>
         <run_address>0x27c</run_address>
         <size>0xb3</size>
         <input_file_ref idref="fl-6"/>
      </object_component>
      <object_component id="oc-cf">
         <name>.debug_frame</name>
         <load_address>0x32f</load_address>
         <run_address>0x32f</run_address>
         <size>0x8c</size>
         <input_file_ref idref="fl-7"/>
      </object_component>
      <object_component id="oc-3a">
         <name>.debug_frame</name>
         <load_address>0x3bb</load_address>
         <run_address>0x3bb</run_address>
         <size>0xfd</size>
         <input_file_ref idref="fl-8"/>
      </object_component>
      <object_component id="oc-90">
         <name>.debug_frame</name>
         <load_address>0x4b8</load_address>
         <run_address>0x4b8</run_address>
         <size>0x663</size>
         <input_file_ref idref="fl-b"/>
      </object_component>
      <object_component id="oc-2c">
         <name>.debug_frame</name>
         <load_address>0xb1b</load_address>
         <run_address>0xb1b</run_address>
         <size>0x84</size>
         <input_file_ref idref="fl-c"/>
      </object_component>
      <object_component id="oc-15">
         <name>.debug_frame</name>
         <load_address>0xb9f</load_address>
         <run_address>0xb9f</run_address>
         <size>0x60</size>
         <input_file_ref idref="fl-c7"/>
      </object_component>
      <object_component id="oc-1c">
         <name>.debug_frame</name>
         <load_address>0xbff</load_address>
         <run_address>0xbff</run_address>
         <size>0x51</size>
         <input_file_ref idref="fl-c8"/>
      </object_component>
      <object_component id="oc-20">
         <name>.debug_frame</name>
         <load_address>0xc50</load_address>
         <run_address>0xc50</run_address>
         <size>0x51</size>
         <input_file_ref idref="fl-c9"/>
      </object_component>
      <object_component id="oc-7f">
         <name>.debug_frame</name>
         <load_address>0xca1</load_address>
         <run_address>0xca1</run_address>
         <size>0x85</size>
         <input_file_ref idref="fl-ca"/>
      </object_component>
      <object_component id="oc-66">
         <name>.debug_frame</name>
         <load_address>0xd26</load_address>
         <run_address>0xd26</run_address>
         <size>0x51</size>
         <input_file_ref idref="fl-d0"/>
      </object_component>
      <object_component id="oc-6a">
         <name>.debug_frame</name>
         <load_address>0xd77</load_address>
         <run_address>0xd77</run_address>
         <size>0x51</size>
         <input_file_ref idref="fl-d1"/>
      </object_component>
      <object_component id="oc-152">
         <name>.debug_frame</name>
         <load_address>0xdc8</load_address>
         <run_address>0xdc8</run_address>
         <size>0x73</size>
         <input_file_ref idref="fl-d3"/>
      </object_component>
      <object_component id="oc-78">
         <name>.debug_frame</name>
         <load_address>0xe3b</load_address>
         <run_address>0xe3b</run_address>
         <size>0x51</size>
         <input_file_ref idref="fl-d4"/>
      </object_component>
      <object_component id="oc-73">
         <name>.debug_frame</name>
         <load_address>0xe8c</load_address>
         <run_address>0xe8c</run_address>
         <size>0x5c</size>
         <input_file_ref idref="fl-d5"/>
      </object_component>
      <object_component id="oc-c2">
         <name>.debug_frame</name>
         <load_address>0xee8</load_address>
         <run_address>0xee8</run_address>
         <size>0x60</size>
         <input_file_ref idref="fl-d6"/>
      </object_component>
      <object_component id="oc-c8">
         <name>.debug_frame</name>
         <load_address>0xf48</load_address>
         <run_address>0xf48</run_address>
         <size>0x51</size>
         <input_file_ref idref="fl-d7"/>
      </object_component>
      <object_component id="oc-1ce">
         <name>.debug_abbrev</name>
         <load_address>0x0</load_address>
         <run_address>0x0</run_address>
         <size>0x2e</size>
         <input_file_ref idref="fl-2"/>
      </object_component>
      <object_component id="oc-1b4">
         <name>.debug_abbrev</name>
         <load_address>0x2e</load_address>
         <run_address>0x2e</run_address>
         <size>0x6c</size>
         <input_file_ref idref="fl-2"/>
      </object_component>
      <object_component id="oc-47">
         <name>.debug_abbrev</name>
         <load_address>0x9a</load_address>
         <run_address>0x9a</run_address>
         <size>0x1f</size>
         <input_file_ref idref="fl-2"/>
      </object_component>
      <object_component id="oc-1b0">
         <name>.debug_abbrev</name>
         <load_address>0xb9</load_address>
         <run_address>0xb9</run_address>
         <size>0x24</size>
         <input_file_ref idref="fl-2"/>
      </object_component>
      <object_component id="oc-1b3">
         <name>.debug_abbrev</name>
         <load_address>0xdd</load_address>
         <run_address>0xdd</run_address>
         <size>0x50</size>
         <input_file_ref idref="fl-3"/>
      </object_component>
      <object_component id="oc-1cc">
         <name>.debug_abbrev</name>
         <load_address>0x12d</load_address>
         <run_address>0x12d</run_address>
         <size>0x4b</size>
         <input_file_ref idref="fl-4"/>
      </object_component>
      <object_component id="oc-1ac">
         <name>.debug_abbrev</name>
         <load_address>0x178</load_address>
         <run_address>0x178</run_address>
         <size>0xa9</size>
         <input_file_ref idref="fl-4"/>
      </object_component>
      <object_component id="oc-18a">
         <name>.debug_abbrev</name>
         <load_address>0x221</load_address>
         <run_address>0x221</run_address>
         <size>0xbf</size>
         <input_file_ref idref="fl-5"/>
      </object_component>
      <object_component id="oc-1c5">
         <name>.debug_abbrev</name>
         <load_address>0x2e0</load_address>
         <run_address>0x2e0</run_address>
         <size>0x27</size>
         <input_file_ref idref="fl-5"/>
      </object_component>
      <object_component id="oc-1bf">
         <name>.debug_abbrev</name>
         <load_address>0x307</load_address>
         <run_address>0x307</run_address>
         <size>0x27</size>
         <input_file_ref idref="fl-5"/>
      </object_component>
      <object_component id="oc-1c1">
         <name>.debug_abbrev</name>
         <load_address>0x32e</load_address>
         <run_address>0x32e</run_address>
         <size>0x27</size>
         <input_file_ref idref="fl-5"/>
      </object_component>
      <object_component id="oc-1c3">
         <name>.debug_abbrev</name>
         <load_address>0x355</load_address>
         <run_address>0x355</run_address>
         <size>0x27</size>
         <input_file_ref idref="fl-5"/>
      </object_component>
      <object_component id="oc-1bd">
         <name>.debug_abbrev</name>
         <load_address>0x37c</load_address>
         <run_address>0x37c</run_address>
         <size>0x27</size>
         <input_file_ref idref="fl-5"/>
      </object_component>
      <object_component id="oc-179">
         <name>.debug_abbrev</name>
         <load_address>0x3a3</load_address>
         <run_address>0x3a3</run_address>
         <size>0x13b</size>
         <input_file_ref idref="fl-5"/>
      </object_component>
      <object_component id="oc-e6">
         <name>.debug_abbrev</name>
         <load_address>0x4de</load_address>
         <run_address>0x4de</run_address>
         <size>0x90</size>
         <input_file_ref idref="fl-5"/>
      </object_component>
      <object_component id="oc-167">
         <name>.debug_abbrev</name>
         <load_address>0x56e</load_address>
         <run_address>0x56e</run_address>
         <size>0x5a</size>
         <input_file_ref idref="fl-5"/>
      </object_component>
      <object_component id="oc-118">
         <name>.debug_abbrev</name>
         <load_address>0x5c8</load_address>
         <run_address>0x5c8</run_address>
         <size>0x70</size>
         <input_file_ref idref="fl-5"/>
      </object_component>
      <object_component id="oc-18e">
         <name>.debug_abbrev</name>
         <load_address>0x638</load_address>
         <run_address>0x638</run_address>
         <size>0x4b</size>
         <input_file_ref idref="fl-5"/>
      </object_component>
      <object_component id="oc-99">
         <name>.debug_abbrev</name>
         <load_address>0x683</load_address>
         <run_address>0x683</run_address>
         <size>0x24</size>
         <input_file_ref idref="fl-5"/>
      </object_component>
      <object_component id="oc-a3">
         <name>.debug_abbrev</name>
         <load_address>0x6a7</load_address>
         <run_address>0x6a7</run_address>
         <size>0x35</size>
         <input_file_ref idref="fl-5"/>
      </object_component>
      <object_component id="oc-9e">
         <name>.debug_abbrev</name>
         <load_address>0x6dc</load_address>
         <run_address>0x6dc</run_address>
         <size>0x24</size>
         <input_file_ref idref="fl-5"/>
      </object_component>
      <object_component id="oc-113">
         <name>.debug_abbrev</name>
         <load_address>0x700</load_address>
         <run_address>0x700</run_address>
         <size>0x61</size>
         <input_file_ref idref="fl-5"/>
      </object_component>
      <object_component id="oc-1c7">
         <name>.debug_abbrev</name>
         <load_address>0x761</load_address>
         <run_address>0x761</run_address>
         <size>0x81</size>
         <input_file_ref idref="fl-6"/>
      </object_component>
      <object_component id="oc-17a">
         <name>.debug_abbrev</name>
         <load_address>0x7e2</load_address>
         <run_address>0x7e2</run_address>
         <size>0x9b</size>
         <input_file_ref idref="fl-6"/>
      </object_component>
      <object_component id="oc-1b8">
         <name>.debug_abbrev</name>
         <load_address>0x87d</load_address>
         <run_address>0x87d</run_address>
         <size>0xf4</size>
         <input_file_ref idref="fl-7"/>
      </object_component>
      <object_component id="oc-1b6">
         <name>.debug_abbrev</name>
         <load_address>0x971</load_address>
         <run_address>0x971</run_address>
         <size>0x29</size>
         <input_file_ref idref="fl-7"/>
      </object_component>
      <object_component id="oc-142">
         <name>.debug_abbrev</name>
         <load_address>0x99a</load_address>
         <run_address>0x99a</run_address>
         <size>0xa9</size>
         <input_file_ref idref="fl-7"/>
      </object_component>
      <object_component id="oc-10f">
         <name>.debug_abbrev</name>
         <load_address>0xa43</load_address>
         <run_address>0xa43</run_address>
         <size>0xcb</size>
         <input_file_ref idref="fl-8"/>
      </object_component>
      <object_component id="oc-e9">
         <name>.debug_abbrev</name>
         <load_address>0xb0e</load_address>
         <run_address>0xb0e</run_address>
         <size>0x3d</size>
         <input_file_ref idref="fl-8"/>
      </object_component>
      <object_component id="oc-10d">
         <name>.debug_abbrev</name>
         <load_address>0xb4b</load_address>
         <run_address>0xb4b</run_address>
         <size>0x27</size>
         <input_file_ref idref="fl-8"/>
      </object_component>
      <object_component id="oc-95">
         <name>.debug_abbrev</name>
         <load_address>0xb72</load_address>
         <run_address>0xb72</run_address>
         <size>0x10c</size>
         <input_file_ref idref="fl-8"/>
      </object_component>
      <object_component id="oc-91">
         <name>.debug_abbrev</name>
         <load_address>0xc7e</load_address>
         <run_address>0xc7e</run_address>
         <size>0x75</size>
         <input_file_ref idref="fl-9"/>
      </object_component>
      <object_component id="oc-159">
         <name>.debug_abbrev</name>
         <load_address>0xcf3</load_address>
         <run_address>0xcf3</run_address>
         <size>0x12e</size>
         <input_file_ref idref="fl-b"/>
      </object_component>
      <object_component id="oc-e1">
         <name>.debug_abbrev</name>
         <load_address>0xe21</load_address>
         <run_address>0xe21</run_address>
         <size>0x3d</size>
         <input_file_ref idref="fl-b"/>
      </object_component>
      <object_component id="oc-17c">
         <name>.debug_abbrev</name>
         <load_address>0xe5e</load_address>
         <run_address>0xe5e</run_address>
         <size>0x27</size>
         <input_file_ref idref="fl-b"/>
      </object_component>
      <object_component id="oc-186">
         <name>.debug_abbrev</name>
         <load_address>0xe85</load_address>
         <run_address>0xe85</run_address>
         <size>0x27</size>
         <input_file_ref idref="fl-b"/>
      </object_component>
      <object_component id="oc-188">
         <name>.debug_abbrev</name>
         <load_address>0xeac</load_address>
         <run_address>0xeac</run_address>
         <size>0x27</size>
         <input_file_ref idref="fl-b"/>
[...]
         <value>0x220b</value>
         <object_component_ref idref="oc-12d"/>
      </symbol>
      <symbol id="sm-146">
         <name>vPortInitialiseBlocks</name>
         <value>0x24c3</value>
         <object_component_ref idref="oc-eb"/>
      </symbol>
      <symbol id="sm-147">
         <name>xPortGetFreeHeapSize</name>
         <value>0x24bd</value>
         <object_component_ref idref="oc-eb"/>
      </symbol>
      <symbol id="sm-148">
         <name>pvPortMalloc</name>
         <value>0x2355</value>
         <object_component_ref idref="oc-eb"/>
      </symbol>
      <symbol id="sm-149">
         <name>vPortFree</name>
         <value>0x245b</value>
         <object_component_ref idref="oc-eb"/>
      </symbol>
      <symbol id="sm-15f">
         <name>uxListRemove</name>
         <value>0x2979</value>
         <object_component_ref idref="oc-f1"/>
      </symbol>
      <symbol id="sm-160">
         <name>vListInsert</name>
         <value>0x290b</value>
         <object_component_ref idref="oc-f1"/>
      </symbol>
      <symbol id="sm-161">
         <name>vListInitialiseItem</name>
         <value>0x28bf</value>
         <object_component_ref idref="oc-f1"/>
      </symbol>
      <symbol id="sm-162">
         <name>vListInsertEnd</name>
         <value>0x28cf</value>
         <object_component_ref idref="oc-f1"/>
      </symbol>
      <symbol id="sm-163">
         <name>vListInitialise</name>
         <value>0x288f</value>
         <object_component_ref idref="oc-f1"/>
      </symbol>
      <symbol id="sm-188">
         <name>Task2</name>
         <value>0x29c1</value>
         <object_component_ref idref="oc-ce"/>
      </symbol>
      <symbol id="sm-189">
         <name>Task1</name>
         <value>0x29e5</value>
         <object_component_ref idref="oc-ce"/>
      </symbol>
      <symbol id="sm-18a">
         <name>y</name>
         <value>0x20005144</value>
         <object_component_ref idref="oc-13f"/>
      </symbol>
      <symbol id="sm-18b">
         <name>x</name>
         <value>0x20005140</value>
         <object_component_ref idref="oc-13f"/>
      </symbol>
      <symbol id="sm-18c">
         <name>main</name>
         <value>0x2a03</value>
         <object_component_ref idref="oc-ce"/>
      </symbol>
      <symbol id="sm-18d">
         <name>data</name>
         <value>0x20005148</value>
         <object_component_ref idref="oc-13f"/>
      </symbol>
      <symbol id="sm-1ca">
         <name>ulMaxSyscallInterruptPriority</name>
         <value>0x2fb4</value>
         <object_component_ref idref="oc-88"/>
      </symbol>
      <symbol id="sm-1cb">
         <name>vPortSetupTimerInterrupt</name>
         <value>0x267d</value>
         <object_component_ref idref="oc-36"/>
      </symbol>
      <symbol id="sm-1cc">
         <name>vPortEndScheduler</name>
         <value>0x261f</value>
         <object_component_ref idref="oc-36"/>
      </symbol>
      <symbol id="sm-1cd">
         <name>xPortSysTickHandler</name>
         <value>0x2657</value>
         <object_component_ref idref="oc-36"/>
      </symbol>
      <symbol id="sm-1ce">
         <name>vPortValidateInterruptPriority</name>
         <value>0x268b</value>
         <object_component_ref idref="oc-36"/>
      </symbol>
      <symbol id="sm-1cf">
         <name>pxPortInitialiseStack</name>
         <value>0x2521</value>
         <object_component_ref idref="oc-36"/>
      </symbol>
      <symbol id="sm-1d0">
         <name>vPortExitCritical</name>
         <value>0x2641</value>
         <object_component_ref idref="oc-36"/>
      </symbol>
      <symbol id="sm-1d1">
         <name>xPortStartScheduler</name>
         <value>0x258b</value>
         <object_component_ref idref="oc-36"/>
      </symbol>
      <symbol id="sm-1d2">
         <name>vPortEnterCritical</name>
         <value>0x2621</value>
         <object_component_ref idref="oc-36"/>
      </symbol>
      <symbol id="sm-1e1">
         <name>vPortStartFirstTask</name>
         <value>0x2b51</value>
         <object_component_ref idref="oc-31"/>
      </symbol>
      <symbol id="sm-1e2">
         <name>ulPortGetIPSR</name>
         <value>0x2ab9</value>
         <object_component_ref idref="oc-31"/>
      </symbol>
      <symbol id="sm-1e3">
         <name>vPortEnableVFP</name>
         <value>0x2b6d</value>
         <object_component_ref idref="oc-31"/>
      </symbol>
      <symbol id="sm-1e4">
         <name>xPortPendSVHandler</name>
         <value>0x2ad1</value>
         <object_component_ref idref="oc-31"/>
      </symbol>
      <symbol id="sm-1e5">
         <name>vPortSVCHandler</name>
         <value>0x2b31</value>
         <object_component_ref idref="oc-31"/>
      </symbol>
      <symbol id="sm-3ea">
         <name>vTaskDelay</name>
         <value>0x5b3</value>
         <object_component_ref idref="oc-8b"/>
      </symbol>
      <symbol id="sm-3eb">
         <name>vTaskSuspendAll</name>
         <value>0xa7d</value>
         <object_component_ref idref="oc-8b"/>
      </symbol>
      <symbol id="sm-3ec">
         <name>vTaskPriorityInherit</name>
         <value>0x15ed</value>
         <object_component_ref idref="oc-8b"/>
      </symbol>
      <symbol id="sm-3ed">
         <name>vTaskPlaceOnEventList</name>
         <value>0x104f</value>
         <object_component_ref idref="oc-8b"/>
      </symbol>
      <symbol id="sm-3ee">
         <name>vTaskSetTaskNumber</name>
         <value>0x12a1</value>
         <object_component_ref idref="oc-8b"/>
      </symbol>
      <symbol id="sm-3ef">
         <name>uxTaskPriorityGetFromISR</name>
         <value>0x6b1</value>
         <object_component_ref idref="oc-8b"/>
      </symbol>
      <symbol id="sm-3f0">
         <name>ulTaskNotifyTake</name>
         <value>0x1749</value>
         <object_component_ref idref="oc-8b"/>
      </symbol>
      <symbol id="sm-3f1">
         <name>pcTaskGetName</name>
         <value>0xbc5</value>
         <object_component_ref idref="oc-8b"/>
      </symbol>
      <symbol id="sm-3f2">
         <name>xTaskCheckForTimeOut</name>
         <value>0x11d3</value>
         <object_component_ref idref="oc-8b"/>
      </symbol>
      <symbol id="sm-3f3">
         <name>xTaskRemoveFromUnorderedEventList</name>
         <value>0x1135</value>
         <object_component_ref idref="oc-8b"/>
      </symbol>
      <symbol id="sm-3f4">
         <name>vTaskPrioritySet</name>
         <value>0x705</value>
         <object_component_ref idref="oc-8b"/>
      </symbol>
      <symbol id="sm-3f5">
         <name>xTaskPriorityDisinherit</name>
         <value>0x168b</value>
         <object_component_ref idref="oc-8b"/>
      </symbol>
      <symbol id="sm-3f6">
         <name>xTaskAbortDelay</name>
         <value>0xe2d</value>
         <object_component_ref idref="oc-8b"/>
      </symbol>
      <symbol id="sm-3f7">
         <name>vTaskStartScheduler</name>
         <value>0xa11</value>
         <object_component_ref idref="oc-8b"/>
      </symbol>
      <symbol id="sm-3f8">
         <name>xTaskNotifyStateClear</name>
         <value>0x1b4b</value>
         <object_component_ref idref="oc-8b"/>
      </symbol>
      <symbol id="sm-3f9">
         <name>pvTaskIncrementMutexHeldCount</name>
         <value>0x1731</value>
         <object_component_ref idref="oc-8b"/>
      </symbol>
      <symbol id="sm-3fa">
         <name>uxTaskGetStackHighWaterMark</name>
         <value>0x1519</value>
         <object_component_ref idref="oc-8b"/>
      </symbol>
      <symbol id="sm-3fb">
         <name>xTaskGenericNotify</name>
         <value>0x188d</value>
         <object_component_ref idref="oc-8b"/>
      </symbol>
      <symbol id="sm-3fc">
         <name>xTaskCreate</name>
         <value>0x26d</value>
         <object_component_ref idref="oc-8b"/>
      </symbol>
      <symbol id="sm-3fd">
         <name>vTaskDelayUntil</name>
         <value>0x505</value>
         <object_component_ref idref="oc-8b"/>
      </symbol>
      <symbol id="sm-3fe">
         <name>uxTaskGetTaskNumber</name>
         <value>0x1281</value>
         <object_component_ref idref="oc-8b"/>
      </symbol>
      <symbol id="sm-3ff">
         <name>vTaskEndScheduler</name>
         <value>0xa61</value>
         <object_component_ref idref="oc-8b"/>
      </symbol>
      <symbol id="sm-400">
         <name>xTaskNotifyWait</name>
         <value>0x17d1</value>
         <object_component_ref idref="oc-8b"/>
      </symbol>
      <symbol id="sm-401">
         <name>vTaskMissedYield</name>
         <value>0x1279</value>
         <object_component_ref idref="oc-8b"/>
      </symbol>
      <symbol id="sm-402">
         <name>uxTaskGetNumberOfTasks</name>
         <value>0xbbf</value>
         <object_component_ref idref="oc-8b"/>
      </symbol>
      <symbol id="sm-403">
         <name>xTaskGenericNotifyFromISR</name>
         <value>0x197d</value>
         <object_component_ref idref="oc-8b"/>
      </symbol>
      <symbol id="sm-404">
         <name>vTaskGetInfo</name>
         <value>0x1395</value>
         <object_component_ref idref="oc-8b"/>
      </symbol>
      <symbol id="sm-405">
         <name>uxTaskPriorityGet</name>
         <value>0x681</value>
         <object_component_ref idref="oc-8b"/>
      </symbol>
      <symbol id="sm-406">
         <name>xTaskResumeAll</name>
         <value>0xa91</value>
         <object_component_ref idref="oc-8b"/>
      </symbol>
      <symbol id="sm-407">
         <name>xTaskGetHandle</name>
         <value>0xcc1</value>
         <object_component_ref idref="oc-8b"/>
      </symbol>
      <symbol id="sm-408">
         <name>xTaskGetTickCount</name>
         <value>0xb79</value>
         <object_component_ref idref="oc-8b"/>
      </symbol>
      <symbol id="sm-409">
         <name>uxTaskGetSystemState</name>
         <value>0xd49</value>
         <object_component_ref idref="oc-8b"/>
      </symbol>
      <symbol id="sm-40a">
         <name>vTaskDelete</name>
         <value>0x475</value>
         <object_component_ref idref="oc-8b"/>
      </symbol>
      <symbol id="sm-40b">
         <name>pxCurrentTCB</name>
         <value>0x20005100</value>
         <object_component_ref idref="oc-85"/>
      </symbol>
      <symbol id="sm-40c">
         <name>vTaskNotifyGiveFromISR</name>
         <value>0x1a95</value>
         <object_component_ref idref="oc-8b"/>
      </symbol>
      <symbol id="sm-40d">
         <name>eTaskGetState</name>
         <value>0x5f1</value>
         <object_component_ref idref="oc-8b"/>
      </symbol>
      <symbol id="sm-40e">
         <name>vTaskSuspend</name>
         <value>0x80d</value>
         <object_component_ref idref="oc-8b"/>
      </symbol>
      <symbol id="sm-40f">
         <name>xTaskGetIdleTaskHandle</name>
         <value>0xe21</value>
         <object_component_ref idref="oc-8b"/>
      </symbol>
      <symbol id="sm-410">
         <name>xTaskGetTickCountFromISR</name>
         <value>0xb91</value>
         <object_component_ref idref="oc-8b"/>
      </symbol>
      <symbol id="sm-411">
         <name>vTaskResume</name>
         <value>0x8f1</value>
         <object_component_ref idref="oc-8b"/>
      </symbol>
      <symbol id="sm-412">
         <name>vTaskSetTimeOutState</name>
         <value>0x11b9</value>
         <object_component_ref idref="oc-8b"/>
      </symbol>
      <symbol id="sm-413">
         <name>xTaskIncrementTick</name>
         <value>0xeb5</value>
         <object_component_ref idref="oc-8b"/>
      </symbol>
      <symbol id="sm-414">
         <name>vTaskSwitchContext</name>
         <value>0xfc9</value>
         <object_component_ref idref="oc-8b"/>
      </symbol>
      <symbol id="sm-415">
         <name>uxTaskResetEventItemValue</name>
         <value>0x170b</value>
         <object_component_ref idref="oc-8b"/>
      </symbol>
      <symbol id="sm-416">
         <name>xTaskGetSchedulerState</name>
         <value>0x15bd</value>
         <object_component_ref idref="oc-8b"/>
      </symbol>
      <symbol id="sm-417">
         <name>xTaskResumeFromISR</name>
         <value>0x977</value>
         <object_component_ref idref="oc-8b"/>
      </symbol>
      <symbol id="sm-418">
         <name>xTaskGetCurrentTaskHandle</name>
         <value>0x158f</value>
         <object_component_ref idref="oc-8b"/>
      </symbol>
      <symbol id="sm-419">
         <name>vTaskPlaceOnUnorderedEventList</name>
         <value>0x106f</value>
         <object_component_ref idref="oc-8b"/>
      </symbol>
      <symbol id="sm-41a">
         <name>xTaskRemoveFromEventList</name>
         <value>0x10a5</value>
         <object_component_ref idref="oc-8b"/>
      </symbol>
      <symbol id="sm-436">
         <name>ResetISR</name>
         <value>0x2fa3</value>
         <object_component_ref idref="oc-2b"/>
      </symbol>
      <symbol id="sm-437">
         <name>g_pfnVectors</name>
         <value>0x0</value>
         <object_component_ref idref="oc-f"/>
      </symbol>
      <symbol id="sm-448">
         <name>_c_int00</name>
         <value>0x2de9</value>
         <object_component_ref idref="oc-24"/>
      </symbol>
      <symbol id="sm-449">
         <name>__stack</name>
         <value>0x20004f00</value>
         <object_component_ref idref="oc-2a"/>
      </symbol>
      <symbol id="sm-467">
         <name>__TI_decompress_lzss</name>
         <value>0x2d81</value>
         <object_component_ref idref="oc-12"/>
      </symbol>
      <symbol id="sm-47e">
         <name>__TI_decompress_none</name>
         <value>0x2f89</value>
         <object_component_ref idref="oc-18"/>
      </symbol>
      <symbol id="sm-495">
         <name>__TI_zero_init</name>
         <value>0x2f97</value>
         <object_component_ref idref="oc-1e"/>
      </symbol>
      <symbol id="sm-4b6">
         <name>C$$EXIT</name>
         <value>0x2e3d</value>
         <object_component_ref idref="oc-7a"/>
      </symbol>
      <symbol id="sm-4b7">
         <name>abort</name>
         <value>0x2e41</value>
         <object_component_ref idref="oc-7a"/>
      </symbol>
      <symbol id="sm-4b8">
         <name>exit</name>
         <value>0x2e49</value>
         <object_component_ref idref="oc-7a"/>
      </symbol>
      <symbol id="sm-4b9">
         <name>__TI_dtors_ptr</name>
         <value>0x20005138</value>
         <object_component_ref idref="oc-d6"/>
      </symbol>
      <symbol id="sm-4ba">
         <name>__TI_cleanup_ptr</name>
         <value>0x20005134</value>
         <object_component_ref idref="oc-d6"/>
      </symbol>
      <symbol id="sm-4bb">
         <name>__TI_enable_exit_profile_output</name>
         <value>0x2000513c</value>
         <object_component_ref idref="oc-d6"/>
      </symbol>
      <symbol id="sm-4d2">
         <name>__aeabi_dsub</name>
         <value>0x26d9</value>
         <object_component_ref idref="oc-1a2"/>
      </symbol>
      <symbol id="sm-4d3">
         <name>__aeabi_dadd</name>
         <value>0x26e3</value>
         <object_component_ref idref="oc-1a2"/>
      </symbol>
      <symbol id="sm-4dd">
         <name>__aeabi_d2iz</name>
         <value>0x2edd</value>
         <object_component_ref idref="oc-1a7"/>
      </symbol>
      <symbol id="sm-4e8">
         <name>__aeabi_f2d</name>
         <value>0x2f25</value>
         <object_component_ref idref="oc-19d"/>
      </symbol>
      <symbol id="sm-503">
         <name>memcpy</name>
         <value>0x2b7b</value>
         <object_component_ref idref="oc-4a"/>
      </symbol>
      <symbol id="sm-504">
         <name>__aeabi_memcpy</name>
         <value>0x2b7b</value>
         <object_component_ref idref="oc-4a"/>
      </symbol>
      <symbol id="sm-505">
         <name>__aeabi_memcpy8</name>
         <value>0x2b7b</value>
         <object_component_ref idref="oc-4a"/>
      </symbol>
      <symbol id="sm-506">
         <name>__aeabi_memcpy4</name>
         <value>0x2b7b</value>
         <object_component_ref idref="oc-4a"/>
      </symbol>
      <symbol id="sm-515">
         <name>__aeabi_memset</name>
         <value>0x2c97</value>
         <object_component_ref idref="oc-56"/>
      </symbol>
      <symbol id="sm-516">
         <name>memset</name>
         <value>0x2c9d</value>
         <object_component_ref idref="oc-56"/>
      </symbol>
      <symbol id="sm-517">
         <name>__aeabi_memset8</name>
         <value>0x2c97</value>
         <object_component_ref idref="oc-56"/>
      </symbol>
      <symbol id="sm-518">
         <name>__aeabi_memset4</name>
         <value>0x2c97</value>
         <object_component_ref idref="oc-56"/>
      </symbol>
      <symbol id="sm-519">
         <name>__aeabi_memclr8</name>
         <value>0x2c95</value>
         <object_component_ref idref="oc-56"/>
      </symbol>
      <symbol id="sm-51a">
         <name>__aeabi_memclr4</name>
         <value>0x2c95</value>
         <object_component_ref idref="oc-56"/>
      </symbol>
      <symbol id="sm-51b">
         <name>__aeabi_memclr</name>
         <value>0x2c95</value>
         <object_component_ref idref="oc-56"/>
      </symbol>
      <symbol id="sm-525">
         <name>__mpu_init</name>
         <value>0x2c17</value>
         <object_component_ref idref="oc-62"/>
      </symbol>
      <symbol id="sm-52f">
         <name>_system_pre_init</name>
         <value>0x2faf</value>
         <object_component_ref idref="oc-68"/>
      </symbol>
      <symbol id="sm-537">
         <name>main_func_sp</name>
         <value>0x20005168</value>
         <object_component_ref idref="oc-80"/>
      </symbol>
      <symbol id="sm-550">
         <name>_nop</name>
         <value>0x2f83</value>
         <object_component_ref idref="oc-14d"/>
      </symbol>
      <symbol id="sm-551">
         <name>_lock</name>
         <value>0x20005158</value>
         <object_component_ref idref="oc-d9"/>
      </symbol>
      <symbol id="sm-552">
         <name>_unlock</name>
         <value>0x2000515c</value>
         <object_component_ref idref="oc-d9"/>
      </symbol>
      <symbol id="sm-553">
         <name>_register_lock</name>
         <value>0x2f7b</value>
         <object_component_ref idref="oc-14d"/>
      </symbol>
      <symbol id="sm-554">
         <name>_register_unlock</name>
         <value>0x2f75</value>
         <object_component_ref idref="oc-14d"/>
      </symbol>
      <symbol id="sm-568">
         <name>_args_main</name>
         <value>0x2f5d</value>
         <object_component_ref idref="oc-74"/>
      </symbol>
      <symbol id="sm-592">
         <name>__TI_auto_init</name>
         <value>0x2d11</value>
         <object_component_ref idref="oc-6e"/>
      </symbol>
      <symbol id="sm-5ac">
         <name>copy_in</name>
         <value>0x2e91</value>
         <object_component_ref idref="oc-c0"/>
      </symbol>
      <symbol id="sm-5b6">
         <name>_system_post_cinit</name>
         <value>0x2d0f</value>
         <object_component_ref idref="oc-c6"/>
      </symbol>
      <symbol id="sm-5b7">
         <name>__TI_static_base__</name>
         <value>0x0</value>
      </symbol>
      <symbol id="sm-5ba">
         <name>SHT$$INIT_ARRAY$$Limit</name>
         <value>0x0</value>
      </symbol>
      <symbol id="sm-5bb">
         <name>SHT$$INIT_ARRAY$$Base</name>
         <value>0x0</value>
      </symbol>
   </symbol_table>
   <title>Link successful</title>
</link_info>
