******************************************************************************
                  TI ARM Linker PC v16.9.4                     
******************************************************************************
>> Linked Fri Dec 04 18:47:51 2020

OUTPUT FILE NAME:   <FREERTOS_LAB2.out>
ENTRY POINT SYMBOL: "_c_int00"  address: 00002f2d


MEMORY CONFIGURATION

         name            origin    length      used     unused   attr    fill
----------------------  --------  ---------  --------  --------  ----  --------
  FLASH                 00000000   00040000  00003150  0003ceb0  R  X
  SRAM                  20000000   00008000  00005170  00002e90  RW X


SEGMENT ALLOCATION MAP

run origin  load origin   length   init length attrs members
----------  ----------- ---------- ----------- ----- -------
00000000    00000000    00003158   00003158    r-x
  00000000    00000000    0000026c   0000026c    r-- .intvecs
  0000026c    0000026c    00002e8a   00002e8a    r-x .text
  000030f8    000030f8    0000000a   0000000a    r-- .const
  00003108    00003108    00000050   00000050    r-- .cinit
20000000    20000000    00005170   00000000    rw-
  20000000    20000000    00004f08   00000000    rw- .bss
  20004f08    20004f08    00000200   00000000    rw- .stack
  20005108    20005108    00000068   00000000    rw- .data


SECTION ALLOCATION MAP

 output                                  attributes/
section   page    origin      length       input sections
--------  ----  ----------  ----------   ----------------
.intvecs   0    00000000    0000026c     
                  00000000    0000026c     tm4c1231h6pm_startup_ccs.obj (.intvecs)

.text      0    0000026c    00002e8a     
                  0000026c    000019e4     tasks.obj (.text)
                  00001c50    000004f0     DIO.obj (.text)
                  00002140    0000022c     main.obj (.text)
                  0000236c    00000214     UART.obj (.text)
                  00002580    000001cc     heap_2.obj (.text)
                  0000274c    000001b8     port.obj (.text)
                  00002904    000001b6     rtsv7M4_T_le_v4SPD16_eabi.lib : fd_add_t2.obj (.text)
                  00002aba    00000132     list.obj (.text)
                  00002bec    000000d2     portasm.obj (.text)
                  00002cbe    0000009c     rtsv7M4_T_le_v4SPD16_eabi.lib : memcpy_t2.obj (.text)
                  00002d5a    00000002                                   : mpu_init.obj (.text)
                  00002d5c    0000007c     PLL.obj (.text)
                  00002dd8    0000007a     rtsv7M4_T_le_v4SPD16_eabi.lib : memset_t2.obj (.text)
                  00002e52    00000002                                   : startup.obj (.text)
                  00002e54    00000070                                   : autoinit.obj (.text)
                  00002ec4    00000068                                   : copy_decompress_lzss.obj (.text:decompress:lzss)
                  00002f2c    00000054                                   : boot.obj (.text)
                  00002f80    00000054                                   : exit.obj (.text)
                  00002fd4    0000004c                                   : cpy_tbl.obj (.text)
                  00003020    00000048                                   : fd_toi_t2.obj (.text)
                  00003068    00000038                                   : fs_tod_t2.obj (.text)
                  000030a0    00000018                                   : args_main.obj (.text)
                  000030b8    00000014                                   : _lock.obj (.text)
                  000030cc    0000000e                                   : copy_decompress_none.obj (.text:decompress:none)
                  000030da    0000000c                                   : copy_zero_init.obj (.text:decompress:ZI)
                  000030e6    0000000c     tm4c1231h6pm_startup_ccs.obj (.text)
                  000030f2    00000004     rtsv7M4_T_le_v4SPD16_eabi.lib : pre_init.obj (.text)

.const     0    000030f8    0000000a     
                  000030f8    00000008     port.obj (.const)
                  00003100    00000002     heap_2.obj (.const)

.cinit     0    00003108    00000050     
                  00003108    00000027     (.cinit..data.load) [load image, compression = lzss]
                  0000312f    00000001     --HOLE-- [fill = 0]
                  00003130    0000000c     (__TI_handler_table)
                  0000313c    00000004     --HOLE-- [fill = 0]
                  00003140    00000008     (.cinit..bss.load) [load image, compression = zero_init]
                  00003148    00000010     (__TI_cinit_table)

.init_array 
*          0    00000000    00000000     UNINITIALIZED

.bss       0    20000000    00004f08     UNINITIALIZED
                  20000000    00004e20     heap_2.obj (.bss:ucHeap)
                  20004e20    00000064     tasks.obj (.bss:pxReadyTasksLists)
                  20004e84    00000014     tasks.obj (.bss:xDelayedTaskList1)
                  20004e98    00000014     tasks.obj (.bss:xDelayedTaskList2)
                  20004eac    00000014     tasks.obj (.bss:xPendingReadyList)
                  20004ec0    00000014     tasks.obj (.bss:xSuspendedTaskList)
                  20004ed4    00000014     tasks.obj (.bss:xTasksWaitingTermination)
                  20004ee8    00000008     tasks.obj (.bss)
                  20004ef0    00000008     heap_2.obj (.bss:xEnd)
                  20004ef8    00000008     heap_2.obj (.bss:xStart)
                  20004f00    00000008     (.common:handles)

.stack     0    20004f08    00000200     UNINITIALIZED
                  20004f08    00000200     --HOLE--

.data      0    20005108    00000068     UNINITIALIZED
                  20005108    00000034     tasks.obj (.data)
                  2000513c    0000000c     rtsv7M4_T_le_v4SPD16_eabi.lib : exit.obj (.data:$O1$$)
                  20005148    0000000c     port.obj (.data)
                  20005154    00000008     rtsv7M4_T_le_v4SPD16_eabi.lib : _lock.obj (.data:$O1$$)
                  2000515c    00000008     heap_2.obj (.data)
                  20005164    00000008     main.obj (.data)
                  2000516c    00000004     rtsv7M4_T_le_v4SPD16_eabi.lib : stkdepth_vars.obj (.data)

MODULE SUMMARY

       Module                         code    ro data   rw data
       ------                         ----    -------   -------
    .\
       heap_2.obj                     460     2         20024  
       tasks.obj                      6628    0         260    
       DIO.obj                        1264    0         0      
       tm4c1231h6pm_startup_ccs.obj   12      620       0      
       main.obj                       556     0         16     
       UART.obj                       532     0         0      
       port.obj                       440     8         12     
       list.obj                       306     0         0      
       portasm.obj                    210     0         0      
       PLL.obj                        124     0         0      
    +--+------------------------------+-------+---------+---------+
       Total:                         10532   630       20312  
                                                               
    C:\ti\ccsv7\tools\compiler\ti-cgt-arm_16.9.4.LTS\lib\rtsv7M4_T_le_v4SPD16_eabi.lib
       fd_add_t2.obj                  438     0         0      
       memcpy_t2.obj                  156     0         0      
       memset_t2.obj                  122     0         0      
       autoinit.obj                   112     0         0      
       copy_decompress_lzss.obj       104     0         0      
       exit.obj                       84      0         12     
       boot.obj                       84      0         0      
       cpy_tbl.obj                    76      0         0      
       fd_toi_t2.obj                  72      0         0      
       fs_tod_t2.obj                  56      0         0      
       _lock.obj                      20      0         8      
       args_main.obj                  24      0         0      
       copy_decompress_none.obj       14      0         0      
       copy_zero_init.obj             12      0         0      
       pre_init.obj                   4       0         0      
       stkdepth_vars.obj              0       0         4      
       mpu_init.obj                   2       0         0      
       startup.obj                    2       0         0      
    +--+------------------------------+-------+---------+---------+
       Total:                         1382    0         24     
                                                               
       Stack:                         0       0         512    
       Linker Generated:              0       75        0      
    +--+------------------------------+-------+---------+---------+
       Grand Total:                   11914   705       20848  


LINKER GENERATED COPY TABLES

__TI_cinit_table @ 00003148 records: 2, size/record: 8, table size: 16
	.data: load addr=00003108, load size=00000027 bytes, run addr=20005108, run size=00000068 bytes, compression=lzss
	.bss: load addr=00003140, load size=00000008 bytes, run addr=20000000, run size=00004f08 bytes, compression=zero_init


LINKER GENERATED HANDLER TABLE

__TI_handler_table @ 00003130 records: 3, size/record: 4, table size: 12
	index: 0, handler: __TI_decompress_lzss
	index: 1, handler: __TI_decompress_none
	index: 2, handler: __TI_zero_init


GLOBAL SYMBOLS: SORTED ALPHABETICALLY BY Name 

address   name                             
-------   ----                             
00002f81  C$$EXIT                          
00002035  DIO_PortDirection                
00001c51  DIO_PortInit                     
00001e6b  DIO_PortRead                     
00001f09  DIO_PortWrite                    
00002d5d  PLL_Set80                        
000030e7  ResetISR                         
UNDEFED   SHT$$INIT_ARRAY$$Base            
UNDEFED   SHT$$INIT_ARRAY$$Limit           
000021cd  TaskState                        
0000236d  UART0_Init                       
000024f1  UART0_ReadChr                    
00002505  UART0_ReadString                 
000024d5  UART0_SendChr                    
0000245b  UART0_SendInt                    
00002437  UART0_SendString                 
20005108  __STACK_END                      
00000200  __STACK_SIZE                     
20005108  __STACK_TOP                      
00003148  __TI_CINIT_Base                  
00003158  __TI_CINIT_Limit                 
00003130  __TI_Handler_Table_Base          
0000313c  __TI_Handler_Table_Limit         
00002e55  __TI_auto_init                   
2000513c  __TI_cleanup_ptr                 
00002ec5  __TI_decompress_lzss             
000030cd  __TI_decompress_none             
20005140  __TI_dtors_ptr                   
20005144  __TI_enable_exit_profile_output  
ffffffff  __TI_pprof_out_hndl              
ffffffff  __TI_prof_data_size              
ffffffff  __TI_prof_data_start             
00000000  __TI_static_base__               
000030db  __TI_zero_init                   
00003021  __aeabi_d2iz                     
0000290f  __aeabi_dadd                     
00002905  __aeabi_dsub                     
00003069  __aeabi_f2d                      
00002dd9  __aeabi_memclr                   
00002dd9  __aeabi_memclr4                  
00002dd9  __aeabi_memclr8                  
00002cbf  __aeabi_memcpy                   
00002cbf  __aeabi_memcpy4                  
00002cbf  __aeabi_memcpy8                  
00002ddb  __aeabi_memset                   
00002ddb  __aeabi_memset4                  
00002ddb  __aeabi_memset8                  
ffffffff  __binit__                        
ffffffff  __c_args__                       
00002d5b  __mpu_init                       
20004f08  __stack                          
000030a1  _args_main                       
00002f2d  _c_int00                         
20005154  _lock                            
000030c7  _nop                             
000030bf  _register_lock                   
000030b9  _register_unlock                 
00002e53  _system_post_cinit               
000030f3  _system_pre_init                 
20005158  _unlock                          
00002f85  abort                            
ffffffff  binit                            
00002141  button                           
00002fd5  copy_in                          
20005168  data                             
000005f1  eTaskGetState                    
00002f8d  exit                             
00000000  g_pfnVectors                     
20004f00  handles                          
0000218f  led                              
00002299  main                             
2000516c  main_func_sp                     
00002cbf  memcpy                           
00002de1  memset                           
00000bc5  pcTaskGetName                    
00002581  pvPortMalloc                     
00001731  pvTaskIncrementMutexHeldCount    
20005108  pxCurrentTCB                     
0000274d  pxPortInitialiseStack            
20005164  speed                            
000030f8  ulMaxSyscallInterruptPriority    
00002bfd  ulPortGetIPSR                    
00001749  ulTaskNotifyTake                 
00002ba5  uxListRemove                     
00000bbf  uxTaskGetNumberOfTasks           
00001519  uxTaskGetStackHighWaterMark      
00000d49  uxTaskGetSystemState             
00001281  uxTaskGetTaskNumber              
00000681  uxTaskPriorityGet                
000006b1  uxTaskPriorityGetFromISR         
0000170b  uxTaskResetEventItemValue        
00002abb  vListInitialise                  
00002aeb  vListInitialiseItem              
00002b37  vListInsert                      
00002afb  vListInsertEnd                   
00002cb1  vPortEnableVFP                   
0000284b  vPortEndScheduler                
0000284d  vPortEnterCritical               
0000286d  vPortExitCritical                
00002687  vPortFree                        
000026ef  vPortInitialiseBlocks            
00002c75  vPortSVCHandler                  
000028a9  vPortSetupTimerInterrupt         
00002c95  vPortStartFirstTask              
000028b7  vPortValidateInterruptPriority   
000005b3  vTaskDelay                       
00000505  vTaskDelayUntil                  
00000475  vTaskDelete                      
00000a61  vTaskEndScheduler                
00001395  vTaskGetInfo                     
00001279  vTaskMissedYield                 
00001a95  vTaskNotifyGiveFromISR           
0000104f  vTaskPlaceOnEventList            
0000106f  vTaskPlaceOnUnorderedEventList   
000015ed  vTaskPriorityInherit             
00000705  vTaskPrioritySet                 
000008f1  vTaskResume                      
000012a1  vTaskSetTaskNumber               
000011b9  vTaskSetTimeOutState             
00000a11  vTaskStartScheduler              
0000080d  vTaskSuspend                     
00000a7d  vTaskSuspendAll                  
00000fc9  vTaskSwitchContext               
000026e9  xPortGetFreeHeapSize             
00002c15  xPortPendSVHandler               
000027b7  xPortStartScheduler              
00002883  xPortSysTickHandler              
00000e2d  xTaskAbortDelay                  
000011d3  xTaskCheckForTimeOut             
0000026d  xTaskCreate                      
0000188d  xTaskGenericNotify               
0000197d  xTaskGenericNotifyFromISR        
0000158f  xTaskGetCurrentTaskHandle        
00000cc1  xTaskGetHandle                   
00000e21  xTaskGetIdleTaskHandle           
000015bd  xTaskGetSchedulerState           
00000b79  xTaskGetTickCount                
00000b91  xTaskGetTickCountFromISR         
00000eb5  xTaskIncrementTick               
00001b4b  xTaskNotifyStateClear            
000017d1  xTaskNotifyWait                  
0000168b  xTaskPriorityDisinherit          
000010a5  xTaskRemoveFromEventList         
00001135  xTaskRemoveFromUnorderedEventList
00000a91  xTaskResumeAll                   
00000977  xTaskResumeFromISR               


GLOBAL SYMBOLS: SORTED BY Symbol Address 

address   name                             
-------   ----                             
00000000  __TI_static_base__               
00000000  g_pfnVectors                     
00000200  __STACK_SIZE                     
0000026d  xTaskCreate                      
00000475  vTaskDelete                      
00000505  vTaskDelayUntil                  
000005b3  vTaskDelay                       
000005f1  eTaskGetState                    
00000681  uxTaskPriorityGet                
000006b1  uxTaskPriorityGetFromISR         
00000705  vTaskPrioritySet                 
0000080d  vTaskSuspend                     
000008f1  vTaskResume                      
00000977  xTaskResumeFromISR               
00000a11  vTaskStartScheduler              
00000a61  vTaskEndScheduler                
00000a7d  vTaskSuspendAll                  
00000a91  xTaskResumeAll                   
00000b79  xTaskGetTickCount                
00000b91  xTaskGetTickCountFromISR         
00000bbf  uxTaskGetNumberOfTasks           
00000bc5  pcTaskGetName                    
00000cc1  xTaskGetHandle                   
00000d49  uxTaskGetSystemState             
00000e21  xTaskGetIdleTaskHandle           
00000e2d  xTaskAbortDelay                  
00000eb5  xTaskIncrementTick               
00000fc9  vTaskSwitchContext               
0000104f  vTaskPlaceOnEventList            
0000106f  vTaskPlaceOnUnorderedEventList   
000010a5  xTaskRemoveFromEventList         
00001135  xTaskRemoveFromUnorderedEventList
000011b9  vTaskSetTimeOutState             
000011d3  xTaskCheckForTimeOut             
00001279  vTaskMissedYield                 
00001281  uxTaskGetTaskNumber              
000012a1  vTaskSetTaskNumber               
00001395  vTaskGetInfo                     
00001519  uxTaskGetStackHighWaterMark      
0000158f  xTaskGetCurrentTaskHandle        
000015bd  xTaskGetSchedulerState           
000015ed  vTaskPriorityInherit             
0000168b  xTaskPriorityDisinherit          
0000170b  uxTaskResetEventItemValue        
00001731  pvTaskIncrementMutexHeldCount    
00001749  ulTaskNotifyTake                 
000017d1  xTaskNotifyWait                  
0000188d  xTaskGenericNotify               
0000197d  xTaskGenericNotifyFromISR        
00001a95  vTaskNotifyGiveFromISR           
00001b4b  xTaskNotifyStateClear            
00001c51  DIO_PortInit                     
00001e6b  DIO_PortRead                     
00001f09  DIO_PortWrite                    
00002035  DIO_PortDirection                
00002141  button                           
0000218f  led                              
000021cd  TaskState                        
00002299  main                             
0000236d  UART0_Init                       
00002437  UART0_SendString                 
0000245b  UART0_SendInt                    
000024d5  UART0_SendChr                    
000024f1  UART0_ReadChr                    
00002505  UART0_ReadString                 
00002581  pvPortMalloc                     
00002687  vPortFree                        
000026e9  xPortGetFreeHeapSize             
000026ef  vPortInitialiseBlocks            
0000274d  pxPortInitialiseStack            
000027b7  xPortStartScheduler              
0000284b  vPortEndScheduler                
0000284d  vPortEnterCritical               
0000286d  vPortExitCritical                
00002883  xPortSysTickHandler              
000028a9  vPortSetupTimerInterrupt         
000028b7  vPortValidateInterruptPriority   
00002905  __aeabi_dsub                     
0000290f  __aeabi_dadd                     
00002abb  vListInitialise                  
00002aeb  vListInitialiseItem              
00002afb  vListInsertEnd                   
00002b37  vListInsert                      
00002ba5  uxListRemove                     
00002bfd  ulPortGetIPSR                    
00002c15  xPortPendSVHandler               
00002c75  vPortSVCHandler                  
00002c95  vPortStartFirstTask              
00002cb1  vPortEnableVFP                   
00002cbf  __aeabi_memcpy                   
00002cbf  __aeabi_memcpy4                  
00002cbf  __aeabi_memcpy8                  
00002cbf  memcpy                           
00002d5b  __mpu_init                       
00002d5d  PLL_Set80                        
00002dd9  __aeabi_memclr                   
00002dd9  __aeabi_memclr4                  
00002dd9  __aeabi_memclr8                  
00002ddb  __aeabi_memset                   
00002ddb  __aeabi_memset4                  
00002ddb  __aeabi_memset8                  
00002de1  memset                           
00002e53  _system_post_cinit               
00002e55  __TI_auto_init                   
00002ec5  __TI_decompress_lzss             
00002f2d  _c_int00                         
00002f81  C$$EXIT                          
00002f85  abort                            
00002f8d  exit                             
00002fd5  copy_in                          
00003021  __aeabi_d2iz                     
00003069  __aeabi_f2d                      
000030a1  _args_main                       
000030b9  _register_unlock                 
000030bf  _register_lock                   
000030c7  _nop                             
000030cd  __TI_decompress_none             
000030db  __TI_zero_init                   
000030e7  ResetISR                         
000030f3  _system_pre_init                 
000030f8  ulMaxSyscallInterruptPriority    
00003130  __TI_Handler_Table_Base          
0000313c  __TI_Handler_Table_Limit         
00003148  __TI_CINIT_Base                  
00003158  __TI_CINIT_Limit                 
20004f00  handles                          
20004f08  __stack                          
20005108  __STACK_END                      
20005108  __STACK_TOP                      
20005108  pxCurrentTCB                     
2000513c  __TI_cleanup_ptr                 
20005140  __TI_dtors_ptr                   
20005144  __TI_enable_exit_profile_output  
20005154  _lock                            
20005158  _unlock                          
20005164  speed                            
20005168  data                             
2000516c  main_func_sp                     
ffffffff  __TI_pprof_out_hndl              
ffffffff  __TI_prof_data_size              
ffffffff  __TI_prof_data_start             
ffffffff  __binit__                        
ffffffff  __c_args__                       
ffffffff  binit                            
UNDEFED   SHT$$INIT_ARRAY$$Base            
UNDEFED   SHT$$INIT_ARRAY$$Limit           

[146 symbols]
